<?xml version="1.0"?>
<link_info>
   <banner>TI ARM Linker PC v15.12.3.LTS</banner>
   <copyright>Copyright (c) 1996-2015 Texas Instruments Incorporated</copyright>
   <link_time>0x5895a4be</link_time>
   <link_errors>0x0</link_errors>
   <output_file>domotica_mqtt_client_1.2.0.out</output_file>
   <entry_point>
      <name>_c_int00</name>
      <address>0x20013e49</address>
   </entry_point>
   <input_file_list>
      <input_file id="fl-2">
         <path>.\</path>
         <kind>object</kind>
         <file>button_if.obj</file>
         <name>button_if.obj</name>
      </input_file>
      <input_file id="fl-3">
         <path>.\</path>
         <kind>object</kind>
         <file>gpio_if.obj</file>
         <name>gpio_if.obj</name>
      </input_file>
      <input_file id="fl-4">
         <path>.\</path>
         <kind>object</kind>
         <file>main.obj</file>
         <name>main.obj</name>
      </input_file>
      <input_file id="fl-5">
         <path>.\</path>
         <kind>object</kind>
         <file>network_common.obj</file>
         <name>network_common.obj</name>
      </input_file>
      <input_file id="fl-6">
         <path>.\</path>
         <kind>object</kind>
         <file>network_if.obj</file>
         <name>network_if.obj</name>
      </input_file>
      <input_file id="fl-7">
         <path>.\</path>
         <kind>object</kind>
         <file>pinmux.obj</file>
         <name>pinmux.obj</name>
      </input_file>
      <input_file id="fl-8">
         <path>.\</path>
         <kind>object</kind>
         <file>startup_ccs.obj</file>
         <name>startup_ccs.obj</name>
      </input_file>
      <input_file id="fl-9">
         <path>.\</path>
         <kind>object</kind>
         <file>timer_if.obj</file>
         <name>timer_if.obj</name>
      </input_file>
      <input_file id="fl-a">
         <path>.\</path>
         <kind>object</kind>
         <file>uart_if.obj</file>
         <name>uart_if.obj</name>
      </input_file>
      <input_file id="fl-b">
         <path>.\Source\HelperClasses\</path>
         <kind>object</kind>
         <file>ini.obj</file>
         <name>ini.obj</name>
      </input_file>
      <input_file id="fl-c9">
         <path>C:\ti\ccsv6\tools\compiler\arm_15.12.3.LTS\lib\</path>
         <kind>archive</kind>
         <file>rtsv7M4_T_le_eabi.lib</file>
         <name>boot.obj</name>
      </input_file>
      <input_file id="fl-ca">
         <path>C:\ti\ccsv6\tools\compiler\arm_15.12.3.LTS\lib\</path>
         <kind>archive</kind>
         <file>rtsv7M4_T_le_eabi.lib</file>
         <name>copy_decompress_none.obj</name>
      </input_file>
      <input_file id="fl-cb">
         <path>C:\ti\ccsv6\tools\compiler\arm_15.12.3.LTS\lib\</path>
         <kind>archive</kind>
         <file>rtsv7M4_T_le_eabi.lib</file>
         <name>copy_decompress_rle.obj</name>
      </input_file>
      <input_file id="fl-cc">
         <path>C:\ti\ccsv6\tools\compiler\arm_15.12.3.LTS\lib\</path>
         <kind>archive</kind>
         <file>rtsv7M4_T_le_eabi.lib</file>
         <name>copy_zero_init.obj</name>
      </input_file>
      <input_file id="fl-cd">
         <path>C:\ti\ccsv6\tools\compiler\arm_15.12.3.LTS\lib\</path>
         <kind>archive</kind>
         <file>rtsv7M4_T_le_eabi.lib</file>
         <name>exit.obj</name>
      </input_file>
      <input_file id="fl-ce">
         <path>C:\ti\ccsv6\tools\compiler\arm_15.12.3.LTS\lib\</path>
         <kind>archive</kind>
         <file>rtsv7M4_T_le_eabi.lib</file>
         <name>fclose.obj</name>
      </input_file>
      <input_file id="fl-cf">
         <path>C:\ti\ccsv6\tools\compiler\arm_15.12.3.LTS\lib\</path>
         <kind>archive</kind>
         <file>rtsv7M4_T_le_eabi.lib</file>
         <name>fflush.obj</name>
      </input_file>
      <input_file id="fl-d0">
         <path>C:\ti\ccsv6\tools\compiler\arm_15.12.3.LTS\lib\</path>
         <kind>archive</kind>
         <file>rtsv7M4_T_le_eabi.lib</file>
         <name>fgets.obj</name>
      </input_file>
      <input_file id="fl-d1">
         <path>C:\ti\ccsv6\tools\compiler\arm_15.12.3.LTS\lib\</path>
         <kind>archive</kind>
         <file>rtsv7M4_T_le_eabi.lib</file>
         <name>fopen.obj</name>
      </input_file>
      <input_file id="fl-d2">
         <path>C:\ti\ccsv6\tools\compiler\arm_15.12.3.LTS\lib\</path>
         <kind>archive</kind>
         <file>rtsv7M4_T_le_eabi.lib</file>
         <name>isspace.obj</name>
      </input_file>
      <input_file id="fl-d3">
         <path>C:\ti\ccsv6\tools\compiler\arm_15.12.3.LTS\lib\</path>
         <kind>archive</kind>
         <file>rtsv7M4_T_le_eabi.lib</file>
         <name>lowlev.obj</name>
      </input_file>
      <input_file id="fl-d4">
         <path>C:\ti\ccsv6\tools\compiler\arm_15.12.3.LTS\lib\</path>
         <kind>archive</kind>
         <file>rtsv7M4_T_le_eabi.lib</file>
         <name>memchr.obj</name>
      </input_file>
      <input_file id="fl-d5">
         <path>C:\ti\ccsv6\tools\compiler\arm_15.12.3.LTS\lib\</path>
         <kind>archive</kind>
         <file>rtsv7M4_T_le_eabi.lib</file>
         <name>memcpy_t2.obj</name>
      </input_file>
      <input_file id="fl-d6">
         <path>C:\ti\ccsv6\tools\compiler\arm_15.12.3.LTS\lib\</path>
         <kind>archive</kind>
         <file>rtsv7M4_T_le_eabi.lib</file>
         <name>memmov.obj</name>
      </input_file>
      <input_file id="fl-d7">
         <path>C:\ti\ccsv6\tools\compiler\arm_15.12.3.LTS\lib\</path>
         <kind>archive</kind>
         <file>rtsv7M4_T_le_eabi.lib</file>
         <name>memory.obj</name>
      </input_file>
      <input_file id="fl-d8">
         <path>C:\ti\ccsv6\tools\compiler\arm_15.12.3.LTS\lib\</path>
         <kind>archive</kind>
         <file>rtsv7M4_T_le_eabi.lib</file>
         <name>memset_t2.obj</name>
      </input_file>
      <input_file id="fl-d9">
         <path>C:\ti\ccsv6\tools\compiler\arm_15.12.3.LTS\lib\</path>
         <kind>archive</kind>
         <file>rtsv7M4_T_le_eabi.lib</file>
         <name>mpu_init.obj</name>
      </input_file>
      <input_file id="fl-da">
         <path>C:\ti\ccsv6\tools\compiler\arm_15.12.3.LTS\lib\</path>
         <kind>archive</kind>
         <file>rtsv7M4_T_le_eabi.lib</file>
         <name>pre_init.obj</name>
      </input_file>
      <input_file id="fl-db">
         <path>C:\ti\ccsv6\tools\compiler\arm_15.12.3.LTS\lib\</path>
         <kind>archive</kind>
         <file>rtsv7M4_T_le_eabi.lib</file>
         <name>remove.obj</name>
      </input_file>
      <input_file id="fl-dc">
         <path>C:\ti\ccsv6\tools\compiler\arm_15.12.3.LTS\lib\</path>
         <kind>archive</kind>
         <file>rtsv7M4_T_le_eabi.lib</file>
         <name>stkdepth_vars.obj</name>
      </input_file>
      <input_file id="fl-dd">
         <path>C:\ti\ccsv6\tools\compiler\arm_15.12.3.LTS\lib\</path>
         <kind>archive</kind>
         <file>rtsv7M4_T_le_eabi.lib</file>
         <name>strchr.obj</name>
      </input_file>
      <input_file id="fl-de">
         <path>C:\ti\ccsv6\tools\compiler\arm_15.12.3.LTS\lib\</path>
         <kind>archive</kind>
         <file>rtsv7M4_T_le_eabi.lib</file>
         <name>strcmp.obj</name>
      </input_file>
      <input_file id="fl-df">
         <path>C:\ti\ccsv6\tools\compiler\arm_15.12.3.LTS\lib\</path>
         <kind>archive</kind>
         <file>rtsv7M4_T_le_eabi.lib</file>
         <name>strlen.obj</name>
      </input_file>
      <input_file id="fl-e0">
         <path>C:\ti\ccsv6\tools\compiler\arm_15.12.3.LTS\lib\</path>
         <kind>archive</kind>
         <file>rtsv7M4_T_le_eabi.lib</file>
         <name>strncmp.obj</name>
      </input_file>
      <input_file id="fl-e1">
         <path>C:\ti\ccsv6\tools\compiler\arm_15.12.3.LTS\lib\</path>
         <kind>archive</kind>
         <file>rtsv7M4_T_le_eabi.lib</file>
         <name>strncpy.obj</name>
      </input_file>
      <input_file id="fl-e2">
         <path>C:\ti\ccsv6\tools\compiler\arm_15.12.3.LTS\lib\</path>
         <kind>archive</kind>
         <file>rtsv7M4_T_le_eabi.lib</file>
         <name>trgdrv.obj</name>
      </input_file>
      <input_file id="fl-e3">
         <path>C:\ti\ccsv6\tools\compiler\arm_15.12.3.LTS\lib\</path>
         <kind>archive</kind>
         <file>rtsv7M4_T_le_eabi.lib</file>
         <name>trgmsg.obj</name>
      </input_file>
      <input_file id="fl-e4">
         <path>C:\ti\ccsv6\tools\compiler\arm_15.12.3.LTS\lib\</path>
         <kind>archive</kind>
         <file>rtsv7M4_T_le_eabi.lib</file>
         <name>vsnprintf.obj</name>
      </input_file>
      <input_file id="fl-e5">
         <path>C:\ti\ccsv6\tools\compiler\arm_15.12.3.LTS\lib\</path>
         <kind>archive</kind>
         <file>rtsv7M4_T_le_eabi.lib</file>
         <name>_bufread.obj</name>
      </input_file>
      <input_file id="fl-e6">
         <path>C:\ti\ccsv6\tools\compiler\arm_15.12.3.LTS\lib\</path>
         <kind>archive</kind>
         <file>rtsv7M4_T_le_eabi.lib</file>
         <name>_io_perm.obj</name>
      </input_file>
      <input_file id="fl-e7">
         <path>C:\ti\ccsv6\tools\compiler\arm_15.12.3.LTS\lib\</path>
         <kind>archive</kind>
         <file>rtsv7M4_T_le_eabi.lib</file>
         <name>_lock.obj</name>
      </input_file>
      <input_file id="fl-e8">
         <path>C:\ti\ccsv6\tools\compiler\arm_15.12.3.LTS\lib\</path>
         <kind>archive</kind>
         <file>rtsv7M4_T_le_eabi.lib</file>
         <name>_printfi.obj</name>
      </input_file>
      <input_file id="fl-e9">
         <path>C:\ti\ccsv6\tools\compiler\arm_15.12.3.LTS\lib\</path>
         <kind>archive</kind>
         <file>rtsv7M4_T_le_eabi.lib</file>
         <name>args_main.obj</name>
      </input_file>
      <input_file id="fl-ea">
         <path>C:\ti\ccsv6\tools\compiler\arm_15.12.3.LTS\lib\</path>
         <kind>archive</kind>
         <file>rtsv7M4_T_le_eabi.lib</file>
         <name>atoi.obj</name>
      </input_file>
      <input_file id="fl-eb">
         <path>C:\ti\ccsv6\tools\compiler\arm_15.12.3.LTS\lib\</path>
         <kind>archive</kind>
         <file>rtsv7M4_T_le_eabi.lib</file>
         <name>autoinit.obj</name>
      </input_file>
      <input_file id="fl-ec">
         <path>C:\ti\ccsv6\tools\compiler\arm_15.12.3.LTS\lib\</path>
         <kind>archive</kind>
         <file>rtsv7M4_T_le_eabi.lib</file>
         <name>cpy_tbl.obj</name>
      </input_file>
      <input_file id="fl-ed">
         <path>C:\ti\ccsv6\tools\compiler\arm_15.12.3.LTS\lib\</path>
         <kind>archive</kind>
         <file>rtsv7M4_T_le_eabi.lib</file>
         <name>ctype.obj</name>
      </input_file>
      <input_file id="fl-ee">
         <path>C:\ti\ccsv6\tools\compiler\arm_15.12.3.LTS\lib\</path>
         <kind>archive</kind>
         <file>rtsv7M4_T_le_eabi.lib</file>
         <name>defs.obj</name>
      </input_file>
      <input_file id="fl-ef">
         <path>C:\ti\ccsv6\tools\compiler\arm_15.12.3.LTS\lib\</path>
         <kind>archive</kind>
         <file>rtsv7M4_T_le_eabi.lib</file>
         <name>fd_add_t2.obj</name>
      </input_file>
      <input_file id="fl-f0">
         <path>C:\ti\ccsv6\tools\compiler\arm_15.12.3.LTS\lib\</path>
         <kind>archive</kind>
         <file>rtsv7M4_T_le_eabi.lib</file>
         <name>fd_cmp_t2.obj</name>
      </input_file>
      <input_file id="fl-f1">
         <path>C:\ti\ccsv6\tools\compiler\arm_15.12.3.LTS\lib\</path>
         <kind>archive</kind>
         <file>rtsv7M4_T_le_eabi.lib</file>
         <name>fd_div_t2.obj</name>
      </input_file>
      <input_file id="fl-f2">
         <path>C:\ti\ccsv6\tools\compiler\arm_15.12.3.LTS\lib\</path>
         <kind>archive</kind>
         <file>rtsv7M4_T_le_eabi.lib</file>
         <name>fd_mul_t2.obj</name>
      </input_file>
      <input_file id="fl-f3">
         <path>C:\ti\ccsv6\tools\compiler\arm_15.12.3.LTS\lib\</path>
         <kind>archive</kind>
         <file>rtsv7M4_T_le_eabi.lib</file>
         <name>fd_toi_t2.obj</name>
      </input_file>
      <input_file id="fl-f4">
         <path>C:\ti\ccsv6\tools\compiler\arm_15.12.3.LTS\lib\</path>
         <kind>archive</kind>
         <file>rtsv7M4_T_le_eabi.lib</file>
         <name>fseek.obj</name>
      </input_file>
      <input_file id="fl-f5">
         <path>C:\ti\ccsv6\tools\compiler\arm_15.12.3.LTS\lib\</path>
         <kind>archive</kind>
         <file>rtsv7M4_T_le_eabi.lib</file>
         <name>i_tofd_t2.obj</name>
      </input_file>
      <input_file id="fl-f6">
         <path>C:\ti\ccsv6\tools\compiler\arm_15.12.3.LTS\lib\</path>
         <kind>archive</kind>
         <file>rtsv7M4_T_le_eabi.lib</file>
         <name>ltoa.obj</name>
      </input_file>
      <input_file id="fl-f7">
         <path>C:\ti\ccsv6\tools\compiler\arm_15.12.3.LTS\lib\</path>
         <kind>archive</kind>
         <file>rtsv7M4_T_le_eabi.lib</file>
         <name>memccpy.obj</name>
      </input_file>
      <input_file id="fl-f8">
         <path>C:\ti\ccsv6\tools\compiler\arm_15.12.3.LTS\lib\</path>
         <kind>archive</kind>
         <file>rtsv7M4_T_le_eabi.lib</file>
         <name>s_frexp.obj</name>
      </input_file>
      <input_file id="fl-f9">
         <path>C:\ti\ccsv6\tools\compiler\arm_15.12.3.LTS\lib\</path>
         <kind>archive</kind>
         <file>rtsv7M4_T_le_eabi.lib</file>
         <name>s_scalbn.obj</name>
      </input_file>
      <input_file id="fl-fa">
         <path>C:\ti\ccsv6\tools\compiler\arm_15.12.3.LTS\lib\</path>
         <kind>archive</kind>
         <file>rtsv7M4_T_le_eabi.lib</file>
         <name>setvbuf.obj</name>
      </input_file>
      <input_file id="fl-fb">
         <path>C:\ti\ccsv6\tools\compiler\arm_15.12.3.LTS\lib\</path>
         <kind>archive</kind>
         <file>rtsv7M4_T_le_eabi.lib</file>
         <name>startup.obj</name>
      </input_file>
      <input_file id="fl-fc">
         <path>C:\ti\ccsv6\tools\compiler\arm_15.12.3.LTS\lib\</path>
         <kind>archive</kind>
         <file>rtsv7M4_T_le_eabi.lib</file>
         <name>strcpy.obj</name>
      </input_file>
      <input_file id="fl-fd">
         <path>C:\ti\ccsv6\tools\compiler\arm_15.12.3.LTS\lib\</path>
         <kind>archive</kind>
         <file>rtsv7M4_T_le_eabi.lib</file>
         <name>ull_div_t2.obj</name>
      </input_file>
      <input_file id="fl-fe">
         <path>C:\ti\ccsv6\tools\compiler\arm_15.12.3.LTS\lib\</path>
         <kind>archive</kind>
         <file>rtsv7M4_T_le_eabi.lib</file>
         <name>errno.obj</name>
      </input_file>
      <input_file id="fl-ff">
         <path>C:\ti\ccsv6\tools\compiler\arm_15.12.3.LTS\lib\</path>
         <kind>archive</kind>
         <file>rtsv7M4_T_le_eabi.lib</file>
         <name>s_copysign.obj</name>
      </input_file>
      <input_file id="fl-100">
         <path>C:\ti\CC3200SDK_1.2.0\cc3200-sdk\oslib\ccs\free_rtos\</path>
         <kind>archive</kind>
         <file>free_rtos.a</file>
         <name>osi_freertos.obj</name>
      </input_file>
      <input_file id="fl-101">
         <path>C:\ti\CC3200SDK_1.2.0\cc3200-sdk\oslib\ccs\free_rtos\</path>
         <kind>archive</kind>
         <file>free_rtos.a</file>
         <name>port.obj</name>
      </input_file>
      <input_file id="fl-102">
         <path>C:\ti\CC3200SDK_1.2.0\cc3200-sdk\oslib\ccs\free_rtos\</path>
         <kind>archive</kind>
         <file>free_rtos.a</file>
         <name>portasm.obj</name>
      </input_file>
      <input_file id="fl-103">
         <path>C:\ti\CC3200SDK_1.2.0\cc3200-sdk\oslib\ccs\free_rtos\</path>
         <kind>archive</kind>
         <file>free_rtos.a</file>
         <name>queue.obj</name>
      </input_file>
      <input_file id="fl-104">
         <path>C:\ti\CC3200SDK_1.2.0\cc3200-sdk\oslib\ccs\free_rtos\</path>
         <kind>archive</kind>
         <file>free_rtos.a</file>
         <name>tasks.obj</name>
      </input_file>
      <input_file id="fl-105">
         <path>C:\ti\CC3200SDK_1.2.0\cc3200-sdk\oslib\ccs\free_rtos\</path>
         <kind>archive</kind>
         <file>free_rtos.a</file>
         <name>heap_3.obj</name>
      </input_file>
      <input_file id="fl-106">
         <path>C:\ti\CC3200SDK_1.2.0\cc3200-sdk\oslib\ccs\free_rtos\</path>
         <kind>archive</kind>
         <file>free_rtos.a</file>
         <name>list.obj</name>
      </input_file>
      <input_file id="fl-107">
         <path>C:\ti\CC3200SDK_1.2.0\cc3200-sdk\simplelink\ccs\OS\</path>
         <kind>archive</kind>
         <file>simplelink.a</file>
         <name>device.obj</name>
      </input_file>
      <input_file id="fl-108">
         <path>C:\ti\CC3200SDK_1.2.0\cc3200-sdk\simplelink\ccs\OS\</path>
         <kind>archive</kind>
         <file>simplelink.a</file>
         <name>driver.obj</name>
      </input_file>
      <input_file id="fl-109">
         <path>C:\ti\CC3200SDK_1.2.0\cc3200-sdk\simplelink\ccs\OS\</path>
         <kind>archive</kind>
         <file>simplelink.a</file>
         <name>netapp.obj</name>
      </input_file>
      <input_file id="fl-10a">
         <path>C:\ti\CC3200SDK_1.2.0\cc3200-sdk\simplelink\ccs\OS\</path>
         <kind>archive</kind>
         <file>simplelink.a</file>
         <name>netcfg.obj</name>
      </input_file>
      <input_file id="fl-10b">
         <path>C:\ti\CC3200SDK_1.2.0\cc3200-sdk\simplelink\ccs\OS\</path>
         <kind>archive</kind>
         <file>simplelink.a</file>
         <name>socket.obj</name>
      </input_file>
      <input_file id="fl-10c">
         <path>C:\ti\CC3200SDK_1.2.0\cc3200-sdk\simplelink\ccs\OS\</path>
         <kind>archive</kind>
         <file>simplelink.a</file>
         <name>wlan.obj</name>
      </input_file>
      <input_file id="fl-10d">
         <path>C:\ti\CC3200SDK_1.2.0\cc3200-sdk\simplelink\ccs\OS\</path>
         <kind>archive</kind>
         <file>simplelink.a</file>
         <name>cc_pal.obj</name>
      </input_file>
      <input_file id="fl-10e">
         <path>C:\ti\CC3200SDK_1.2.0\cc3200-sdk\netapps\mqtt\ccs\client\</path>
         <kind>archive</kind>
         <file>mqtt.a</file>
         <name>sl_mqtt_client.obj</name>
      </input_file>
      <input_file id="fl-10f">
         <path>C:\ti\CC3200SDK_1.2.0\cc3200-sdk\netapps\mqtt\ccs\client\</path>
         <kind>archive</kind>
         <file>mqtt.a</file>
         <name>cc31xx_sl_net.obj</name>
      </input_file>
      <input_file id="fl-110">
         <path>C:\ti\CC3200SDK_1.2.0\cc3200-sdk\netapps\mqtt\ccs\client\</path>
         <kind>archive</kind>
         <file>mqtt.a</file>
         <name>cc3200_platform.obj</name>
      </input_file>
      <input_file id="fl-111">
         <path>C:\ti\CC3200SDK_1.2.0\cc3200-sdk\netapps\mqtt\ccs\client\</path>
         <kind>archive</kind>
         <file>mqtt.a</file>
         <name>mqtt_client.obj</name>
      </input_file>
      <input_file id="fl-112">
         <path>C:\ti\CC3200SDK_1.2.0\cc3200-sdk\netapps\mqtt\ccs\client\</path>
         <kind>archive</kind>
         <file>mqtt.a</file>
         <name>mqtt_common.obj</name>
      </input_file>
      <input_file id="fl-113">
         <path>C:\ti\CC3200SDK_1.2.0\cc3200-sdk\driverlib\ccs\Release\</path>
         <kind>archive</kind>
         <file>driverlib.a</file>
         <name>gpio.obj</name>
      </input_file>
      <input_file id="fl-114">
         <path>C:\ti\CC3200SDK_1.2.0\cc3200-sdk\driverlib\ccs\Release\</path>
         <kind>archive</kind>
         <file>driverlib.a</file>
         <name>interrupt.obj</name>
      </input_file>
      <input_file id="fl-115">
         <path>C:\ti\CC3200SDK_1.2.0\cc3200-sdk\driverlib\ccs\Release\</path>
         <kind>archive</kind>
         <file>driverlib.a</file>
         <name>pin.obj</name>
      </input_file>
      <input_file id="fl-116">
         <path>C:\ti\CC3200SDK_1.2.0\cc3200-sdk\driverlib\ccs\Release\</path>
         <kind>archive</kind>
         <file>driverlib.a</file>
         <name>prcm.obj</name>
      </input_file>
      <input_file id="fl-117">
         <path>C:\ti\CC3200SDK_1.2.0\cc3200-sdk\driverlib\ccs\Release\</path>
         <kind>archive</kind>
         <file>driverlib.a</file>
         <name>spi.obj</name>
      </input_file>
      <input_file id="fl-118">
         <path>C:\ti\CC3200SDK_1.2.0\cc3200-sdk\driverlib\ccs\Release\</path>
         <kind>archive</kind>
         <file>driverlib.a</file>
         <name>timer.obj</name>
      </input_file>
      <input_file id="fl-119">
         <path>C:\ti\CC3200SDK_1.2.0\cc3200-sdk\driverlib\ccs\Release\</path>
         <kind>archive</kind>
         <file>driverlib.a</file>
         <name>uart.obj</name>
      </input_file>
      <input_file id="fl-11a">
         <path>C:\ti\CC3200SDK_1.2.0\cc3200-sdk\driverlib\ccs\Release\</path>
         <kind>archive</kind>
         <file>driverlib.a</file>
         <name>udma.obj</name>
      </input_file>
      <input_file id="fl-11b">
         <path>C:\ti\CC3200SDK_1.2.0\cc3200-sdk\driverlib\ccs\Release\</path>
         <kind>archive</kind>
         <file>driverlib.a</file>
         <name>utils.obj</name>
      </input_file>
      <input_file id="fl-11c">
         <path>C:\ti\CC3200SDK_1.2.0\cc3200-sdk\driverlib\ccs\Release\</path>
         <kind>archive</kind>
         <file>driverlib.a</file>
         <name>cpu.obj</name>
      </input_file>
      <input_file id="fl-11d">
         <path>C:\ti\CC3200SDK_1.2.0\cc3200-sdk\driverlib\ccs\Release\</path>
         <kind>archive</kind>
         <file>driverlib.a</file>
         <name>flash.obj</name>
      </input_file>
      <input_file id="fl-11e">
         <path>C:\ti\ccsv6\tools\compiler\arm_15.12.3.LTS\lib\</path>
         <kind>archive</kind>
         <file>rtsv7M4_T_le_eabi.lib</file>
         <name>strtok.obj</name>
      </input_file>
      <input_file id="fl-11f">
         <path>C:\ti\ccsv6\tools\compiler\arm_15.12.3.LTS\lib\</path>
         <kind>archive</kind>
         <file>rtsv7M4_T_le_eabi.lib</file>
         <name>strcspn.obj</name>
      </input_file>
      <input_file id="fl-120">
         <path>C:\ti\ccsv6\tools\compiler\arm_15.12.3.LTS\lib\</path>
         <kind>archive</kind>
         <file>rtsv7M4_T_le_eabi.lib</file>
         <name>strspn.obj</name>
      </input_file>
   </input_file_list>
   <object_component_list>
      <object_component id="oc-f">
         <name>.intvecs</name>
         <load_address>0x20004000</load_address>
         <run_address>0x20004000</run_address>
         <size>0x400</size>
         <input_file_ref idref="fl-8"/>
      </object_component>
      <object_component id="oc-3d8">
         <name>.text</name>
         <load_address>0x20004400</load_address>
         <run_address>0x20004400</run_address>
         <size>0x25cc</size>
         <input_file_ref idref="fl-111"/>
      </object_component>
      <object_component id="oc-ff">
         <name>.text</name>
         <load_address>0x200069cc</load_address>
         <run_address>0x200069cc</run_address>
         <size>0x12e0</size>
         <input_file_ref idref="fl-6"/>
      </object_component>
      <object_component id="oc-8d">
         <name>.text</name>
         <load_address>0x20007cac</load_address>
         <run_address>0x20007cac</run_address>
         <size>0x125c</size>
         <input_file_ref idref="fl-104"/>
      </object_component>
      <object_component id="oc-4f0">
         <name>.text</name>
         <load_address>0x20008f08</load_address>
         <run_address>0x20008f08</run_address>
         <size>0x10fc</size>
         <input_file_ref idref="fl-e8"/>
      </object_component>
      <object_component id="oc-d0">
         <name>.text</name>
         <load_address>0x2000a004</load_address>
         <run_address>0x2000a004</run_address>
         <size>0xc18</size>
         <input_file_ref idref="fl-4"/>
      </object_component>
      <object_component id="oc-2e2">
         <name>.text</name>
         <load_address>0x2000ac1c</load_address>
         <run_address>0x2000ac1c</run_address>
         <size>0xb24</size>
         <input_file_ref idref="fl-103"/>
      </object_component>
      <object_component id="oc-198">
         <name>.text</name>
         <load_address>0x2000b740</load_address>
         <run_address>0x2000b740</run_address>
         <size>0xa68</size>
         <input_file_ref idref="fl-10e"/>
      </object_component>
      <object_component id="oc-57b">
         <name>.text</name>
         <load_address>0x2000c1a8</load_address>
         <run_address>0x2000c1a8</run_address>
         <size>0xa0c</size>
         <input_file_ref idref="fl-112"/>
      </object_component>
      <object_component id="oc-59d">
         <name>.text</name>
         <load_address>0x2000cbb4</load_address>
         <run_address>0x2000cbb4</run_address>
         <size>0x6d0</size>
         <input_file_ref idref="fl-10f"/>
      </object_component>
      <object_component id="oc-6e6">
         <name>.text:_SlDrvMsgRead</name>
         <load_address>0x2000d284</load_address>
         <run_address>0x2000d284</run_address>
         <size>0x590</size>
         <input_file_ref idref="fl-108"/>
      </object_component>
      <object_component id="oc-14b">
         <name>.text</name>
         <load_address>0x2000d814</load_address>
         <run_address>0x2000d814</run_address>
         <size>0x45c</size>
         <input_file_ref idref="fl-100"/>
      </object_component>
      <object_component id="oc-133">
         <name>.text</name>
         <load_address>0x2000dc70</load_address>
         <run_address>0x2000dc70</run_address>
         <size>0x3dc</size>
         <input_file_ref idref="fl-d7"/>
      </object_component>
      <object_component id="oc-151">
         <name>.text</name>
         <load_address>0x2000e04c</load_address>
         <run_address>0x2000e04c</run_address>
         <size>0x394</size>
         <input_file_ref idref="fl-3"/>
      </object_component>
      <object_component id="oc-185">
         <name>.text:sl_WlanProfileAdd</name>
         <load_address>0x2000e3e0</load_address>
         <run_address>0x2000e3e0</run_address>
         <size>0x294</size>
         <input_file_ref idref="fl-10c"/>
      </object_component>
      <object_component id="oc-145">
         <name>.text</name>
         <load_address>0x2000e674</load_address>
         <run_address>0x2000e674</run_address>
         <size>0x290</size>
         <input_file_ref idref="fl-a"/>
      </object_component>
      <object_component id="oc-239">
         <name>.text:sl_WlanConnect</name>
         <load_address>0x2000e904</load_address>
         <run_address>0x2000e904</run_address>
         <size>0x260</size>
         <input_file_ref idref="fl-10c"/>
      </object_component>
      <object_component id="oc-819">
         <name>.text:_SlDrvRxHdrRead</name>
         <load_address>0x2000eb64</load_address>
         <run_address>0x2000eb64</run_address>
         <size>0x1fc</size>
         <input_file_ref idref="fl-108"/>
      </object_component>
      <object_component id="oc-66e">
         <name>.text</name>
         <load_address>0x2000ed60</load_address>
         <run_address>0x2000ed60</run_address>
         <size>0x1f4</size>
         <input_file_ref idref="fl-fd"/>
      </object_component>
      <object_component id="oc-87b">
         <name>.text:_SlDrvDataReadOp</name>
         <load_address>0x2000ef54</load_address>
         <run_address>0x2000ef54</run_address>
         <size>0x1e0</size>
         <input_file_ref idref="fl-108"/>
      </object_component>
      <object_component id="oc-45f">
         <name>.text:_SlDrvReleasePoolObj</name>
         <load_address>0x2000f134</load_address>
         <run_address>0x2000f134</run_address>
         <size>0x1d0</size>
         <input_file_ref idref="fl-108"/>
      </object_component>
      <object_component id="oc-163">
         <name>.text</name>
         <load_address>0x2000f304</load_address>
         <run_address>0x2000f304</run_address>
         <size>0x1c0</size>
         <input_file_ref idref="fl-9"/>
      </object_component>
      <object_component id="oc-697">
         <name>.text</name>
         <load_address>0x2000f4c4</load_address>
         <run_address>0x2000f4c4</run_address>
         <size>0x1b6</size>
         <input_file_ref idref="fl-ef"/>
      </object_component>
      <object_component id="oc-511">
         <name>.text:IntDefaultHandler</name>
         <load_address>0x2000f67a</load_address>
         <run_address>0x2000f67a</run_address>
         <size>0x2</size>
         <input_file_ref idref="fl-114"/>
      </object_component>
      <object_component id="oc-768">
         <name>.text:sl_Accept</name>
         <load_address>0x2000f67c</load_address>
         <run_address>0x2000f67c</run_address>
         <size>0x1a0</size>
         <input_file_ref idref="fl-10b"/>
      </object_component>
      <object_component id="oc-54e">
         <name>.text:_SlDrvMsgWrite</name>
         <load_address>0x2000f81c</load_address>
         <run_address>0x2000f81c</run_address>
         <size>0x19c</size>
         <input_file_ref idref="fl-108"/>
      </object_component>
      <object_component id="oc-435">
         <name>.text:_SlDrvDriverCBInit</name>
         <load_address>0x2000f9b8</load_address>
         <run_address>0x2000f9b8</run_address>
         <size>0x190</size>
         <input_file_ref idref="fl-108"/>
      </object_component>
      <object_component id="oc-4b4">
         <name>.text:_SlDrvWaitForPoolObj</name>
         <load_address>0x2000fb48</load_address>
         <run_address>0x2000fb48</run_address>
         <size>0x190</size>
         <input_file_ref idref="fl-108"/>
      </object_component>
      <object_component id="oc-17b">
         <name>.text:PRCMCC3200MCUInit</name>
         <load_address>0x2000fcd8</load_address>
         <run_address>0x2000fcd8</run_address>
         <size>0x178</size>
         <input_file_ref idref="fl-116"/>
      </object_component>
      <object_component id="oc-82b">
         <name>.text:_SlFindAndSetActiveObj</name>
         <load_address>0x2000fe50</load_address>
         <run_address>0x2000fe50</run_address>
         <size>0x170</size>
         <input_file_ref idref="fl-108"/>
      </object_component>
      <object_component id="oc-732">
         <name>.text:sl_Connect</name>
         <load_address>0x2000ffc0</load_address>
         <run_address>0x2000ffc0</run_address>
         <size>0x16c</size>
         <input_file_ref idref="fl-10b"/>
      </object_component>
      <object_component id="oc-75c">
         <name>.text:sl_Select</name>
         <load_address>0x2001012c</load_address>
         <run_address>0x2001012c</run_address>
         <size>0x15c</size>
         <input_file_ref idref="fl-10b"/>
      </object_component>
      <object_component id="oc-192">
         <name>.text</name>
         <load_address>0x20010288</load_address>
         <run_address>0x20010288</run_address>
         <size>0x150</size>
         <input_file_ref idref="fl-2"/>
      </object_component>
      <object_component id="oc-43b">
         <name>.text:spi_Open</name>
         <load_address>0x200103d8</load_address>
         <run_address>0x200103d8</run_address>
         <size>0x150</size>
         <input_file_ref idref="fl-10d"/>
      </object_component>
      <object_component id="oc-874">
         <name>.text:_SlDrvDataWriteOp</name>
         <load_address>0x20010528</load_address>
         <run_address>0x20010528</run_address>
         <size>0x14c</size>
         <input_file_ref idref="fl-108"/>
      </object_component>
      <object_component id="oc-67d">
         <name>.text</name>
         <load_address>0x20010674</load_address>
         <run_address>0x20010674</run_address>
         <size>0x136</size>
         <input_file_ref idref="fl-f1"/>
      </object_component>
      <object_component id="oc-66">
         <name>.text</name>
         <load_address>0x200107aa</load_address>
         <run_address>0x200107aa</run_address>
         <size>0x2</size>
         <input_file_ref idref="fl-d9"/>
      </object_component>
      <object_component id="oc-247">
         <name>.text:sl_NetAppDnsGetHostByName</name>
         <load_address>0x200107ac</load_address>
         <run_address>0x200107ac</run_address>
         <size>0x12c</size>
         <input_file_ref idref="fl-109"/>
      </object_component>
      <object_component id="oc-ef">
         <name>.text</name>
         <load_address>0x200108d8</load_address>
         <run_address>0x200108d8</run_address>
         <size>0x12a</size>
         <input_file_ref idref="fl-106"/>
      </object_component>
      <object_component id="oc-c8">
         <name>.text</name>
         <load_address>0x20010a02</load_address>
         <run_address>0x20010a02</run_address>
         <size>0x2</size>
         <input_file_ref idref="fl-fb"/>
      </object_component>
      <object_component id="oc-76e">
         <name>.text:sl_SendTo</name>
         <load_address>0x20010a04</load_address>
         <run_address>0x20010a04</run_address>
         <size>0x128</size>
         <input_file_ref idref="fl-10b"/>
      </object_component>
      <object_component id="oc-554">
         <name>.text:_SlDrvMsgReadCmdCtx</name>
         <load_address>0x20010b2c</load_address>
         <run_address>0x20010b2c</run_address>
         <size>0x120</size>
         <input_file_ref idref="fl-108"/>
      </object_component>
      <object_component id="oc-774">
         <name>.text:sl_RecvFrom</name>
         <load_address>0x20010c4c</load_address>
         <run_address>0x20010c4c</run_address>
         <size>0x120</size>
         <input_file_ref idref="fl-10b"/>
      </object_component>
      <object_component id="oc-482">
         <name>.text:_SlDrvDriverCBDeinit</name>
         <load_address>0x20010d6c</load_address>
         <run_address>0x20010d6c</run_address>
         <size>0x118</size>
         <input_file_ref idref="fl-108"/>
      </object_component>
      <object_component id="oc-73e">
         <name>.text:sl_Send</name>
         <load_address>0x20010e84</load_address>
         <run_address>0x20010e84</run_address>
         <size>0x118</size>
         <input_file_ref idref="fl-10b"/>
      </object_component>
      <object_component id="oc-38">
         <name>.text</name>
         <load_address>0x20010f9c</load_address>
         <run_address>0x20010f9c</run_address>
         <size>0x110</size>
         <input_file_ref idref="fl-101"/>
      </object_component>
      <object_component id="oc-8c6">
         <name>.text:_SlDrvNetAppEventHandler</name>
         <load_address>0x200110ac</load_address>
         <run_address>0x200110ac</run_address>
         <size>0x104</size>
         <input_file_ref idref="fl-109"/>
      </object_component>
      <object_component id="oc-678">
         <name>.text</name>
         <load_address>0x200111b0</load_address>
         <run_address>0x200111b0</run_address>
         <size>0xfc</size>
         <input_file_ref idref="fl-f2"/>
      </object_component>
      <object_component id="oc-93a">
         <name>.text:uDMAChannelTransferSet</name>
         <load_address>0x200112ac</load_address>
         <run_address>0x200112ac</run_address>
         <size>0xf0</size>
         <input_file_ref idref="fl-11a"/>
      </object_component>
      <object_component id="oc-6ec">
         <name>.text:_SlAsyncEventGenericHandler</name>
         <load_address>0x2001139c</load_address>
         <run_address>0x2001139c</run_address>
         <size>0xe8</size>
         <input_file_ref idref="fl-108"/>
      </object_component>
      <object_component id="oc-201">
         <name>.text:sl_Stop</name>
         <load_address>0x20011484</load_address>
         <run_address>0x20011484</run_address>
         <size>0xe4</size>
         <input_file_ref idref="fl-107"/>
      </object_component>
      <object_component id="oc-1f5">
         <name>.text:sl_Start</name>
         <load_address>0x20011568</load_address>
         <run_address>0x20011568</run_address>
         <size>0xe0</size>
         <input_file_ref idref="fl-107"/>
      </object_component>
      <object_component id="oc-81f">
         <name>.text:_SlDrvClassifyRxMsg</name>
         <load_address>0x20011648</load_address>
         <run_address>0x20011648</run_address>
         <size>0xdc</size>
         <input_file_ref idref="fl-108"/>
      </object_component>
      <object_component id="oc-825">
         <name>.text:spi_Read</name>
         <load_address>0x20011724</load_address>
         <run_address>0x20011724</run_address>
         <size>0xdc</size>
         <input_file_ref idref="fl-10d"/>
      </object_component>
      <object_component id="oc-645">
         <name>.text:_SlDrvMsgReadSpawnCtx</name>
         <load_address>0x20011800</load_address>
         <run_address>0x20011800</run_address>
         <size>0xd4</size>
         <input_file_ref idref="fl-108"/>
      </object_component>
      <object_component id="oc-6a2">
         <name>.text</name>
         <load_address>0x200118d4</load_address>
         <run_address>0x200118d4</run_address>
         <size>0xd0</size>
         <input_file_ref idref="fl-f9"/>
      </object_component>
      <object_component id="oc-94f">
         <name>.text:_sl_HandleAsync_DnsGetHostByService</name>
         <load_address>0x200119a4</load_address>
         <run_address>0x200119a4</run_address>
         <size>0xcc</size>
         <input_file_ref idref="fl-109"/>
      </object_component>
      <object_component id="oc-4a5">
         <name>.text:sl_NetAppMDNSRegisterUnregisterService</name>
         <load_address>0x20011a70</load_address>
         <run_address>0x20011a70</run_address>
         <size>0xc8</size>
         <input_file_ref idref="fl-109"/>
      </object_component>
      <object_component id="oc-62f">
         <name>.text:_SlRemoveFromList</name>
         <load_address>0x20011b38</load_address>
         <run_address>0x20011b38</run_address>
         <size>0xc4</size>
         <input_file_ref idref="fl-108"/>
      </object_component>
      <object_component id="oc-39d">
         <name>.text:_SlDrvCmdOp</name>
         <load_address>0x20011bfc</load_address>
         <run_address>0x20011bfc</run_address>
         <size>0xc0</size>
         <input_file_ref idref="fl-108"/>
      </object_component>
      <object_component id="oc-241">
         <name>.text:sl_NetCfgGet</name>
         <load_address>0x20011cbc</load_address>
         <run_address>0x20011cbc</run_address>
         <size>0xc0</size>
         <input_file_ref idref="fl-10a"/>
      </object_component>
      <object_component id="oc-33">
         <name>.text</name>
         <load_address>0x20011d7c</load_address>
         <run_address>0x20011d7c</run_address>
         <size>0xba</size>
         <input_file_ref idref="fl-102"/>
      </object_component>
      <object_component id="oc-207">
         <name>.text:sl_DevGet</name>
         <load_address>0x20011e38</load_address>
         <run_address>0x20011e38</run_address>
         <size>0xb4</size>
         <input_file_ref idref="fl-107"/>
      </object_component>
      <object_component id="oc-2d6">
         <name>.text:IntDisable</name>
         <load_address>0x20011eec</load_address>
         <run_address>0x20011eec</run_address>
         <size>0xa8</size>
         <input_file_ref idref="fl-114"/>
      </object_component>
      <object_component id="oc-175">
         <name>.text:IntEnable</name>
         <load_address>0x20011f94</load_address>
         <run_address>0x20011f94</run_address>
         <size>0xa8</size>
         <input_file_ref idref="fl-114"/>
      </object_component>
      <object_component id="oc-5d8">
         <name>.text:SPIConfigSetExpClk</name>
         <load_address>0x2001203c</load_address>
         <run_address>0x2001203c</run_address>
         <size>0xa0</size>
         <input_file_ref idref="fl-117"/>
      </object_component>
      <object_component id="oc-628">
         <name>.text:_SlDriverHandleError</name>
         <load_address>0x200120dc</load_address>
         <run_address>0x200120dc</run_address>
         <size>0xa0</size>
         <input_file_ref idref="fl-108"/>
      </object_component>
      <object_component id="oc-41">
         <name>.text</name>
         <load_address>0x2001217c</load_address>
         <run_address>0x2001217c</run_address>
         <size>0x9c</size>
         <input_file_ref idref="fl-d5"/>
      </object_component>
      <object_component id="oc-726">
         <name>.text:sl_Bind</name>
         <load_address>0x20012218</load_address>
         <run_address>0x20012218</run_address>
         <size>0x9c</size>
         <input_file_ref idref="fl-10b"/>
      </object_component>
      <object_component id="oc-805">
         <name>.text:_SlDrvDeviceEventHandler</name>
         <load_address>0x200122b4</load_address>
         <run_address>0x200122b4</run_address>
         <size>0x9a</size>
         <input_file_ref idref="fl-107"/>
      </object_component>
      <object_component id="oc-1ad">
         <name>.text</name>
         <load_address>0x20012350</load_address>
         <run_address>0x20012350</run_address>
         <size>0x98</size>
         <input_file_ref idref="fl-7"/>
      </object_component>
      <object_component id="oc-291">
         <name>.text:PRCMPeripheralClockGet</name>
         <load_address>0x200123e8</load_address>
         <run_address>0x200123e8</run_address>
         <size>0x94</size>
         <input_file_ref idref="fl-116"/>
      </object_component>
      <object_component id="oc-949">
         <name>.text:_sl_HandleAsync_DnsGetHostByName</name>
         <load_address>0x2001247c</load_address>
         <run_address>0x2001247c</run_address>
         <size>0x90</size>
         <input_file_ref idref="fl-109"/>
      </object_component>
      <object_component id="oc-8cc">
         <name>.text:_sl_HandleAsync_PingResponse</name>
         <load_address>0x2001250c</load_address>
         <run_address>0x2001250c</run_address>
         <size>0x90</size>
         <input_file_ref idref="fl-109"/>
      </object_component>
      <object_component id="oc-8d3">
         <name>.text:SetupDMAReceive</name>
         <load_address>0x2001259c</load_address>
         <run_address>0x2001259c</run_address>
         <size>0x8c</size>
         <input_file_ref idref="fl-10d"/>
      </object_component>
      <object_component id="oc-7ec">
         <name>.text:SetupDMASend</name>
         <load_address>0x20012628</load_address>
         <run_address>0x20012628</run_address>
         <size>0x8c</size>
         <input_file_ref idref="fl-10d"/>
      </object_component>
      <object_component id="oc-6dc">
         <name>.text:spi_Write</name>
         <load_address>0x200126b4</load_address>
         <run_address>0x200126b4</run_address>
         <size>0x8c</size>
         <input_file_ref idref="fl-10d"/>
      </object_component>
      <object_component id="oc-5ab">
         <name>.text:PinConfigSet</name>
         <load_address>0x20012740</load_address>
         <run_address>0x20012740</run_address>
         <size>0x88</size>
         <input_file_ref idref="fl-115"/>
      </object_component>
      <object_component id="oc-2a3">
         <name>.text</name>
         <load_address>0x200127c8</load_address>
         <run_address>0x200127c8</run_address>
         <size>0x88</size>
         <input_file_ref idref="fl-e4"/>
      </object_component>
      <object_component id="oc-744">
         <name>.text:sl_Recv</name>
         <load_address>0x20012850</load_address>
         <run_address>0x20012850</run_address>
         <size>0x88</size>
         <input_file_ref idref="fl-10b"/>
      </object_component>
      <object_component id="oc-673">
         <name>.text:__aeabi_cdcmple</name>
         <load_address>0x200128d8</load_address>
         <run_address>0x200128d8</run_address>
         <size>0x86</size>
         <input_file_ref idref="fl-f0"/>
      </object_component>
      <object_component id="oc-682">
         <name>.text:__aeabi_cdrcmple</name>
         <load_address>0x2001295e</load_address>
         <run_address>0x2001295e</run_address>
         <size>0x86</size>
         <input_file_ref idref="fl-f0"/>
      </object_component>
      <object_component id="oc-2ec">
         <name>.text:GPIOIntTypeSet</name>
         <load_address>0x200129e4</load_address>
         <run_address>0x200129e4</run_address>
         <size>0x82</size>
         <input_file_ref idref="fl-113"/>
      </object_component>
      <object_component id="oc-971">
         <name>.text:_sl_HandleAsync_Connect</name>
         <load_address>0x20012a68</load_address>
         <run_address>0x20012a68</run_address>
         <size>0x80</size>
         <input_file_ref idref="fl-10b"/>
      </object_component>
      <object_component id="oc-8b6">
         <name>.text:_sl_HandleAsync_InitComplete</name>
         <load_address>0x20012ae8</load_address>
         <run_address>0x20012ae8</run_address>
         <size>0x80</size>
         <input_file_ref idref="fl-107"/>
      </object_component>
      <object_component id="oc-8d9">
         <name>.text:spi_Read_CPU</name>
         <load_address>0x20012b68</load_address>
         <run_address>0x20012b68</run_address>
         <size>0x80</size>
         <input_file_ref idref="fl-10d"/>
      </object_component>
      <object_component id="oc-7fe">
         <name>.text:spi_Write_CPU</name>
         <load_address>0x20012be8</load_address>
         <run_address>0x20012be8</run_address>
         <size>0x80</size>
         <input_file_ref idref="fl-10d"/>
      </object_component>
      <object_component id="oc-867">
         <name>.text:PRCMRTCGet</name>
         <load_address>0x20012c68</load_address>
         <run_address>0x20012c68</run_address>
         <size>0x7c</size>
         <input_file_ref idref="fl-116"/>
      </object_component>
      <object_component id="oc-219">
         <name>.text:sl_NetCfgSet</name>
         <load_address>0x20012ce4</load_address>
         <run_address>0x20012ce4</run_address>
         <size>0x7c</size>
         <input_file_ref idref="fl-10a"/>
      </object_component>
      <object_component id="oc-708">
         <name>.text:sl_SetSockOpt</name>
         <load_address>0x20012d60</load_address>
         <run_address>0x20012d60</run_address>
         <size>0x7c</size>
         <input_file_ref idref="fl-10b"/>
      </object_component>
      <object_component id="oc-21f">
         <name>.text:sl_WlanSet</name>
         <load_address>0x20012ddc</load_address>
         <run_address>0x20012ddc</run_address>
         <size>0x7c</size>
         <input_file_ref idref="fl-10c"/>
      </object_component>
      <object_component id="oc-5a">
         <name>.text</name>
         <load_address>0x20012e58</load_address>
         <run_address>0x20012e58</run_address>
         <size>0x7a</size>
         <input_file_ref idref="fl-d8"/>
      </object_component>
      <object_component id="oc-18b">
         <name>.text:sl_WlanPolicySet</name>
         <load_address>0x20012ed4</load_address>
         <run_address>0x20012ed4</run_address>
         <size>0x78</size>
         <input_file_ref idref="fl-10c"/>
      </object_component>
      <object_component id="oc-47c">
         <name>.text:spi_Close</name>
         <load_address>0x20012f4c</load_address>
         <run_address>0x20012f4c</run_address>
         <size>0x78</size>
         <input_file_ref idref="fl-10d"/>
      </object_component>
      <object_component id="oc-297">
         <name>.text:UARTConfigSetExpClk</name>
         <load_address>0x20012fc4</load_address>
         <run_address>0x20012fc4</run_address>
         <size>0x76</size>
         <input_file_ref idref="fl-119"/>
      </object_component>
      <object_component id="oc-72">
         <name>.text</name>
         <load_address>0x2001303c</load_address>
         <run_address>0x2001303c</run_address>
         <size>0x70</size>
         <input_file_ref idref="fl-eb"/>
      </object_component>
      <object_component id="oc-702">
         <name>.text:sl_Socket</name>
         <load_address>0x200130ac</load_address>
         <run_address>0x200130ac</run_address>
         <size>0x70</size>
         <input_file_ref idref="fl-10b"/>
      </object_component>
      <object_component id="oc-99c">
         <name>.text:_SlDrvCmdSend</name>
         <load_address>0x2001311c</load_address>
         <run_address>0x2001311c</run_address>
         <size>0x6c</size>
         <input_file_ref idref="fl-108"/>
      </object_component>
      <object_component id="oc-95b">
         <name>.text:_sl_NetAppSendTokenValue</name>
         <load_address>0x20013188</load_address>
         <run_address>0x20013188</run_address>
         <size>0x6c</size>
         <input_file_ref idref="fl-109"/>
      </object_component>
      <object_component id="oc-231">
         <name>.text:sl_WlanRxFilterSet</name>
         <load_address>0x200131f4</load_address>
         <run_address>0x200131f4</run_address>
         <size>0x6c</size>
         <input_file_ref idref="fl-10c"/>
      </object_component>
      <object_component id="oc-4d">
         <name>.text</name>
         <load_address>0x20013260</load_address>
         <run_address>0x20013260</run_address>
         <size>0x6a</size>
         <input_file_ref idref="fl-cb"/>
      </object_component>
      <object_component id="oc-353">
         <name>.text:TimerIntUnregister</name>
         <load_address>0x200132cc</load_address>
         <run_address>0x200132cc</run_address>
         <size>0x68</size>
         <input_file_ref idref="fl-118"/>
      </object_component>
      <object_component id="oc-96b">
         <name>.text:_sl_HandleAsync_Accept</name>
         <load_address>0x20013334</load_address>
         <run_address>0x20013334</run_address>
         <size>0x64</size>
         <input_file_ref idref="fl-10b"/>
      </object_component>
      <object_component id="oc-791">
         <name>.text:uDMAChannelAttributeDisable</name>
         <load_address>0x20013398</load_address>
         <run_address>0x20013398</run_address>
         <size>0x64</size>
         <input_file_ref idref="fl-11a"/>
      </object_component>
      <object_component id="oc-934">
         <name>.text:uDMAChannelAttributeEnable</name>
         <load_address>0x200133fc</load_address>
         <run_address>0x200133fc</run_address>
         <size>0x64</size>
         <input_file_ref idref="fl-11a"/>
      </object_component>
      <object_component id="oc-69c">
         <name>.text</name>
         <load_address>0x20013460</load_address>
         <run_address>0x20013460</run_address>
         <size>0x5c</size>
         <input_file_ref idref="fl-f8"/>
      </object_component>
      <object_component id="oc-3c7">
         <name>.text:IntPendClear</name>
         <load_address>0x200134bc</load_address>
         <run_address>0x200134bc</run_address>
         <size>0x58</size>
         <input_file_ref idref="fl-114"/>
      </object_component>
      <object_component id="oc-323">
         <name>.text:PRCMPeripheralReset</name>
         <load_address>0x20013514</load_address>
         <run_address>0x20013514</run_address>
         <size>0x58</size>
         <input_file_ref idref="fl-116"/>
      </object_component>
      <object_component id="oc-68c">
         <name>.text</name>
         <load_address>0x2001356c</load_address>
         <run_address>0x2001356c</run_address>
         <size>0x56</size>
         <input_file_ref idref="fl-f6"/>
      </object_component>
      <object_component id="oc-2d0">
         <name>.text:IntPrioritySet</name>
         <load_address>0x200135c4</load_address>
         <run_address>0x200135c4</run_address>
         <size>0x54</size>
         <input_file_ref idref="fl-114"/>
      </object_component>
      <object_component id="oc-977">
         <name>.text:_sl_HandleAsync_Select</name>
         <load_address>0x20013618</load_address>
         <run_address>0x20013618</run_address>
         <size>0x54</size>
         <input_file_ref idref="fl-10b"/>
      </object_component>
      <object_component id="oc-7e">
         <name>.text</name>
         <load_address>0x2001366c</load_address>
         <run_address>0x2001366c</run_address>
         <size>0x54</size>
         <input_file_ref idref="fl-cd"/>
      </object_component>
      <object_component id="oc-90e">
         <name>.text:PRCMSlowClkCtrGet</name>
         <load_address>0x200136c0</load_address>
         <run_address>0x200136c0</run_address>
         <size>0x50</size>
         <input_file_ref idref="fl-116"/>
      </object_component>
      <object_component id="oc-46e">
         <name>.text:_SlDrvRxIrqHandler</name>
         <load_address>0x20013710</load_address>
         <run_address>0x20013710</run_address>
         <size>0x50</size>
         <input_file_ref idref="fl-108"/>
      </object_component>
      <object_component id="oc-8bc">
         <name>.text:_sl_HandleAsync_Stop</name>
         <load_address>0x20013760</load_address>
         <run_address>0x20013760</run_address>
         <size>0x50</size>
         <input_file_ref idref="fl-107"/>
      </object_component>
      <object_component id="oc-74a">
         <name>.text:sl_Listen</name>
         <load_address>0x200137b0</load_address>
         <run_address>0x200137b0</run_address>
         <size>0x50</size>
         <input_file_ref idref="fl-10b"/>
      </object_component>
      <object_component id="oc-5fc">
         <name>.text:SPIIntEnable</name>
         <load_address>0x20013800</load_address>
         <run_address>0x20013800</run_address>
         <size>0x4c</size>
         <input_file_ref idref="fl-117"/>
      </object_component>
      <object_component id="oc-441">
         <name>.text:_SlDrvProtectAsyncRespSetting</name>
         <load_address>0x2001384c</load_address>
         <run_address>0x2001384c</run_address>
         <size>0x4c</size>
         <input_file_ref idref="fl-108"/>
      </object_component>
      <object_component id="oc-858">
         <name>.text:_sl_BuildAddress</name>
         <load_address>0x20013898</load_address>
         <run_address>0x20013898</run_address>
         <size>0x4c</size>
         <input_file_ref idref="fl-10b"/>
      </object_component>
      <object_component id="oc-6b4">
         <name>.text</name>
         <load_address>0x200138e4</load_address>
         <run_address>0x200138e4</run_address>
         <size>0x4c</size>
         <input_file_ref idref="fl-ea"/>
      </object_component>
      <object_component id="oc-c2">
         <name>.text</name>
         <load_address>0x20013930</load_address>
         <run_address>0x20013930</run_address>
         <size>0x4c</size>
         <input_file_ref idref="fl-ec"/>
      </object_component>
      <object_component id="oc-78b">
         <name>.text:uDMAChannelAssign</name>
         <load_address>0x2001397c</load_address>
         <run_address>0x2001397c</run_address>
         <size>0x4c</size>
         <input_file_ref idref="fl-11a"/>
      </object_component>
      <object_component id="oc-7a7">
         <name>.text:SPIIntClear</name>
         <load_address>0x200139c8</load_address>
         <run_address>0x200139c8</run_address>
         <size>0x48</size>
         <input_file_ref idref="fl-117"/>
      </object_component>
      <object_component id="oc-493">
         <name>.text:_SlDrvBasicCmd</name>
         <load_address>0x20013a10</load_address>
         <run_address>0x20013a10</run_address>
         <size>0x48</size>
         <input_file_ref idref="fl-108"/>
      </object_component>
      <object_component id="oc-687">
         <name>.text</name>
         <load_address>0x20013a58</load_address>
         <run_address>0x20013a58</run_address>
         <size>0x48</size>
         <input_file_ref idref="fl-f3"/>
      </object_component>
      <object_component id="oc-225">
         <name>.text:sl_NetAppMDNSUnRegisterService</name>
         <load_address>0x20013aa0</load_address>
         <run_address>0x20013aa0</run_address>
         <size>0x48</size>
         <input_file_ref idref="fl-109"/>
      </object_component>
      <object_component id="oc-79b">
         <name>.text:SPIDmaMaskGet</name>
         <load_address>0x20013ae8</load_address>
         <run_address>0x20013ae8</run_address>
         <size>0x44</size>
         <input_file_ref idref="fl-117"/>
      </object_component>
      <object_component id="oc-329">
         <name>.text:TimerConfigure</name>
         <load_address>0x20013b2c</load_address>
         <run_address>0x20013b2c</run_address>
         <size>0x44</size>
         <input_file_ref idref="fl-118"/>
      </object_component>
      <object_component id="oc-995">
         <name>.text:_SlDrvHandleHttpServerEvents</name>
         <load_address>0x20013b70</load_address>
         <run_address>0x20013b70</run_address>
         <size>0x44</size>
         <input_file_ref idref="fl-108"/>
      </object_component>
      <object_component id="oc-8ac">
         <name>.text:cc_SetupTransfer</name>
         <load_address>0x20013bb4</load_address>
         <run_address>0x20013bb4</run_address>
         <size>0x44</size>
         <input_file_ref idref="fl-10d"/>
      </object_component>
      <object_component id="oc-70e">
         <name>.text:sl_Close</name>
         <load_address>0x20013bf8</load_address>
         <run_address>0x20013bf8</run_address>
         <size>0x44</size>
         <input_file_ref idref="fl-10b"/>
      </object_component>
      <object_component id="oc-20d">
         <name>.text:sl_WlanProfileDel</name>
         <load_address>0x20013c3c</load_address>
         <run_address>0x20013c3c</run_address>
         <size>0x44</size>
         <input_file_ref idref="fl-10c"/>
      </object_component>
      <object_component id="oc-1fb">
         <name>.text:sl_WlanSetMode</name>
         <load_address>0x20013c80</load_address>
         <run_address>0x20013c80</run_address>
         <size>0x44</size>
         <input_file_ref idref="fl-10c"/>
      </object_component>
      <object_component id="oc-72c">
         <name>.text:sl_Htonl</name>
         <load_address>0x20013cc4</load_address>
         <run_address>0x20013cc4</run_address>
         <size>0x42</size>
         <input_file_ref idref="fl-10b"/>
      </object_component>
      <object_component id="oc-5b1">
         <name>.text:PinModeSet</name>
         <load_address>0x20013d08</load_address>
         <run_address>0x20013d08</run_address>
         <size>0x40</size>
         <input_file_ref idref="fl-115"/>
      </object_component>
      <object_component id="oc-811">
         <name>.text:_SlDrvHandleNetAppEvents</name>
         <load_address>0x20013d48</load_address>
         <run_address>0x20013d48</run_address>
         <size>0x40</size>
         <input_file_ref idref="fl-108"/>
      </object_component>
      <object_component id="oc-80b">
         <name>.text:_SlDrvHandleWlanEvents</name>
         <load_address>0x20013d88</load_address>
         <run_address>0x20013d88</run_address>
         <size>0x40</size>
         <input_file_ref idref="fl-108"/>
      </object_component>
      <object_component id="oc-459">
         <name>.text:_SlDrvSyncObjWaitTimeout</name>
         <load_address>0x20013dc8</load_address>
         <run_address>0x20013dc8</run_address>
         <size>0x40</size>
         <input_file_ref idref="fl-108"/>
      </object_component>
      <object_component id="oc-86e">
         <name>.text:_sl_TruncatePayloadByProtocol</name>
         <load_address>0x20013e08</load_address>
         <run_address>0x20013e08</run_address>
         <size>0x40</size>
         <input_file_ref idref="fl-10b"/>
      </object_component>
      <object_component id="oc-24">
         <name>.text</name>
         <load_address>0x20013e48</load_address>
         <run_address>0x20013e48</run_address>
         <size>0x40</size>
         <input_file_ref idref="fl-c9"/>
      </object_component>
      <object_component id="oc-71a">
         <name>.text</name>
         <load_address>0x20013e88</load_address>
         <run_address>0x20013e88</run_address>
         <size>0x40</size>
         <input_file_ref idref="fl-11e"/>
      </object_component>
      <object_component id="oc-962">
         <name>.text:CopyPingResultsToReport</name>
         <load_address>0x20013ec8</load_address>
         <run_address>0x20013ec8</run_address>
         <size>0x3c</size>
         <input_file_ref idref="fl-109"/>
      </object_component>
      <object_component id="oc-31d">
         <name>.text:PRCMPeripheralClkEnable</name>
         <load_address>0x20013f04</load_address>
         <run_address>0x20013f04</run_address>
         <size>0x3c</size>
         <input_file_ref idref="fl-116"/>
      </object_component>
      <object_component id="oc-720">
         <name>.text:sl_Htons</name>
         <load_address>0x20013f40</load_address>
         <run_address>0x20013f40</run_address>
         <size>0x3c</size>
         <input_file_ref idref="fl-10b"/>
      </object_component>
      <object_component id="oc-92e">
         <name>.text:uDMAChannelControlSet</name>
         <load_address>0x20013f7c</load_address>
         <run_address>0x20013f7c</run_address>
         <size>0x3c</size>
         <input_file_ref idref="fl-11a"/>
      </object_component>
      <object_component id="oc-447">
         <name>.text:NwpPowerOff</name>
         <load_address>0x20013fb8</load_address>
         <run_address>0x20013fb8</run_address>
         <size>0x38</size>
         <input_file_ref idref="fl-10d"/>
      </object_component>
      <object_component id="oc-105">
         <name>.text</name>
         <load_address>0x20013ff0</load_address>
         <run_address>0x20013ff0</run_address>
         <size>0x38</size>
         <input_file_ref idref="fl-105"/>
      </object_component>
      <object_component id="oc-419">
         <name>.text:GPIODirModeSet</name>
         <load_address>0x20014028</load_address>
         <run_address>0x20014028</run_address>
         <size>0x36</size>
         <input_file_ref idref="fl-113"/>
      </object_component>
      <object_component id="oc-5de">
         <name>.text:PRCMPeripheralStatusGet</name>
         <load_address>0x20014060</load_address>
         <run_address>0x20014060</run_address>
         <size>0x34</size>
         <input_file_ref idref="fl-116"/>
      </object_component>
      <object_component id="oc-5f6">
         <name>.text:SPIFIFOLevelSet</name>
         <load_address>0x20014094</load_address>
         <run_address>0x20014094</run_address>
         <size>0x34</size>
         <input_file_ref idref="fl-117"/>
      </object_component>
      <object_component id="oc-413">
         <name>.text:PinTypeGPIO</name>
         <load_address>0x200140c8</load_address>
         <run_address>0x200140c8</run_address>
         <size>0x30</size>
         <input_file_ref idref="fl-115"/>
      </object_component>
      <object_component id="oc-4e2">
         <name>.text:UARTDisable</name>
         <load_address>0x200140f8</load_address>
         <run_address>0x200140f8</run_address>
         <size>0x30</size>
         <input_file_ref idref="fl-119"/>
      </object_component>
      <object_component id="oc-139">
         <name>.text</name>
         <load_address>0x20014128</load_address>
         <run_address>0x20014128</run_address>
         <size>0x30</size>
         <input_file_ref idref="fl-e1"/>
      </object_component>
      <object_component id="oc-692">
         <name>.text</name>
         <load_address>0x20014158</load_address>
         <run_address>0x20014158</run_address>
         <size>0x2e</size>
         <input_file_ref idref="fl-f5"/>
      </object_component>
      <object_component id="oc-60e">
         <name>.text:DmaSpiSwIntHandler</name>
         <load_address>0x20014188</load_address>
         <run_address>0x20014188</run_address>
         <size>0x2c</size>
         <input_file_ref idref="fl-10d"/>
      </object_component>
      <object_component id="oc-36d">
         <name>.text:PRCMSysResetCauseGet</name>
         <load_address>0x200141b4</load_address>
         <run_address>0x200141b4</run_address>
         <size>0x2c</size>
         <input_file_ref idref="fl-116"/>
      </object_component>
      <object_component id="oc-33b">
         <name>.text:TimerLoadSet</name>
         <load_address>0x200141e0</load_address>
         <run_address>0x200141e0</run_address>
         <size>0x2a</size>
         <input_file_ref idref="fl-118"/>
      </object_component>
      <object_component id="oc-32f">
         <name>.text:TimerPrescaleSet</name>
         <load_address>0x2001420a</load_address>
         <run_address>0x2001420a</run_address>
         <size>0x2a</size>
         <input_file_ref idref="fl-118"/>
      </object_component>
      <object_component id="oc-846">
         <name>.text</name>
         <load_address>0x20014234</load_address>
         <run_address>0x20014234</run_address>
         <size>0x2a</size>
         <input_file_ref idref="fl-120"/>
      </object_component>
      <object_component id="oc-8fc">
         <name>.text:IsRTCUsed</name>
         <load_address>0x20014260</load_address>
         <run_address>0x20014260</run_address>
         <size>0x28</size>
         <input_file_ref idref="fl-116"/>
      </object_component>
      <object_component id="oc-37f">
         <name>.text:PRCMPeripheralClkDisable</name>
         <load_address>0x20014288</load_address>
         <run_address>0x20014288</run_address>
         <size>0x28</size>
         <input_file_ref idref="fl-116"/>
      </object_component>
      <object_component id="oc-762">
         <name>.text:SL_FD_ISSET</name>
         <load_address>0x200142b0</load_address>
         <run_address>0x200142b0</run_address>
         <size>0x28</size>
         <input_file_ref idref="fl-10b"/>
      </object_component>
      <object_component id="oc-542">
         <name>.text:_SlDrvObjGlobalLockWaitForever</name>
         <load_address>0x200142d8</load_address>
         <run_address>0x200142d8</run_address>
         <size>0x28</size>
         <input_file_ref idref="fl-108"/>
      </object_component>
      <object_component id="oc-4ba">
         <name>.text:_SlDrvProtectionObjLockWaitForever</name>
         <load_address>0x20014300</load_address>
         <run_address>0x20014300</run_address>
         <size>0x28</size>
         <input_file_ref idref="fl-108"/>
      </object_component>
      <object_component id="oc-44d">
         <name>.text:NwpRegisterInterruptHandler</name>
         <load_address>0x20014328</load_address>
         <run_address>0x20014328</run_address>
         <size>0x26</size>
         <input_file_ref idref="fl-10d"/>
      </object_component>
      <object_component id="oc-63d">
         <name>.text</name>
         <load_address>0x2001434e</load_address>
         <run_address>0x2001434e</run_address>
         <size>0x26</size>
         <input_file_ref idref="fl-5"/>
      </object_component>
      <object_component id="oc-13f">
         <name>.text</name>
         <load_address>0x20014374</load_address>
         <run_address>0x20014374</run_address>
         <size>0x26</size>
         <input_file_ref idref="fl-e0"/>
      </object_component>
      <object_component id="oc-2dc">
         <name>.text:IntUnregister</name>
         <load_address>0x2001439c</load_address>
         <run_address>0x2001439c</run_address>
         <size>0x24</size>
         <input_file_ref idref="fl-114"/>
      </object_component>
      <object_component id="oc-908">
         <name>.text:RTCU16MSecRegRead</name>
         <load_address>0x200143c0</load_address>
         <run_address>0x200143c0</run_address>
         <size>0x24</size>
         <input_file_ref idref="fl-116"/>
      </object_component>
      <object_component id="oc-8f5">
         <name>.text:RTCUseSet</name>
         <load_address>0x200143e4</load_address>
         <run_address>0x200143e4</run_address>
         <size>0x24</size>
         <input_file_ref idref="fl-116"/>
      </object_component>
      <object_component id="oc-4e8">
         <name>.text:UARTEnable</name>
         <load_address>0x20014408</load_address>
         <run_address>0x20014408</run_address>
         <size>0x24</size>
         <input_file_ref idref="fl-119"/>
      </object_component>
      <object_component id="oc-548">
         <name>.text:_SlDrvGlobalObjUnLock</name>
         <load_address>0x2001442c</load_address>
         <run_address>0x2001442c</run_address>
         <size>0x24</size>
         <input_file_ref idref="fl-108"/>
      </object_component>
      <object_component id="oc-4c0">
         <name>.text:_SlDrvProtectionObjUnLock</name>
         <load_address>0x20014450</load_address>
         <run_address>0x20014450</run_address>
         <size>0x24</size>
         <input_file_ref idref="fl-108"/>
      </object_component>
      <object_component id="oc-4c6">
         <name>.text:_SlDrvSyncObjWaitForever</name>
         <load_address>0x20014474</load_address>
         <run_address>0x20014474</run_address>
         <size>0x24</size>
         <input_file_ref idref="fl-108"/>
      </object_component>
      <object_component id="oc-2b5">
         <name>.text</name>
         <load_address>0x20014498</load_address>
         <run_address>0x20014498</run_address>
         <size>0x24</size>
         <input_file_ref idref="fl-d6"/>
      </object_component>
      <object_component id="oc-84c">
         <name>.text</name>
         <load_address>0x200144bc</load_address>
         <run_address>0x200144bc</run_address>
         <size>0x24</size>
         <input_file_ref idref="fl-11f"/>
      </object_component>
      <object_component id="oc-3c1">
         <name>.text:GPIOIntStatus</name>
         <load_address>0x200144e0</load_address>
         <run_address>0x200144e0</run_address>
         <size>0x22</size>
         <input_file_ref idref="fl-113"/>
      </object_component>
      <object_component id="oc-756">
         <name>.text:SL_FD_SET</name>
         <load_address>0x20014502</load_address>
         <run_address>0x20014502</run_address>
         <size>0x22</size>
         <input_file_ref idref="fl-10b"/>
      </object_component>
      <object_component id="oc-5d2">
         <name>.text:SPIReset</name>
         <load_address>0x20014524</load_address>
         <run_address>0x20014524</run_address>
         <size>0x22</size>
         <input_file_ref idref="fl-117"/>
      </object_component>
      <object_component id="oc-7f8">
         <name>.text:SPIWordCountSet</name>
         <load_address>0x20014546</load_address>
         <run_address>0x20014546</run_address>
         <size>0x22</size>
         <input_file_ref idref="fl-117"/>
      </object_component>
      <object_component id="oc-919">
         <name>.text:_SlDrvObjLockWaitForever</name>
         <load_address>0x20014568</load_address>
         <run_address>0x20014568</run_address>
         <size>0x22</size>
         <input_file_ref idref="fl-108"/>
      </object_component>
      <object_component id="oc-2fe">
         <name>.text:GPIOPinWrite</name>
         <load_address>0x2001458a</load_address>
         <run_address>0x2001458a</run_address>
         <size>0x20</size>
         <input_file_ref idref="fl-113"/>
      </object_component>
      <object_component id="oc-2ca">
         <name>.text:IntRegister</name>
         <load_address>0x200145ac</load_address>
         <run_address>0x200145ac</run_address>
         <size>0x20</size>
         <input_file_ref idref="fl-114"/>
      </object_component>
      <object_component id="oc-453">
         <name>.text:NwpPowerOn</name>
         <load_address>0x200145cc</load_address>
         <run_address>0x200145cc</run_address>
         <size>0x20</size>
         <input_file_ref idref="fl-10d"/>
      </object_component>
      <object_component id="oc-738">
         <name>.text</name>
         <load_address>0x200145ec</load_address>
         <run_address>0x200145ec</run_address>
         <size>0x20</size>
         <input_file_ref idref="fl-110"/>
      </object_component>
      <object_component id="oc-213">
         <name>.text:sl_WlanDisconnect</name>
         <load_address>0x2001460c</load_address>
         <run_address>0x2001460c</run_address>
         <size>0x20</size>
         <input_file_ref idref="fl-10c"/>
      </object_component>
      <object_component id="oc-347">
         <name>.text:TimerDisable</name>
         <load_address>0x2001462c</load_address>
         <run_address>0x2001462c</run_address>
         <size>0x1e</size>
         <input_file_ref idref="fl-118"/>
      </object_component>
      <object_component id="oc-341">
         <name>.text:TimerEnable</name>
         <load_address>0x2001464a</load_address>
         <run_address>0x2001464a</run_address>
         <size>0x1e</size>
         <input_file_ref idref="fl-118"/>
      </object_component>
      <object_component id="oc-157">
         <name>.text:TimerIntStatus</name>
         <load_address>0x20014668</load_address>
         <run_address>0x20014668</run_address>
         <size>0x1e</size>
         <input_file_ref idref="fl-118"/>
      </object_component>
      <object_component id="oc-29d">
         <name>.text:UARTCharPut</name>
         <load_address>0x20014686</load_address>
         <run_address>0x20014686</run_address>
         <size>0x1e</size>
         <input_file_ref idref="fl-119"/>
      </object_component>
      <object_component id="oc-91f">
         <name>.text:_SlDrvObjUnLock</name>
         <load_address>0x200146a4</load_address>
         <run_address>0x200146a4</run_address>
         <size>0x1e</size>
         <input_file_ref idref="fl-108"/>
      </object_component>
      <object_component id="oc-635">
         <name>.text:_SlDrvSyncObjSignal</name>
         <load_address>0x200146c2</load_address>
         <run_address>0x200146c2</run_address>
         <size>0x1e</size>
         <input_file_ref idref="fl-108"/>
      </object_component>
      <object_component id="oc-5e4">
         <name>.text:cc_UDMAChannelSelect</name>
         <load_address>0x200146e0</load_address>
         <run_address>0x200146e0</run_address>
         <size>0x1e</size>
         <input_file_ref idref="fl-10d"/>
      </object_component>
      <object_component id="oc-359">
         <name>.text:TimerValueGet</name>
         <load_address>0x200146fe</load_address>
         <run_address>0x200146fe</run_address>
         <size>0x1c</size>
         <input_file_ref idref="fl-118"/>
      </object_component>
      <object_component id="oc-2af">
         <name>.text:UARTCharGetNonBlocking</name>
         <load_address>0x2001471a</load_address>
         <run_address>0x2001471a</run_address>
         <size>0x1c</size>
         <input_file_ref idref="fl-119"/>
      </object_component>
      <object_component id="oc-6ae">
         <name>.text</name>
         <load_address>0x20014736</load_address>
         <run_address>0x20014736</run_address>
         <size>0x1c</size>
         <input_file_ref idref="fl-f7"/>
      </object_component>
      <object_component id="oc-940">
         <name>.text:uDMAChannelEnable</name>
         <load_address>0x20014754</load_address>
         <run_address>0x20014754</run_address>
         <size>0x1c</size>
         <input_file_ref idref="fl-11a"/>
      </object_component>
      <object_component id="oc-3cd">
         <name>.text:GPIOIntDisable</name>
         <load_address>0x20014770</load_address>
         <run_address>0x20014770</run_address>
         <size>0x1a</size>
         <input_file_ref idref="fl-113"/>
      </object_component>
      <object_component id="oc-2f8">
         <name>.text:GPIOIntEnable</name>
         <load_address>0x2001478a</load_address>
         <run_address>0x2001478a</run_address>
         <size>0x1a</size>
         <input_file_ref idref="fl-113"/>
      </object_component>
      <object_component id="oc-41f">
         <name>.text:PinTypeUART</name>
         <load_address>0x200147a4</load_address>
         <run_address>0x200147a4</run_address>
         <size>0x1a</size>
         <input_file_ref idref="fl-115"/>
      </object_component>
      <object_component id="oc-654">
         <name>.text:SPIDmaDisable</name>
         <load_address>0x200147be</load_address>
         <run_address>0x200147be</run_address>
         <size>0x1a</size>
         <input_file_ref idref="fl-117"/>
      </object_component>
      <object_component id="oc-5f0">
         <name>.text:SPIDmaEnable</name>
         <load_address>0x200147d8</load_address>
         <run_address>0x200147d8</run_address>
         <size>0x1a</size>
         <input_file_ref idref="fl-117"/>
      </object_component>
      <object_component id="oc-64e">
         <name>.text:SPIFIFODisable</name>
         <load_address>0x200147f2</load_address>
         <run_address>0x200147f2</run_address>
         <size>0x1a</size>
         <input_file_ref idref="fl-117"/>
      </object_component>
      <object_component id="oc-5ea">
         <name>.text:SPIFIFOEnable</name>
         <load_address>0x2001480c</load_address>
         <run_address>0x2001480c</run_address>
         <size>0x1a</size>
         <input_file_ref idref="fl-117"/>
      </object_component>
      <object_component id="oc-304">
         <name>.text:GPIOPinRead</name>
         <load_address>0x20014826</load_address>
         <run_address>0x20014826</run_address>
         <size>0x18</size>
         <input_file_ref idref="fl-113"/>
      </object_component>
      <object_component id="oc-5c6">
         <name>.text:SPICSDisable</name>
         <load_address>0x2001483e</load_address>
         <run_address>0x2001483e</run_address>
         <size>0x18</size>
         <input_file_ref idref="fl-117"/>
      </object_component>
      <object_component id="oc-7f2">
         <name>.text:SPICSEnable</name>
         <load_address>0x20014856</load_address>
         <run_address>0x20014856</run_address>
         <size>0x18</size>
         <input_file_ref idref="fl-117"/>
      </object_component>
      <object_component id="oc-5cc">
         <name>.text:SPIDisable</name>
         <load_address>0x2001486e</load_address>
         <run_address>0x2001486e</run_address>
         <size>0x18</size>
         <input_file_ref idref="fl-117"/>
      </object_component>
      <object_component id="oc-602">
         <name>.text:SPIEnable</name>
         <load_address>0x20014886</load_address>
         <run_address>0x20014886</run_address>
         <size>0x18</size>
         <input_file_ref idref="fl-117"/>
      </object_component>
      <object_component id="oc-34d">
         <name>.text:TimerIntDisable</name>
         <load_address>0x2001489e</load_address>
         <run_address>0x2001489e</run_address>
         <size>0x18</size>
         <input_file_ref idref="fl-118"/>
      </object_component>
      <object_component id="oc-335">
         <name>.text:TimerIntEnable</name>
         <load_address>0x200148b6</load_address>
         <run_address>0x200148b6</run_address>
         <size>0x18</size>
         <input_file_ref idref="fl-118"/>
      </object_component>
      <object_component id="oc-2a9">
         <name>.text:UARTCharsAvail</name>
         <load_address>0x200148ce</load_address>
         <run_address>0x200148ce</run_address>
         <size>0x18</size>
         <input_file_ref idref="fl-119"/>
      </object_component>
      <object_component id="oc-465">
         <name>.text:_sl_GetStartResponseConvert</name>
         <load_address>0x200148e8</load_address>
         <run_address>0x200148e8</run_address>
         <size>0x18</size>
         <input_file_ref idref="fl-107"/>
      </object_component>
      <object_component id="oc-78">
         <name>.text</name>
         <load_address>0x20014900</load_address>
         <run_address>0x20014900</run_address>
         <size>0x18</size>
         <input_file_ref idref="fl-e9"/>
      </object_component>
      <object_component id="oc-373">
         <name>.text:PRCMHIBRegRead</name>
         <load_address>0x20014918</load_address>
         <run_address>0x20014918</run_address>
         <size>0x16</size>
[...]
      <symbol id="sm-17e0">
         <name>mqtt_client_ctx_await_msg</name>
         <value>0x2000607d</value>
         <object_component_ref idref="oc-3d8"/>
      </symbol>
      <symbol id="sm-17e1">
         <name>mqp_client_alloc</name>
         <value>0x20006495</value>
         <object_component_ref idref="oc-3d8"/>
      </symbol>
      <symbol id="sm-17e2">
         <name>mqtt_client_ctx_info_register</name>
         <value>0x200065f5</value>
         <object_component_ref idref="oc-3d8"/>
      </symbol>
      <symbol id="sm-17e3">
         <name>mqtt_client_pub_dispatch</name>
         <value>0x20005223</value>
         <object_component_ref idref="oc-3d8"/>
      </symbol>
      <symbol id="sm-17e4">
         <name>mqtt_unsub_msg_send</name>
         <value>0x2000547f</value>
         <object_component_ref idref="oc-3d8"/>
      </symbol>
      <symbol id="sm-17e5">
         <name>mqtt_client_net_svc_register</name>
         <value>0x20006675</value>
         <object_component_ref idref="oc-3d8"/>
      </symbol>
      <symbol id="sm-17e6">
         <name>mqtt_client_ctx_run</name>
         <value>0x200060cf</value>
         <object_component_ref idref="oc-3d8"/>
      </symbol>
      <symbol id="sm-17e7">
         <name>mqtt_client_ctx_will_register</name>
         <value>0x2000656d</value>
         <object_component_ref idref="oc-3d8"/>
      </symbol>
      <symbol id="sm-17e8">
         <name>mqtt_connect_msg_send</name>
         <value>0x20005045</value>
         <object_component_ref idref="oc-3d8"/>
      </symbol>
      <symbol id="sm-17e9">
         <name>mqtt_sub_dispatch</name>
         <value>0x2000546b</value>
         <object_component_ref idref="oc-3d8"/>
      </symbol>
      <symbol id="sm-17ea">
         <name>mqtt_client_is_connected</name>
         <value>0x20004a49</value>
         <object_component_ref idref="oc-3d8"/>
      </symbol>
      <symbol id="sm-17eb">
         <name>mqtt_pingreq_send</name>
         <value>0x20005553</value>
         <object_component_ref idref="oc-3d8"/>
      </symbol>
      <symbol id="sm-17ec">
         <name>mqtt_client_ctx_create</name>
         <value>0x20006771</value>
         <object_component_ref idref="oc-3d8"/>
      </symbol>
      <symbol id="sm-17ed">
         <name>mqtt_client_send_progress</name>
         <value>0x20004c05</value>
         <object_component_ref idref="oc-3d8"/>
      </symbol>
      <symbol id="sm-17ee">
         <name>mqtt_sub_msg_send</name>
         <value>0x20005455</value>
         <object_component_ref idref="oc-3d8"/>
      </symbol>
      <symbol id="sm-17ef">
         <name>mqtt_client_new_msg_id</name>
         <value>0x20004a41</value>
         <object_component_ref idref="oc-3d8"/>
      </symbol>
      <symbol id="sm-17f0">
         <name>mqtt_client_run</name>
         <value>0x200063f1</value>
         <object_component_ref idref="oc-3d8"/>
      </symbol>
      <symbol id="sm-17f1">
         <name>mqtt_client_lib_exit</name>
         <value>0x20006905</value>
         <object_component_ref idref="oc-3d8"/>
      </symbol>
      <symbol id="sm-17f2">
         <name>mqtt_client_buffers_register</name>
         <value>0x200064e9</value>
         <object_component_ref idref="oc-3d8"/>
      </symbol>
      <symbol id="sm-1876">
         <name>mqp_free</name>
         <value>0x2000c27f</value>
         <object_component_ref idref="oc-57b"/>
      </symbol>
      <symbol id="sm-1877">
         <name>qos2_pub_cq_unlog</name>
         <value>0x2000c9cb</value>
         <object_component_ref idref="oc-57b"/>
      </symbol>
      <symbol id="sm-1878">
         <name>mqp_ack_wlist_append</name>
         <value>0x2000c67d</value>
         <object_component_ref idref="oc-57b"/>
      </symbol>
      <symbol id="sm-1879">
         <name>cl_ctx_remove</name>
         <value>0x2000cb1f</value>
         <object_component_ref idref="oc-57b"/>
      </symbol>
      <symbol id="sm-187a">
         <name>mqp_init</name>
         <value>0x2000c2cb</value>
         <object_component_ref idref="oc-57b"/>
      </symbol>
      <symbol id="sm-187b">
         <name>mqp_pub_append_data</name>
         <value>0x2000c4c9</value>
         <object_component_ref idref="oc-57b"/>
      </symbol>
      <symbol id="sm-187c">
         <name>secure_conn_struct_init</name>
         <value>0x2000c755</value>
         <object_component_ref idref="oc-57b"/>
      </symbol>
      <symbol id="sm-187d">
         <name>mqp_ack_wlist_remove</name>
         <value>0x2000c6b3</value>
         <object_component_ref idref="oc-57b"/>
      </symbol>
      <symbol id="sm-187e">
         <name>mqp_buf_wr_utf8</name>
         <value>0x2000c325</value>
         <object_component_ref idref="oc-57b"/>
      </symbol>
      <symbol id="sm-187f">
         <name>qos2_pub_cq_reset</name>
         <value>0x2000c96b</value>
         <object_component_ref idref="oc-57b"/>
      </symbol>
      <symbol id="sm-1880">
         <name>cl_ctx_timeout_insert</name>
         <value>0x2000caaf</value>
         <object_component_ref idref="oc-57b"/>
      </symbol>
      <symbol id="sm-1881">
         <name>mqp_buf_rd_remlen</name>
         <value>0x2000c407</value>
         <object_component_ref idref="oc-57b"/>
      </symbol>
      <symbol id="sm-1882">
         <name>mqp_prep_fh</name>
         <value>0x2000c775</value>
         <object_component_ref idref="oc-57b"/>
      </symbol>
      <symbol id="sm-1883">
         <name>mqp_reset</name>
         <value>0x2000c2bf</value>
         <object_component_ref idref="oc-57b"/>
      </symbol>
      <symbol id="sm-1884">
         <name>mqp_ack_wlist_purge</name>
         <value>0x2000c723</value>
         <object_component_ref idref="oc-57b"/>
      </symbol>
      <symbol id="sm-1885">
         <name>mqp_buf_tail_wr_remlen</name>
         <value>0x2000c397</value>
         <object_component_ref idref="oc-57b"/>
      </symbol>
      <symbol id="sm-1886">
         <name>mqp_proc_pub_rx</name>
         <value>0x2000c5db</value>
         <object_component_ref idref="oc-57b"/>
      </symbol>
      <symbol id="sm-1887">
         <name>mqp_recv</name>
         <value>0x2000c7eb</value>
         <object_component_ref idref="oc-57b"/>
      </symbol>
      <symbol id="sm-1888">
         <name>cl_ctx_timeout_update</name>
         <value>0x2000cb75</value>
         <object_component_ref idref="oc-57b"/>
      </symbol>
      <symbol id="sm-1889">
         <name>mqp_pub_append_topic</name>
         <value>0x2000c417</value>
         <object_component_ref idref="oc-57b"/>
      </symbol>
      <symbol id="sm-188a">
         <name>mqp_proc_msg_id_ack_rx</name>
         <value>0x2000c5a5</value>
         <object_component_ref idref="oc-57b"/>
      </symbol>
      <symbol id="sm-188b">
         <name>mqp_proc_vh_msg_id_rx</name>
         <value>0x2000c599</value>
         <object_component_ref idref="oc-57b"/>
      </symbol>
      <symbol id="sm-188c">
         <name>qos2_pub_cq_logup</name>
         <value>0x2000c98d</value>
         <object_component_ref idref="oc-57b"/>
      </symbol>
      <symbol id="sm-188d">
         <name>cl_ctx_reset</name>
         <value>0x2000ca7f</value>
         <object_component_ref idref="oc-57b"/>
      </symbol>
      <symbol id="sm-188e">
         <name>qos2_pub_cq_check</name>
         <value>0x2000ca0f</value>
         <object_component_ref idref="oc-57b"/>
      </symbol>
      <symbol id="sm-18da">
         <name>GPIOIntDisable</name>
         <value>0x20014771</value>
         <object_component_ref idref="oc-3cd"/>
      </symbol>
      <symbol id="sm-18db">
         <name>GPIOIntEnable</name>
         <value>0x2001478b</value>
         <object_component_ref idref="oc-2f8"/>
      </symbol>
      <symbol id="sm-18dc">
         <name>GPIOIntTypeSet</name>
         <value>0x200129e5</value>
         <object_component_ref idref="oc-2ec"/>
      </symbol>
      <symbol id="sm-18dd">
         <name>GPIOIntClear</name>
         <value>0x20014985</value>
         <object_component_ref idref="oc-2f2"/>
      </symbol>
      <symbol id="sm-18de">
         <name>GPIOIntStatus</name>
         <value>0x200144e1</value>
         <object_component_ref idref="oc-3c1"/>
      </symbol>
      <symbol id="sm-18df">
         <name>GPIOPinRead</name>
         <value>0x20014827</value>
         <object_component_ref idref="oc-304"/>
      </symbol>
      <symbol id="sm-18e0">
         <name>GPIODirModeSet</name>
         <value>0x20014029</value>
         <object_component_ref idref="oc-419"/>
      </symbol>
      <symbol id="sm-18e1">
         <name>GPIOPinWrite</name>
         <value>0x2001458b</value>
         <object_component_ref idref="oc-2fe"/>
      </symbol>
      <symbol id="sm-1967">
         <name>IntPendClear</name>
         <value>0x200134bd</value>
         <object_component_ref idref="oc-3c7"/>
      </symbol>
      <symbol id="sm-1968">
         <name>IntPrioritySet</name>
         <value>0x200135c5</value>
         <object_component_ref idref="oc-2d0"/>
      </symbol>
      <symbol id="sm-1969">
         <name>IntVTableBaseSet</name>
         <value>0x20014999</value>
         <object_component_ref idref="oc-169"/>
      </symbol>
      <symbol id="sm-196a">
         <name>IntEnable</name>
         <value>0x20011f95</value>
         <object_component_ref idref="oc-175"/>
      </symbol>
      <symbol id="sm-196b">
         <name>IntDisable</name>
         <value>0x20011eed</value>
         <object_component_ref idref="oc-2d6"/>
      </symbol>
      <symbol id="sm-196c">
         <name>IntRegister</name>
         <value>0x200145ad</value>
         <object_component_ref idref="oc-2ca"/>
      </symbol>
      <symbol id="sm-196d">
         <name>IntUnregister</name>
         <value>0x2001439d</value>
         <object_component_ref idref="oc-2dc"/>
      </symbol>
      <symbol id="sm-196e">
         <name>IntMasterEnable</name>
         <value>0x20014a71</value>
         <object_component_ref idref="oc-16f"/>
      </symbol>
      <symbol id="sm-19a5">
         <name>PinTypeUART</name>
         <value>0x200147a5</value>
         <object_component_ref idref="oc-41f"/>
      </symbol>
      <symbol id="sm-19a6">
         <name>PinTypeGPIO</name>
         <value>0x200140c9</value>
         <object_component_ref idref="oc-413"/>
      </symbol>
      <symbol id="sm-19a7">
         <name>PinConfigSet</name>
         <value>0x20012741</value>
         <object_component_ref idref="oc-5ab"/>
      </symbol>
      <symbol id="sm-19a8">
         <name>PinModeSet</name>
         <value>0x20013d09</value>
         <object_component_ref idref="oc-5b1"/>
      </symbol>
      <symbol id="sm-1a86">
         <name>PRCMSlowClkCtrGet</name>
         <value>0x200136c1</value>
         <object_component_ref idref="oc-90e"/>
      </symbol>
      <symbol id="sm-1a87">
         <name>PRCMPeripheralReset</name>
         <value>0x20013515</value>
         <object_component_ref idref="oc-323"/>
      </symbol>
      <symbol id="sm-1a88">
         <name>PRCMRTCInUseSet</name>
         <value>0x20014a7b</value>
         <object_component_ref idref="oc-861"/>
      </symbol>
      <symbol id="sm-1a89">
         <name>PRCMPeripheralClkEnable</name>
         <value>0x20013f05</value>
         <object_component_ref idref="oc-31d"/>
      </symbol>
      <symbol id="sm-1a8a">
         <name>PRCMPeripheralClockGet</name>
         <value>0x200123e9</value>
         <object_component_ref idref="oc-291"/>
      </symbol>
      <symbol id="sm-1a8b">
         <name>PRCMCC3200MCUInit</name>
         <value>0x2000fcd9</value>
         <object_component_ref idref="oc-17b"/>
      </symbol>
      <symbol id="sm-1a8c">
         <name>PRCMHIBRegWrite</name>
         <value>0x2001492f</value>
         <object_component_ref idref="oc-379"/>
      </symbol>
      <symbol id="sm-1a8d">
         <name>PRCMSysResetCauseGet</name>
         <value>0x200141b5</value>
         <object_component_ref idref="oc-36d"/>
      </symbol>
      <symbol id="sm-1a8e">
         <name>PRCMRTCGet</name>
         <value>0x20012c69</value>
         <object_component_ref idref="oc-867"/>
      </symbol>
      <symbol id="sm-1a8f">
         <name>PRCMPeripheralStatusGet</name>
         <value>0x20014061</value>
         <object_component_ref idref="oc-5de"/>
      </symbol>
      <symbol id="sm-1a90">
         <name>PRCMPeripheralClkDisable</name>
         <value>0x20014289</value>
         <object_component_ref idref="oc-37f"/>
      </symbol>
      <symbol id="sm-1a91">
         <name>PRCMHIBRegRead</name>
         <value>0x20014919</value>
         <object_component_ref idref="oc-373"/>
      </symbol>
      <symbol id="sm-1b2d">
         <name>SPIFIFODisable</name>
         <value>0x200147f3</value>
         <object_component_ref idref="oc-64e"/>
      </symbol>
      <symbol id="sm-1b2e">
         <name>SPICSEnable</name>
         <value>0x20014857</value>
         <object_component_ref idref="oc-7f2"/>
      </symbol>
      <symbol id="sm-1b2f">
         <name>SPIDisable</name>
         <value>0x2001486f</value>
         <object_component_ref idref="oc-5cc"/>
      </symbol>
      <symbol id="sm-1b30">
         <name>SPIFIFOEnable</name>
         <value>0x2001480d</value>
         <object_component_ref idref="oc-5ea"/>
      </symbol>
      <symbol id="sm-1b31">
         <name>SPIWordCountSet</name>
         <value>0x20014547</value>
         <object_component_ref idref="oc-7f8"/>
      </symbol>
      <symbol id="sm-1b32">
         <name>SPIEnable</name>
         <value>0x20014887</value>
         <object_component_ref idref="oc-602"/>
      </symbol>
      <symbol id="sm-1b33">
         <name>SPIDmaEnable</name>
         <value>0x200147d9</value>
         <object_component_ref idref="oc-5f0"/>
      </symbol>
      <symbol id="sm-1b34">
         <name>SPIConfigSetExpClk</name>
         <value>0x2001203d</value>
         <object_component_ref idref="oc-5d8"/>
      </symbol>
      <symbol id="sm-1b35">
         <name>SPIFIFOLevelSet</name>
         <value>0x20014095</value>
         <object_component_ref idref="oc-5f6"/>
      </symbol>
      <symbol id="sm-1b36">
         <name>SPIDmaDisable</name>
         <value>0x200147bf</value>
         <object_component_ref idref="oc-654"/>
      </symbol>
      <symbol id="sm-1b37">
         <name>SPIReset</name>
         <value>0x20014525</value>
         <object_component_ref idref="oc-5d2"/>
      </symbol>
      <symbol id="sm-1b38">
         <name>SPIIntEnable</name>
         <value>0x20013801</value>
         <object_component_ref idref="oc-5fc"/>
      </symbol>
      <symbol id="sm-1b39">
         <name>SPIIntClear</name>
         <value>0x200139c9</value>
         <object_component_ref idref="oc-7a7"/>
      </symbol>
      <symbol id="sm-1b3a">
         <name>SPICSDisable</name>
         <value>0x2001483f</value>
         <object_component_ref idref="oc-5c6"/>
      </symbol>
      <symbol id="sm-1ba9">
         <name>TimerLoadSet</name>
         <value>0x200141e1</value>
         <object_component_ref idref="oc-33b"/>
      </symbol>
      <symbol id="sm-1baa">
         <name>TimerDisable</name>
         <value>0x2001462d</value>
         <object_component_ref idref="oc-347"/>
      </symbol>
      <symbol id="sm-1bab">
         <name>TimerEnable</name>
         <value>0x2001464b</value>
         <object_component_ref idref="oc-341"/>
      </symbol>
      <symbol id="sm-1bac">
         <name>TimerIntUnregister</name>
         <value>0x200132cd</value>
         <object_component_ref idref="oc-353"/>
      </symbol>
      <symbol id="sm-1bad">
         <name>TimerIntStatus</name>
         <value>0x20014669</value>
         <object_component_ref idref="oc-157"/>
      </symbol>
      <symbol id="sm-1bae">
         <name>TimerIntDisable</name>
         <value>0x2001489f</value>
         <object_component_ref idref="oc-34d"/>
      </symbol>
      <symbol id="sm-1baf">
         <name>TimerValueGet</name>
         <value>0x200146ff</value>
         <object_component_ref idref="oc-359"/>
      </symbol>
      <symbol id="sm-1bb0">
         <name>TimerPrescaleSet</name>
         <value>0x2001420b</value>
         <object_component_ref idref="oc-32f"/>
      </symbol>
      <symbol id="sm-1bb1">
         <name>TimerIntEnable</name>
         <value>0x200148b7</value>
         <object_component_ref idref="oc-335"/>
      </symbol>
      <symbol id="sm-1bb2">
         <name>TimerConfigure</name>
         <value>0x20013b2d</value>
         <object_component_ref idref="oc-329"/>
      </symbol>
      <symbol id="sm-1bb3">
         <name>TimerIntClear</name>
         <value>0x200149e9</value>
         <object_component_ref idref="oc-15d"/>
      </symbol>
      <symbol id="sm-1bef">
         <name>UARTConfigSetExpClk</name>
         <value>0x20012fc5</value>
         <object_component_ref idref="oc-297"/>
      </symbol>
      <symbol id="sm-1bf0">
         <name>UARTDisable</name>
         <value>0x200140f9</value>
         <object_component_ref idref="oc-4e2"/>
      </symbol>
      <symbol id="sm-1bf1">
         <name>UARTCharsAvail</name>
         <value>0x200148cf</value>
         <object_component_ref idref="oc-2a9"/>
      </symbol>
      <symbol id="sm-1bf2">
         <name>UARTCharGetNonBlocking</name>
         <value>0x2001471b</value>
         <object_component_ref idref="oc-2af"/>
      </symbol>
      <symbol id="sm-1bf3">
         <name>UARTCharPut</name>
         <value>0x20014687</value>
         <object_component_ref idref="oc-29d"/>
      </symbol>
      <symbol id="sm-1bf4">
         <name>UARTEnable</name>
         <value>0x20014409</value>
         <object_component_ref idref="oc-4e8"/>
      </symbol>
      <symbol id="sm-1c4b">
         <name>uDMAChannelControlSet</name>
         <value>0x20013f7d</value>
         <object_component_ref idref="oc-92e"/>
      </symbol>
      <symbol id="sm-1c4c">
         <name>uDMAChannelAttributeEnable</name>
         <value>0x200133fd</value>
         <object_component_ref idref="oc-934"/>
      </symbol>
      <symbol id="sm-1c4d">
         <name>uDMAChannelTransferSet</name>
         <value>0x200112ad</value>
         <object_component_ref idref="oc-93a"/>
      </symbol>
      <symbol id="sm-1c4e">
         <name>uDMAChannelAssign</name>
         <value>0x2001397d</value>
         <object_component_ref idref="oc-78b"/>
      </symbol>
      <symbol id="sm-1c4f">
         <name>uDMAChannelAttributeDisable</name>
         <value>0x20013399</value>
         <object_component_ref idref="oc-791"/>
      </symbol>
      <symbol id="sm-1c50">
         <name>uDMAChannelEnable</name>
         <value>0x20014755</value>
         <object_component_ref idref="oc-940"/>
      </symbol>
      <symbol id="sm-1c54">
         <name>UtilsDelay</name>
         <value>0x20014a8b</value>
         <object_component_ref idref="oc-191"/>
      </symbol>
      <symbol id="sm-1c5e">
         <name>CPUcpsie</name>
         <value>0x20014971</value>
         <object_component_ref idref="oc-362"/>
      </symbol>
      <symbol id="sm-1c77">
         <name>strtok</name>
         <value>0x20013e89</value>
         <object_component_ref idref="oc-71a"/>
      </symbol>
      <symbol id="sm-1c88">
         <name>strcspn</name>
         <value>0x200144bd</value>
         <object_component_ref idref="oc-84c"/>
      </symbol>
      <symbol id="sm-1c9a">
         <name>strspn</name>
         <value>0x20014235</value>
         <object_component_ref idref="oc-846"/>
      </symbol>
      <symbol id="sm-1c9b">
         <name>__TI_static_base__</name>
         <value>0x20015248</value>
      </symbol>
      <symbol id="sm-1c9e">
         <name>SHT$$INIT_ARRAY$$Limit</name>
         <value>0x0</value>
      </symbol>
      <symbol id="sm-1c9f">
         <name>SHT$$INIT_ARRAY$$Base</name>
         <value>0x0</value>
      </symbol>
   </symbol_table>
   <title>Link successful</title>
</link_info>
