******************************************************************************
                  TI ARM Linker PC v5.2.6                      
******************************************************************************
>> Linked Tue Feb 07 15:55:33 2017

OUTPUT FILE NAME:   <domotica_mqtt_client_1.2.0.out>
ENTRY POINT SYMBOL: "_c_int00"  address: 2001402d


MEMORY CONFIGURATION

         name            origin    length      used     unused   attr    fill
----------------------  --------  ---------  --------  --------  ----  --------
  SRAM_CODE             20004000   00016fff  000115b6  00005a49  RW X
  SRAM_DATA             2001b000   00015000  0000e2c5  00006d3b  RW X


SEGMENT ALLOCATION MAP

run origin  load origin   length   init length attrs members
----------  ----------- ---------- ----------- ----- -------
20004000    20004000    000115b8   000115b8    r-x
  20004000    20004000    00000400   00000400    r-- .intvecs
  20004400    20004400    0001089e   0001089e    r-x .text
  20014ca0    20014ca0    000007b0   000007b0    r-- .const
  20015450    20015450    00000168   00000168    r-- .cinit
2001b000    2001b000    000092c8   00000000    rw-
  2001b000    2001b000    00008000   00000000    rw- .sysmem
  20023000    20023000    00000fcd   00000000    rw- .bss
  20023fd0    20023fd0    000002f8   00000000    rw- .data
2002b000    2002b000    00005000   00000000    rw-
  2002b000    2002b000    00005000   00000000    rw- .stack


SECTION ALLOCATION MAP

 output                                  attributes/
section   page    origin      length       input sections
--------  ----  ----------  ----------   ----------------
.intvecs   0    20004000    00000400     
                  20004000    00000400     startup_ccs.obj (.intvecs)

.init_array 
*          0    20004000    00000000     UNINITIALIZED

.text      0    20004400    0001089e     
                  20004400    000025cc     mqtt.a : mqtt_client.obj (.text)
                  200069cc    000012e0     network_if.obj (.text)
                  20007cac    0000125c     free_rtos.a : tasks.obj (.text)
                  20008f08    000010a6     rtsv7M4_T_le_eabi.lib : _printfi.obj (.text)
                  20009fae    00000002     driverlib.a : interrupt.obj (.text:IntDefaultHandler)
                  20009fb0    00000c18     main.obj (.text)
                  2000abc8    00000b24     free_rtos.a : queue.obj (.text)
                  2000b6ec    00000a68     mqtt.a : sl_mqtt_client.obj (.text)
                  2000c154    00000a0c            : mqtt_common.obj (.text)
                  2000cb60    000006d0            : cc31xx_sl_net.obj (.text)
                  2000d230    00000590     simplelink.a : driver.obj (.text:_SlDrvMsgRead)
                  2000d7c0    0000045c     free_rtos.a : osi_freertos.obj (.text)
                  2000dc1c    000003dc     rtsv7M4_T_le_eabi.lib : memory.obj (.text)
                  2000dff8    00000394     gpio_if.obj (.text)
                  2000e38c    00000294     simplelink.a : wlan.obj (.text:sl_WlanProfileAdd)
                  2000e620    00000290     uart_if.obj (.text)
                  2000e8b0    00000260     simplelink.a : wlan.obj (.text:sl_WlanConnect)
                  2000eb10    000001fc                  : driver.obj (.text:_SlDrvRxHdrRead)
                  2000ed0c    000001f4     rtsv7M4_T_le_eabi.lib : ull_div_t2.obj (.text)
                  2000ef00    000001e0     simplelink.a : driver.obj (.text:_SlDrvDataReadOp)
                  2000f0e0    000001d0                  : driver.obj (.text:_SlDrvReleasePoolObj)
                  2000f2b0    000001c0     timer_if.obj (.text)
                  2000f470    000001b6     rtsv7M4_T_le_eabi.lib : fd_add_t2.obj (.text)
                  2000f626    00000002     --HOLE-- [fill = 0]
                  2000f628    000001a0     simplelink.a : socket.obj (.text:sl_Accept)
                  2000f7c8    0000019c                  : driver.obj (.text:_SlDrvMsgWrite)
                  2000f964    00000190                  : driver.obj (.text:_SlDrvDriverCBInit)
                  2000faf4    00000190                  : driver.obj (.text:_SlDrvWaitForPoolObj)
                  2000fc84    00000178     driverlib.a : prcm.obj (.text:PRCMCC3200MCUInit)
                  2000fdfc    00000170     simplelink.a : driver.obj (.text:_SlFindAndSetActiveObj)
                  2000ff6c    0000016c                  : socket.obj (.text:sl_Connect)
                  200100d8    0000015c                  : socket.obj (.text:sl_Select)
                  20010234    00000150     button_if.obj (.text)
                  20010384    00000150     simplelink.a : cc_pal.obj (.text:spi_Open)
                  200104d4    0000014c                  : driver.obj (.text:_SlDrvDataWriteOp)
                  20010620    00000136     rtsv7M4_T_le_eabi.lib : fd_div_t2.obj (.text)
                  20010756    00000002     --HOLE-- [fill = 0]
                  20010758    0000012c     simplelink.a : netapp.obj (.text:sl_NetAppDnsGetHostByName)
                  20010884    0000012a     free_rtos.a : list.obj (.text)
                  200109ae    00000002     --HOLE-- [fill = 0]
                  200109b0    00000128     simplelink.a : socket.obj (.text:sl_SendTo)
                  20010ad8    00000120                  : driver.obj (.text:_SlDrvMsgReadCmdCtx)
                  20010bf8    00000120                  : socket.obj (.text:sl_RecvFrom)
                  20010d18    00000118                  : driver.obj (.text:_SlDrvDriverCBDeinit)
                  20010e30    00000118                  : socket.obj (.text:sl_Send)
                  20010f48    00000110     free_rtos.a : port.obj (.text)
                  20011058    00000110     rtsv7M4_T_le_eabi.lib : xdscale.obj (.text)
                  20011168    00000104     simplelink.a : netapp.obj (.text:_SlDrvNetAppEventHandler)
                  2001126c    000000fc     rtsv7M4_T_le_eabi.lib : fd_mul_t2.obj (.text)
                  20011368    000000f0     driverlib.a : udma.obj (.text:uDMAChannelTransferSet)
                  20011458    000000e8     simplelink.a : driver.obj (.text:_SlAsyncEventGenericHandler)
                  20011540    000000e4                  : device.obj (.text:sl_Stop)
                  20011624    000000e0                  : device.obj (.text:sl_Start)
                  20011704    000000dc                  : driver.obj (.text:_SlDrvClassifyRxMsg)
                  200117e0    000000dc                  : cc_pal.obj (.text:spi_Read)
                  200118bc    000000d4                  : driver.obj (.text:_SlDrvMsgReadSpawnCtx)
                  20011990    000000cc                  : netapp.obj (.text:_sl_HandleAsync_DnsGetHostByService)
                  20011a5c    000000c8                  : netapp.obj (.text:sl_NetAppMDNSRegisterUnregisterService)
                  20011b24    000000c4                  : driver.obj (.text:_SlRemoveFromList)
                  20011be8    000000c0                  : driver.obj (.text:_SlDrvCmdOp)
                  20011ca8    000000c0                  : netcfg.obj (.text:sl_NetCfgGet)
                  20011d68    000000be     rtsv7M4_T_le_eabi.lib : xdnorm.obj (.text)
                  20011e26    00000002     --HOLE-- [fill = 0]
                  20011e28    000000ba     free_rtos.a : portasm.obj (.text)
                  20011ee2    00000002     --HOLE-- [fill = 0]
                  20011ee4    000000b4     simplelink.a : device.obj (.text:sl_DevGet)
                  20011f98    000000a8     driverlib.a : interrupt.obj (.text:IntDisable)
                  20012040    000000a8                 : interrupt.obj (.text:IntEnable)
                  200120e8    000000a0                 : spi.obj (.text:SPIConfigSetExpClk)
                  20012188    000000a0     simplelink.a : driver.obj (.text:_SlDriverHandleError)
                  20012228    0000009c     rtsv7M4_T_le_eabi.lib : memcpy_t2.obj (.text)
                  200122c4    0000009c     simplelink.a : socket.obj (.text:sl_Bind)
                  20012360    0000009a                  : device.obj (.text:_SlDrvDeviceEventHandler)
                  200123fa    00000002     --HOLE-- [fill = 0]
                  200123fc    00000098     pinmux.obj (.text)
                  20012494    00000094     driverlib.a : prcm.obj (.text:PRCMPeripheralClockGet)
                  20012528    00000090     simplelink.a : netapp.obj (.text:_sl_HandleAsync_DnsGetHostByName)
                  200125b8    00000090                  : netapp.obj (.text:_sl_HandleAsync_PingResponse)
                  20012648    0000008c                  : cc_pal.obj (.text:SetupDMAReceive)
                  200126d4    0000008c                  : cc_pal.obj (.text:SetupDMASend)
                  20012760    0000008c                  : cc_pal.obj (.text:spi_Write)
                  200127ec    00000088     driverlib.a : pin.obj (.text:PinConfigSet)
                  20012874    00000088     rtsv7M4_T_le_eabi.lib : vsnprintf.obj (.text)
                  200128fc    00000088     simplelink.a : socket.obj (.text:sl_Recv)
                  20012984    00000086     rtsv7M4_T_le_eabi.lib : fd_cmp_t2.obj (.text:__aeabi_cdcmple)
                  20012a0a    00000086                           : fd_cmp_t2.obj (.text:__aeabi_cdrcmple)
                  20012a90    00000082     driverlib.a : gpio.obj (.text:GPIOIntTypeSet)
                  20012b12    00000002     --HOLE-- [fill = 0]
                  20012b14    00000080     simplelink.a : socket.obj (.text:_sl_HandleAsync_Connect)
                  20012b94    00000080                  : device.obj (.text:_sl_HandleAsync_InitComplete)
                  20012c14    00000080                  : cc_pal.obj (.text:spi_Read_CPU)
                  20012c94    00000080                  : cc_pal.obj (.text:spi_Write_CPU)
                  20012d14    0000007c     driverlib.a : prcm.obj (.text:PRCMRTCGet)
                  20012d90    0000007c     simplelink.a : netcfg.obj (.text:sl_NetCfgSet)
                  20012e0c    0000007c                  : socket.obj (.text:sl_SetSockOpt)
                  20012e88    0000007c                  : wlan.obj (.text:sl_WlanSet)
                  20012f04    0000007a     rtsv7M4_T_le_eabi.lib : memset_t2.obj (.text)
                  20012f7e    00000002     --HOLE-- [fill = 0]
                  20012f80    00000078     simplelink.a : wlan.obj (.text:sl_WlanPolicySet)
                  20012ff8    00000078                  : cc_pal.obj (.text:spi_Close)
                  20013070    00000076     driverlib.a : uart.obj (.text:UARTConfigSetExpClk)
                  200130e6    00000002     --HOLE-- [fill = 0]
                  200130e8    00000070     simplelink.a : socket.obj (.text:sl_Socket)
                  20013158    0000006c                  : driver.obj (.text:_SlDrvCmdSend)
                  200131c4    0000006c                  : netapp.obj (.text:_sl_NetAppSendTokenValue)
                  20013230    0000006c     rtsv7M4_T_le_eabi.lib : autoinit.obj (.text)
                  2001329c    0000006c     simplelink.a : wlan.obj (.text:sl_WlanRxFilterSet)
                  20013308    0000006a     rtsv7M4_T_le_eabi.lib : copy_decompress_rle.obj (.text)
                  20013372    00000002     --HOLE-- [fill = 0]
                  20013374    00000068     driverlib.a : timer.obj (.text:TimerIntUnregister)
                  200133dc    00000066     rtsv7M4_T_le_eabi.lib : xdunscal.obj (.text)
                  20013442    00000002     --HOLE-- [fill = 0]
                  20013444    00000064     simplelink.a : socket.obj (.text:_sl_HandleAsync_Accept)
                  200134a8    00000064     driverlib.a : udma.obj (.text:uDMAChannelAttributeDisable)
                  2001350c    00000064                 : udma.obj (.text:uDMAChannelAttributeEnable)
                  20013570    00000058                 : interrupt.obj (.text:IntPendClear)
                  200135c8    00000058                 : prcm.obj (.text:PRCMPeripheralReset)
                  20013620    00000056     rtsv7M4_T_le_eabi.lib : ltoa.obj (.text)
                  20013676    00000002     --HOLE-- [fill = 0]
                  20013678    00000054     driverlib.a : interrupt.obj (.text:IntPrioritySet)
                  200136cc    00000054     simplelink.a : socket.obj (.text:_sl_HandleAsync_Select)
                  20013720    00000050     driverlib.a : prcm.obj (.text:PRCMSlowClkCtrGet)
                  20013770    00000050     simplelink.a : driver.obj (.text:_SlDrvRxIrqHandler)
                  200137c0    00000050                  : device.obj (.text:_sl_HandleAsync_Stop)
                  20013810    00000050                  : socket.obj (.text:sl_Listen)
                  20013860    0000004c     driverlib.a : spi.obj (.text:SPIIntEnable)
                  200138ac    0000004c     simplelink.a : driver.obj (.text:_SlDrvProtectAsyncRespSetting)
                  200138f8    0000004c                  : socket.obj (.text:_sl_BuildAddress)
                  20013944    0000004c     rtsv7M4_T_le_eabi.lib : atoi.obj (.text)
                  20013990    0000004c                           : cpy_tbl.obj (.text)
                  200139dc    0000004c     driverlib.a : udma.obj (.text:uDMAChannelAssign)
                  20013a28    00000048                 : spi.obj (.text:SPIIntClear)
                  20013a70    00000048     simplelink.a : driver.obj (.text:_SlDrvBasicCmd)
                  20013ab8    00000048     rtsv7M4_T_le_eabi.lib : fd_toi_t2.obj (.text)
                  20013b00    00000048     simplelink.a : netapp.obj (.text:sl_NetAppMDNSUnRegisterService)
                  20013b48    00000046     rtsv7M4_T_le_eabi.lib : ldexp.obj (.text)
                  20013b8e    00000002     --HOLE-- [fill = 0]
                  20013b90    00000044     driverlib.a : spi.obj (.text:SPIDmaMaskGet)
                  20013bd4    00000044                 : timer.obj (.text:TimerConfigure)
                  20013c18    00000044     simplelink.a : driver.obj (.text:_SlDrvHandleHttpServerEvents)
                  20013c5c    00000044                  : cc_pal.obj (.text:cc_SetupTransfer)
                  20013ca0    00000044     rtsv7M4_T_le_eabi.lib : exit.obj (.text)
                  20013ce4    00000044     simplelink.a : socket.obj (.text:sl_Close)
                  20013d28    00000044                  : wlan.obj (.text:sl_WlanProfileDel)
                  20013d6c    00000044                  : wlan.obj (.text:sl_WlanSetMode)
                  20013db0    00000042                  : socket.obj (.text:sl_Htonl)
                  20013df2    00000002     --HOLE-- [fill = 0]
                  20013df4    00000040     driverlib.a : pin.obj (.text:PinModeSet)
                  20013e34    00000040     simplelink.a : driver.obj (.text:_SlDrvHandleNetAppEvents)
                  20013e74    00000040                  : driver.obj (.text:_SlDrvHandleWlanEvents)
                  20013eb4    00000040                  : driver.obj (.text:_SlDrvSyncObjWaitTimeout)
                  20013ef4    00000040                  : socket.obj (.text:_sl_TruncatePayloadByProtocol)
                  20013f34    00000040     rtsv7M4_T_le_eabi.lib : signal.obj (.text)
                  20013f74    00000040                           : strtok.obj (.text)
                  20013fb4    0000003c     simplelink.a : netapp.obj (.text:CopyPingResultsToReport)
                  20013ff0    0000003c     driverlib.a : prcm.obj (.text:PRCMPeripheralClkEnable)
                  2001402c    0000003c     rtsv7M4_T_le_eabi.lib : boot.obj (.text)
                  20014068    0000003c     simplelink.a : socket.obj (.text:sl_Htons)
                  200140a4    0000003c     driverlib.a : udma.obj (.text:uDMAChannelControlSet)
                  200140e0    00000038     simplelink.a : cc_pal.obj (.text:NwpPowerOff)
                  20014118    00000038     free_rtos.a : heap_3.obj (.text)
                  20014150    00000036     driverlib.a : gpio.obj (.text:GPIODirModeSet)
                  20014186    00000002     --HOLE-- [fill = 0]
                  20014188    00000034                 : prcm.obj (.text:PRCMPeripheralStatusGet)
                  200141bc    00000034                 : spi.obj (.text:SPIFIFOLevelSet)
                  200141f0    00000034     rtsv7M4_T_le_eabi.lib : feraiseexcept.obj (.text)
                  20014224    00000030     driverlib.a : pin.obj (.text:PinTypeGPIO)
                  20014254    00000030                 : uart.obj (.text:UARTDisable)
                  20014284    00000030     rtsv7M4_T_le_eabi.lib : strncpy.obj (.text)
                  200142b4    00000030                           : xferaise.obj (.text)
                  200142e4    0000002e                           : i_tofd_t2.obj (.text)
                  20014312    0000002e                           : raise.obj (.text)
                  20014340    0000002c     simplelink.a : cc_pal.obj (.text:DmaSpiSwIntHandler)
                  2001436c    0000002c     driverlib.a : prcm.obj (.text:PRCMSysResetCauseGet)
                  20014398    0000002a                 : timer.obj (.text:TimerLoadSet)
                  200143c2    0000002a                 : timer.obj (.text:TimerPrescaleSet)
                  200143ec    0000002a     rtsv7M4_T_le_eabi.lib : strspn.obj (.text)
                  20014416    0000002a                           : xdclass.obj (.text)
                  20014440    00000028     driverlib.a : prcm.obj (.text:IsRTCUsed)
                  20014468    00000028                 : prcm.obj (.text:PRCMPeripheralClkDisable)
                  20014490    00000028     simplelink.a : socket.obj (.text:SL_FD_ISSET)
                  200144b8    00000028                  : driver.obj (.text:_SlDrvObjGlobalLockWaitForever)
                  200144e0    00000028                  : driver.obj (.text:_SlDrvProtectionObjLockWaitForever)
                  20014508    00000026                  : cc_pal.obj (.text:NwpRegisterInterruptHandler)
                  2001452e    00000026     network_common.obj (.text)
                  20014554    00000026     rtsv7M4_T_le_eabi.lib : strncmp.obj (.text)
                  2001457a    00000002     --HOLE-- [fill = 0]
                  2001457c    00000024     driverlib.a : interrupt.obj (.text:IntUnregister)
                  200145a0    00000024                 : prcm.obj (.text:RTCU16MSecRegRead)
                  200145c4    00000024                 : prcm.obj (.text:RTCUseSet)
                  200145e8    00000024                 : uart.obj (.text:UARTEnable)
                  2001460c    00000024     simplelink.a : driver.obj (.text:_SlDrvGlobalObjUnLock)
                  20014630    00000024                  : driver.obj (.text:_SlDrvProtectionObjUnLock)
                  20014654    00000024                  : driver.obj (.text:_SlDrvSyncObjWaitForever)
                  20014678    00000024     rtsv7M4_T_le_eabi.lib : memmov.obj (.text)
                  2001469c    00000024                           : strcspn.obj (.text)
                  200146c0    00000022     driverlib.a : gpio.obj (.text:GPIOIntStatus)
                  200146e2    00000022     simplelink.a : socket.obj (.text:SL_FD_SET)
                  20014704    00000022     driverlib.a : spi.obj (.text:SPIReset)
                  20014726    00000022                 : spi.obj (.text:SPIWordCountSet)
                  20014748    00000022     simplelink.a : driver.obj (.text:_SlDrvObjLockWaitForever)
                  2001476a    00000022     rtsv7M4_T_le_eabi.lib : frexp.obj (.text)
                  2001478c    00000020     driverlib.a : gpio.obj (.text:GPIOPinWrite)
                  200147ac    00000020                 : interrupt.obj (.text:IntRegister)
                  200147cc    00000020     simplelink.a : cc_pal.obj (.text:NwpPowerOn)
                  200147ec    00000020     mqtt.a : cc3200_platform.obj (.text)
                  2001480c    00000020     simplelink.a : wlan.obj (.text:sl_WlanDisconnect)
                  2001482c    0000001e     driverlib.a : timer.obj (.text:TimerDisable)
                  2001484a    0000001e                 : timer.obj (.text:TimerEnable)
                  20014868    0000001e                 : timer.obj (.text:TimerIntStatus)
                  20014886    0000001e                 : uart.obj (.text:UARTCharPut)
                  200148a4    0000001e     simplelink.a : driver.obj (.text:_SlDrvObjUnLock)
                  200148c2    0000001e                  : driver.obj (.text:_SlDrvSyncObjSignal)
                  200148e0    0000001e                  : cc_pal.obj (.text:cc_UDMAChannelSelect)
                  200148fe    0000001c     driverlib.a : timer.obj (.text:TimerValueGet)
                  2001491a    0000001c                 : uart.obj (.text:UARTCharGetNonBlocking)
                  20014936    0000001c     rtsv7M4_T_le_eabi.lib : memccpy.obj (.text)
                  20014952    00000002     --HOLE-- [fill = 0]
                  20014954    0000001c     driverlib.a : udma.obj (.text:uDMAChannelEnable)
                  20014970    0000001a                 : gpio.obj (.text:GPIOIntDisable)
                  2001498a    0000001a                 : gpio.obj (.text:GPIOIntEnable)
                  200149a4    0000001a                 : pin.obj (.text:PinTypeUART)
                  200149be    0000001a                 : spi.obj (.text:SPIDmaDisable)
                  200149d8    0000001a                 : spi.obj (.text:SPIDmaEnable)
                  200149f2    0000001a                 : spi.obj (.text:SPIFIFODisable)
                  20014a0c    0000001a                 : spi.obj (.text:SPIFIFOEnable)
                  20014a26    00000018                 : gpio.obj (.text:GPIOPinRead)
                  20014a3e    00000018                 : spi.obj (.text:SPICSDisable)
                  20014a56    00000018                 : spi.obj (.text:SPICSEnable)
                  20014a6e    00000018                 : spi.obj (.text:SPIDisable)
                  20014a86    00000018                 : spi.obj (.text:SPIEnable)
                  20014a9e    00000018                 : timer.obj (.text:TimerIntDisable)
                  20014ab6    00000018                 : timer.obj (.text:TimerIntEnable)
                  20014ace    00000018                 : uart.obj (.text:UARTCharsAvail)
                  20014ae6    00000002     --HOLE-- [fill = 0]
                  20014ae8    00000018     simplelink.a : device.obj (.text:_sl_GetStartResponseConvert)
                  20014b00    00000018     rtsv7M4_T_le_eabi.lib : args_main.obj (.text)
                  20014b18    00000016     driverlib.a : prcm.obj (.text:PRCMHIBRegRead)
                  20014b2e    00000016                 : prcm.obj (.text:PRCMHIBRegWrite)
                  20014b44    00000016     simplelink.a : driver.obj (.text:_SlDrvMemZero)
                  20014b5a    00000016     rtsv7M4_T_le_eabi.lib : strchr.obj (.text)
                  20014b70    00000014     driverlib.a : cpu.obj (.text:CPUcpsie)
                  20014b84    00000014                 : gpio.obj (.text:GPIOIntClear)
                  20014b98    00000014                 : interrupt.obj (.text:IntVTableBaseSet)
                  20014bac    00000014     rtsv7M4_T_le_eabi.lib : _lock.obj (.text)
                  20014bc0    00000014                           : strcpy.obj (.text)
                  20014bd4    00000014                           : strlen.obj (.text)
                  20014be8    00000012     driverlib.a : timer.obj (.text:TimerIntClear)
                  20014bfa    00000002     --HOLE-- [fill = 0]
                  20014bfc    00000010                 : prcm.obj (.text:RTCU32SecRegRead)
                  20014c0c    00000010     simplelink.a : socket.obj (.text:SL_FD_ZERO)
                  20014c1c    00000010                  : driver.obj (.text:_SlDrvDispatchHttpServerEvents)
                  20014c2c    0000000e                  : driver.obj (.text:_SlDrvResetCmdExt)
                  20014c3a    0000000e     rtsv7M4_T_le_eabi.lib : copy_decompress_none.obj (.text:decompress:none)
                  20014c48    0000000e     startup_ccs.obj (.text)
                  20014c56    00000002     --HOLE-- [fill = 0]
                  20014c58    0000000c     simplelink.a : cc_pal.obj (.text:NwpMaskInterrupt)
                  20014c64    0000000c                  : cc_pal.obj (.text:NwpUnMaskInterrupt)
                  20014c70    0000000c     rtsv7M4_T_le_eabi.lib : copy_zero_init.obj (.text:decompress:ZI)
                  20014c7c    0000000a     driverlib.a : interrupt.obj (.text:IntMasterEnable)
                  20014c86    00000008                 : prcm.obj (.text:PRCMRTCInUseSet)
                  20014c8e    00000006                 : utils.obj (.text:UtilsDelay)
                  20014c94    00000006     rtsv7M4_T_le_eabi.lib : copy_decompress_rle.obj (.text:decompress:rle24)
                  20014c9a    00000004                           : pre_init.obj (.text)

.const     0    20014ca0    000007b0     
                  20014ca0    0000011c     main.obj (.const:.string)
                  20014dbc    00000101     rtsv7M4_T_le_eabi.lib : ctype.obj (.const:.string:_ctypes_)
                  20014ebd    00000003     mqtt.a : sl_mqtt_client.obj (.const)
                  20014ec0    00000100     driverlib.a : pin.obj (.const:g_ulPinToPadMap)
                  20014fc0    000000d4                 : interrupt.obj (.const:g_pulRegs)
                  20015094    000000a8                 : prcm.obj (.const:PRCM_PeriphRegsList)
                  2001513c    00000080                 : interrupt.obj (.const)
                  200151bc    00000062     network_if.obj (.const:.string)
                  2001521e    0000003c     simplelink.a : driver.obj (.const:OpcodeTranslateTable)
                  2001525a    0000003c                  : wlan.obj (.const)
                  20015296    00000002     --HOLE-- [fill = 0]
                  20015298    00000038                  : driver.obj (.const:_SlActionLookupTable)
                  200152d0    00000038                  : driver.obj (.const)
                  20015308    00000034                  : socket.obj (.const)
                  2001533c    0000002c     network_if.obj (.const:$P$T1$2)
                  20015368    00000028     simplelink.a : netapp.obj (.const)
                  20015390    00000024     network_if.obj (.const)
                  200153b4    00000022     network_if.obj (.const:.string:$P$T0$1)
                  200153d6    00000002     --HOLE-- [fill = 0]
                  200153d8    00000020     mqtt.a : cc31xx_sl_net.obj (.const)
                  200153f8    0000001c     simplelink.a : device.obj (.const)
                  20015414    00000018     driverlib.a : spi.obj (.const)
                  2001542c    00000010     simplelink.a : socket.obj (.const:.string)
                  2001543c    0000000b     mqtt.a : mqtt_client.obj (.const:.string)
                  20015447    00000001     --HOLE-- [fill = 0]
                  20015448    00000008     simplelink.a : netcfg.obj (.const)

.cinit     0    20015450    00000168     
                  20015450    0000013f     (.cinit..data.load) [load image, compression = rle]
                  2001558f    00000001     --HOLE-- [fill = 0]
                  20015590    0000000c     (__TI_handler_table)
                  2001559c    00000004     --HOLE-- [fill = 0]
                  200155a0    00000008     (.cinit..bss.load) [load image, compression = zero_init]
                  200155a8    00000010     (__TI_cinit_table)

.sysmem    0    2001b000    00008000     UNINITIALIZED
                  2001b000    00000008     rtsv7M4_T_le_eabi.lib : memory.obj (.sysmem)
                  2001b008    00007ff8     --HOLE--

.bss       0    20023000    00000fcd     UNINITIALIZED
                  20023000    00000800     mqtt.a : sl_mqtt_client.obj (.bss:buf_vec)
                  20023800    000002d0            : mqtt_client.obj (.bss:clients)
                  20023ad0    00000178     simplelink.a : driver.obj (.bss:g_StatMem)
                  20023c48    000000f0     mqtt.a : sl_mqtt_client.obj (.bss:sl_cli_ctx)
                  20023d38    000000c8     free_rtos.a : tasks.obj (.bss:pxReadyTasksLists)
                  20023e00    00000050     simplelink.a : cc_pal.obj (.bss:g_ucDinDout)
                  20023e50    00000050     free_rtos.a : queue.obj (.bss:xQueueRegistry)
                  20023ea0    00000048     mqtt.a : sl_mqtt_client.obj (.bss:mqp_vec)
                  20023ee8    00000024     network_if.obj (.bss:g_ucConnectionSSID)
                  20023f0c    00000018     (.common:recv_hvec)
                  20023f24    00000014     (.common:xDelayedTaskList1)
                  20023f38    00000014     (.common:xDelayedTaskList2)
                  20023f4c    00000014     (.common:xPendingReadyList)
                  20023f60    00000014     (.common:xSuspendedTaskList)
                  20023f74    00000014     (.common:xTasksWaitingTermination)
                  20023f88    00000008     (.common:g_ucConnectionBSSID)
                  20023f90    00000004     (.common:DMAMsgQ)
                  20023f94    00000004     (.common:__Errorlog)
                  20023f98    00000004     (.common:g_PBQueue)
                  20023f9c    00000004     (.common:g_S2InterruptHdl)
                  20023fa0    00000004     (.common:g_S3InterruptHdl)
                  20023fa4    00000004     (.common:g_cDummy)
                  20023fa8    00000004     (.common:g_rx_task_hndl)
                  20023fac    00000004     (.common:g_rx_tx_sync_obj)
                  20023fb0    00000004     (.common:g_wait_secs)
                  20023fb4    00000004     (.common:mqtt_lib_lockobj)
                  20023fb8    00000004     (.common:mt_lock)
                  20023fbc    00000004     (.common:pxDelayedTaskList)
                  20023fc0    00000004     (.common:pxOverflowDelayedTaskList)
                  20023fc4    00000002     (.common:g_usConnectIndex)
                  20023fc6    00000002     (.common:g_usTimerInts)
                  20023fc8    00000001     (.common:RxIrqCnt)
                  20023fc9    00000001     (.common:g_bDeviceRestartIsRequired)
                  20023fca    00000001     (.common:g_ucLED1Pin)
                  20023fcb    00000001     (.common:g_ucLED2Pin)
                  20023fcc    00000001     (.common:g_ucLED3Pin)

.TI.noinit 
*          0    20023000    00000000     UNINITIALIZED

.data      0    20023fd0    000002f8     UNINITIALIZED
                  20023fd0    000000b0     rtsv7M4_T_le_eabi.lib : signal.obj (.data:sigtable)
                  20024080    00000080                           : xvalues.obj (.data)
                  20024100    00000064     main.obj (.data:usr_connect_config)
                  20024164    0000004c     mqtt.a : mqtt_client.obj (.data)
                  200241b0    00000034     free_rtos.a : tasks.obj (.data)
                  200241e4    00000034     main.obj (.data)
                  20024218    00000028     mqtt.a : sl_mqtt_client.obj (.data:net)
                  20024240    00000020     gpio_if.obj (.data)
                  20024260    0000000d     simplelink.a : driver.obj (.data)
                  2002426d    00000001     mqtt.a : sl_mqtt_client.obj (.data)
                  2002426e    00000002     --HOLE--
                  20024270    0000000c     free_rtos.a : osi_freertos.obj (.data)
                  2002427c    0000000c     network_if.obj (.data)
                  20024288    0000000c     rtsv7M4_T_le_eabi.lib : memory.obj (.data)
                  20024294    00000009     simplelink.a : cc_pal.obj (.data)
                  2002429d    00000003     --HOLE--
                  200242a0    00000008     rtsv7M4_T_le_eabi.lib : _lock.obj (.data)
                  200242a8    00000008                           : exit.obj (.data)
                  200242b0    00000008                           : feraiseexcept.obj (.data)
                  200242b8    00000004     free_rtos.a : port.obj (.data)
                  200242bc    00000004     rtsv7M4_T_le_eabi.lib : errno.obj (.data)
                  200242c0    00000004                           : stkdepth_vars.obj (.data)
                  200242c4    00000004                           : strtok.obj (.data)

.TI.persistent 
*          0    20023fd0    00000000     UNINITIALIZED

.stack     0    2002b000    00005000     UNINITIALIZED
                  2002b000    00005000     --HOLE--


LINKER GENERATED COPY TABLES

__TI_cinit_table @ 200155a8 records: 2, size/record: 8, table size: 16
	.data: load addr=20015450, load size=0000013f bytes, run addr=20023fd0, run size=000002f8 bytes, compression=rle
	.bss: load addr=200155a0, load size=00000008 bytes, run addr=20023000, run size=00000fcd bytes, compression=zero_init


LINKER GENERATED HANDLER TABLE

__TI_handler_table @ 20015590 records: 3, size/record: 4, table size: 12
	index: 0, handler: __TI_decompress_rle24
	index: 1, handler: __TI_decompress_none
	index: 2, handler: __TI_zero_init


GLOBAL SYMBOLS: SORTED ALPHABETICALLY BY Name 

address   name                                  
-------   ----                                  
2000a269  BoardInit                             
20010329  Button_IF_DisableInterrupt            
200102d9  Button_IF_EnableInterrupt             
20010275  Button_IF_Init                        
20013ca1  C$$EXIT                               
20014b71  CPUcpsie                              
2000e661  ClearTerm                             
20007109  ConfigureSimpleLinkToDefaultState     
20023f90  DMAMsgQ                               
20014341  DmaSpiSwIntHandler                    
2000e66b  Error                                 
20014151  GPIODirModeSet                        
20014b85  GPIOIntClear                          
20014971  GPIOIntDisable                        
2001498b  GPIOIntEnable                         
200146c1  GPIOIntStatus                         
20012a91  GPIOIntTypeSet                        
20014a27  GPIOPinRead                           
2001478d  GPIOPinWrite                          
2000e2b9  GPIO_IF_ConfigureNIntEnable           
2000e335  GPIO_IF_Get                           
2000e273  GPIO_IF_GetPortNPin                   
2000e035  GPIO_IF_LedConfigure                  
2000e127  GPIO_IF_LedOff                        
2000e073  GPIO_IF_LedOn                         
2000e1db  GPIO_IF_LedStatus                     
2000e245  GPIO_IF_LedToggle                     
2000e2fb  GPIO_IF_Set                           
20010255  GPIOs2IntHandler                      
20010235  GPIOs3IntHandler                      
2000e6a3  GetCmd                                
2000e621  InitTerm                              
200070cf  InitializeAppVariables                
20011f99  IntDisable                            
20012041  IntEnable                             
20014c7d  IntMasterEnable                       
20013571  IntPendClear                          
20013679  IntPrioritySet                        
200147ad  IntRegister                           
2001457d  IntUnregister                         
20014b99  IntVTableBaseSet                      
2000a22d  LedTimerConfigNStart                  
2000a255  LedTimerDeinitStop                    
2000e63f  Message                               
2000a439  MqttClient                            
200241f0  Mqtt_Client                           
200077ad  Network_IF_ConnectAP                  
20007ab1  Network_IF_CurrentMCUState            
2000760d  Network_IF_DeInitDriver               
2000798b  Network_IF_DisconnectFromAP           
20007a3d  Network_IF_GetHostIP                  
200074a9  Network_IF_InitDriver                 
200079c9  Network_IF_IpConfigGet                
20007aa9  Network_IF_ResetMCUStateMachine       
20007ab7  Network_IF_SetMCUMachineState         
20007ad3  Network_IF_UnsetMCUMachineState       
20014c59  NwpMaskInterrupt                      
200140e1  NwpPowerOff                           
200147cd  NwpPowerOn                            
20014509  NwpRegisterInterruptHandler           
20014c65  NwpUnMaskInterrupt                    
2001521e  OpcodeTranslateTable                  
2000fc85  PRCMCC3200MCUInit                     
20014b19  PRCMHIBRegRead                        
20014b2f  PRCMHIBRegWrite                       
20014469  PRCMPeripheralClkDisable              
20013ff1  PRCMPeripheralClkEnable               
20012495  PRCMPeripheralClockGet                
200135c9  PRCMPeripheralReset                   
20014189  PRCMPeripheralStatusGet               
20012d15  PRCMRTCGet                            
20014c87  PRCMRTCInUseSet                       
20013721  PRCMSlowClkCtrGet                     
2001436d  PRCMSysResetCauseGet                  
200127ed  PinConfigSet                          
20013df5  PinModeSet                            
200123fd  PinMuxConfig                          
20014225  PinTypeGPIO                           
200149a5  PinTypeUART                           
2000e7f1  Report                                
20014c49  ResetISR                              
20023fc8  RxIrqCnt                              
UNDEFED   SHT$$INIT_ARRAY$$Base                 
UNDEFED   SHT$$INIT_ARRAY$$Limit                
20014491  SL_FD_ISSET                           
200146e3  SL_FD_SET                             
20014c0d  SL_FD_ZERO                            
20014a3f  SPICSDisable                          
20014a57  SPICSEnable                           
200120e9  SPIConfigSetExpClk                    
20014a6f  SPIDisable                            
200149bf  SPIDmaDisable                         
200149d9  SPIDmaEnable                          
20014a87  SPIEnable                             
200149f3  SPIFIFODisable                        
20014a0d  SPIFIFOEnable                         
200141bd  SPIFIFOLevelSet                       
20013a29  SPIIntClear                           
20013861  SPIIntEnable                          
20014705  SPIReset                              
20014727  SPIWordCountSet                       
200241e4  SecurityParams                        
20006c21  SimpleLinkGeneralEventHandler         
20006cf5  SimpleLinkHttpServerCallback          
20006ba9  SimpleLinkNetAppEventHandler          
20006c41  SimpleLinkSockEventHandler            
200069e5  SimpleLinkWlanEventHandler            
20013bd5  TimerConfigure                        
2001482d  TimerDisable                          
2001484b  TimerEnable                           
20014be9  TimerIntClear                         
20014a9f  TimerIntDisable                       
20014ab7  TimerIntEnable                        
20014869  TimerIntStatus                        
20013375  TimerIntUnregister                    
20014399  TimerLoadSet                          
2000a1f9  TimerPeriodicIntHandler               
200143c3  TimerPrescaleSet                      
200148ff  TimerValueGet                         
2000f41d  Timer_IF_DeInit                       
2000f44f  Timer_IF_GetCount                     
2000f331  Timer_IF_Init                         
2000f363  Timer_IF_IntSetup                     
2000f3d5  Timer_IF_InterruptClear               
2000f437  Timer_IF_ReLoad                       
2000f3ed  Timer_IF_Start                        
2000f40d  Timer_IF_Stop                         
2000a177  ToggleLedState                        
2000e759  TrimSpace                             
2001491b  UARTCharGetNonBlocking                
20014887  UARTCharPut                           
20014acf  UARTCharsAvail                        
20013071  UARTConfigSetExpClk                   
20014255  UARTDisable                           
200145e9  UARTEnable                            
20014c8f  UtilsDelay                            
2000da89  VDeleteSimpleLinkSpawnTask            
2000b8d1  VMqttRecvTask                         
2000da39  VStartSimpleLinkSpawnTask             
20014417  _Dclass                               
20024080  _Denorm                               
20011d69  _Dnorm                                
20011059  _Dscale                               
200133dd  _Dunscale                             
20024090  _Eps                                  
200242bc  _Errno                                
200242b0  _Fenv                                 
200142b5  _Feraise                              
200240a0  _Hugeval                              
200240b0  _Inf                                  
200240c0  _Nan                                  
200240e0  _Rteps                                
20015298  _SlActionLookupTable                  
20012189  _SlDriverHandleError                  
20013a71  _SlDrvBasicCmd                        
20011be9  _SlDrvCmdOp                           
20013159  _SlDrvCmdSend                         
2000ef01  _SlDrvDataReadOp                      
200104d5  _SlDrvDataWriteOp                     
20012361  _SlDrvDeviceEventHandler              
20014c1d  _SlDrvDispatchHttpServerEvents        
20010d19  _SlDrvDriverCBDeinit                  
2000f965  _SlDrvDriverCBInit                    
2001460d  _SlDrvGlobalObjUnLock                 
20013c19  _SlDrvHandleHttpServerEvents          
20013e35  _SlDrvHandleNetAppEvents              
20013e75  _SlDrvHandleWlanEvents                
20014b45  _SlDrvMemZero                         
200118bd  _SlDrvMsgReadSpawnCtx                 
20011169  _SlDrvNetAppEventHandler              
20014749  _SlDrvObjLockWaitForever              
200148a5  _SlDrvObjUnLock                       
200138ad  _SlDrvProtectAsyncRespSetting         
200144e1  _SlDrvProtectionObjLockWaitForever    
20014631  _SlDrvProtectionObjUnLock             
2000f0e1  _SlDrvReleasePoolObj                  
20014c2d  _SlDrvResetCmdExt                     
20013771  _SlDrvRxIrqHandler                    
200148c3  _SlDrvSyncObjSignal                   
20014655  _SlDrvSyncObjWaitForever              
20013eb5  _SlDrvSyncObjWaitTimeout              
2000faf5  _SlDrvWaitForPoolObj                  
20015384  _SlNetAppSendTokenValueCmdCtrl        
200240d0  _Snan                                 
200242b4  _Tls_setup__Fenv                      
200240f0  _Xbig                                 
200240f8  _Zero                                 
20030000  __STACK_END                           
00005000  __STACK_SIZE                          
00008000  __SYSMEM_SIZE                         
200155a8  __TI_CINIT_Base                       
200155b8  __TI_CINIT_Limit                      
20015590  __TI_Handler_Table_Base               
2001559c  __TI_Handler_Table_Limit              
20013231  __TI_auto_init                        
200242a8  __TI_cleanup_ptr                      
20014c3b  __TI_decompress_none                  
20014c95  __TI_decompress_rle24                 
200242ac  __TI_dtors_ptr                        
20009ca9  __TI_printfi                          
20015450  __TI_static_base__                    
20014c71  __TI_zero_init                        
20012985  __aeabi_cdcmpeq                       
20012985  __aeabi_cdcmple                       
20012a0b  __aeabi_cdrcmple                      
20013ab9  __aeabi_d2iz                          
2000f47b  __aeabi_dadd                          
20010621  __aeabi_ddiv                          
2001126d  __aeabi_dmul                          
2000f471  __aeabi_dsub                          
200142e5  __aeabi_i2d                           
20012f05  __aeabi_memclr                        
20012f05  __aeabi_memclr4                       
20012f05  __aeabi_memclr8                       
20012229  __aeabi_memcpy                        
20012229  __aeabi_memcpy4                       
20012229  __aeabi_memcpy8                       
20012f07  __aeabi_memset                        
20012f07  __aeabi_memset4                       
20012f07  __aeabi_memset8                       
2000ed0d  __aeabi_uldivmod                      
ffffffff  __binit__                             
ffffffff  __c_args__                            
2002b000  __stack                               
20014b01  _args_main                            
2001402d  _c_int00                              
20014dbc  _ctypes_                              
200242a0  _lock                                 
20014bbb  _nop                                  
20014bb3  _register_lock                        
20014bad  _register_unlock                      
20013445  _sl_HandleAsync_Accept                
20012b15  _sl_HandleAsync_Connect               
20012529  _sl_HandleAsync_DnsGetHostByName      
20011991  _sl_HandleAsync_DnsGetHostByService   
20012b95  _sl_HandleAsync_InitComplete          
200125b9  _sl_HandleAsync_PingResponse          
200136cd  _sl_HandleAsync_Select                
200137c1  _sl_HandleAsync_Stop                  
200131c5  _sl_NetAppSendTokenValue              
2001b000  _sys_memory                           
20014c9b  _system_pre_init                      
200242a4  _unlock                               
20013ca5  abort                                 
20024214  app_hndl                              
20013945  atoi                                  
ffffffff  binit                                 
2000dfc5  calloc                                
2000cacb  cl_ctx_remove                         
2000ca2b  cl_ctx_reset                          
2000ca5b  cl_ctx_timeout_insert                 
2000cb21  cl_ctx_timeout_update                 
2000cf15  comm_close                            
2000cd7d  comm_open                             
20013991  copy_in                               
2002420c  data_sw2                              
20024210  data_sw3                              
20024174  debug_printf                          
20007f3d  eTaskGetState                         
20013cad  exit                                  
200141f1  feraiseexcept                         
2000dd13  free                                  
2001476b  frexp                                 
20023f98  g_PBQueue                             
20023f9c  g_S2InterruptHdl                      
20023fa0  g_S3InterruptHdl                      
20024294  g_SpiFd                               
20023fc9  g_bDeviceRestartIsRequired            
20023fa4  g_cDummy                              
2002426d  g_multi_srvr_conn                     
20024264  g_pCB                                 
20024298  g_pHostIntHdl                         
20004000  g_pfnVectors                          
20023fa8  g_rx_task_hndl                        
20023fac  g_rx_tx_sync_obj                      
20023f88  g_ucConnectionBSSID                   
20023ee8  g_ucConnectionSSID                    
2002429c  g_ucDMAEnabled                        
20023e00  g_ucDinDout                           
20023fca  g_ucLED1Pin                           
20023fcb  g_ucLED2Pin                           
20023fcc  g_ucLED3Pin                           
20024254  g_uiLED1Port                          
20024258  g_uiLED2Port                          
2002425c  g_uiLED3Port                          
20024284  g_ulGatewayIP                         
20024280  g_ulStaIp                             
2002427c  g_ulStatus                            
20023fc4  g_usConnectIndex                      
20023fc6  g_usTimerInts                         
20023fb0  g_wait_secs                           
20007b6d  itoa                                  
20013b49  ldexp                                 
20013621  ltoa                                  
2000aa31  main                                  
200242c0  main_func_sp                          
2000dcab  malloc                                
2000db8d  mem_Free                              
2000db81  mem_Malloc                            
2000dbad  mem_copy                              
2000db99  mem_set                               
2000dee1  memalign                              
20014937  memccpy                               
20012229  memcpy                                
20014679  memmove                               
20012f0d  memset                                
2000dc1d  minit                                 
2000c629  mqp_ack_wlist_append                  
2000c6cf  mqp_ack_wlist_purge                   
2000c65f  mqp_ack_wlist_remove                  
2000c3b3  mqp_buf_rd_remlen                     
2000c343  mqp_buf_tail_wr_remlen                
2000c2d1  mqp_buf_wr_utf8                       
20006495  mqp_client_alloc                      
2000c22b  mqp_free                              
2000c277  mqp_init                              
2000c721  mqp_prep_fh                           
2000c551  mqp_proc_msg_id_ack_rx                
2000c587  mqp_proc_pub_rx                       
2000c545  mqp_proc_vh_msg_id_rx                 
2000c475  mqp_pub_append_data                   
2000c3c3  mqp_pub_append_topic                  
2000c797  mqp_recv                              
2000c26b  mqp_reset                             
20006389  mqtt_client_await_msg                 
200064e9  mqtt_client_buffers_register          
2000607d  mqtt_client_ctx_await_msg             
20006771  mqtt_client_ctx_create                
20006823  mqtt_client_ctx_delete                
200065f5  mqtt_client_ctx_info_register         
200060cf  mqtt_client_ctx_run                   
2000656d  mqtt_client_ctx_will_register         
20004a49  mqtt_client_is_connected              
20006905  mqtt_client_lib_exit                  
20006885  mqtt_client_lib_init                  
20006675  mqtt_client_net_svc_register          
20004a41  mqtt_client_new_msg_id                
20005223  mqtt_client_pub_dispatch              
20005195  mqtt_client_pub_msg_send              
200063f1  mqtt_client_run                       
20004c05  mqtt_client_send_progress             
20005045  mqtt_connect_msg_send                 
2000558f  mqtt_disconn_send                     
20023fb4  mqtt_lib_lockobj                      
20005553  mqtt_pingreq_send                     
2000546b  mqtt_sub_dispatch                     
20005455  mqtt_sub_msg_send                     
20005495  mqtt_unsub_dispatch                   
2000547f  mqtt_unsub_msg_send                   
2000bacb  mutex_lockup                          
2000badb  mutex_unlock                          
20024218  net                                   
2000dc03  osi_ContextRestore                    
2000dc01  osi_ContextSave                       
2000dbc1  osi_EnterCritical                     
2000dbcb  osi_ExitCritical                      
2000d7e7  osi_InterruptDeRegister               
2000d7c1  osi_InterruptRegister                 
2000d8f1  osi_LockObjCreate                     
2000d965  osi_LockObjDelete                     
2000d975  osi_LockObjLock                       
2000d9a1  osi_LockObjUnlock                     
2000dab5  osi_MsgQCreate                        
2000daf9  osi_MsgQDelete                        
2000db45  osi_MsgQRead                          
2000db13  osi_MsgQWrite                         
2000dbdd  osi_Sleep                             
2000d9cb  osi_Spawn                             
2000d8cf  osi_SyncObjClear                      
2000d7f9  osi_SyncObjCreate                     
2000d829  osi_SyncObjDelete                     
2000d843  osi_SyncObjSignal                     
2000d86b  osi_SyncObjSignalFromISR              
2000d8a3  osi_SyncObjWait                       
2000d917  osi_TaskCreate                        
2000d957  osi_TaskDelete                        
2000dbed  osi_TaskDisable                       
2000dbf7  osi_TaskEnable                        
2000dbd5  osi_start                             
20024268  pPingCallBackFunc                     
200151bc  pcDigits                              
20008461  pcTaskGetTaskName                     
200147f5  platform_get_time_in_secs             
200147ed  platform_timer_init                   
20011edd  portCLZ                               
20011ec5  prvPortStartFirstTask                 
20024204  pub_topic_sw2                         
20024208  pub_topic_sw3                         
2000a147  pushButtonInterruptHandler2           
2000a15f  pushButtonInterruptHandler3           
20014119  pvPortMalloc                          
200241b0  pxCurrentTCB                          
20010f49  pxPortInitialiseStack                 
2000c9bb  qos2_pub_cq_check                     
2000c939  qos2_pub_cq_logup                     
2000c917  qos2_pub_cq_reset                     
2000c977  qos2_pub_cq_unlog                     
20014313  raise                                 
2000ddd5  realloc                               
2000d191  recv_from                             
2000cf2f  rtc_secs                              
2000c701  secure_conn_struct_init               
2000d111  send_dest                             
20013f35  signal                                
2000f629  sl_Accept                             
200122c5  sl_Bind                               
20013ce5  sl_Close                              
2000ff6d  sl_Connect                            
20011ee5  sl_DevGet                             
2000bc81  sl_ExtLib_MqttClientConnect           
2000b98d  sl_ExtLib_MqttClientCtxCreate         
2000ba91  sl_ExtLib_MqttClientCtxDelete         
2000be25  sl_ExtLib_MqttClientDisconnect        
2000bbb9  sl_ExtLib_MqttClientExit              
2000baed  sl_ExtLib_MqttClientInit              
2000c075  sl_ExtLib_MqttClientSend              
2000bc19  sl_ExtLib_MqttClientSet               
2000bea1  sl_ExtLib_MqttClientSub               
2000bf99  sl_ExtLib_MqttClientUnsub             
20013db1  sl_Htonl                              
20014069  sl_Htons                              
20013811  sl_Listen                             
20010759  sl_NetAppDnsGetHostByName             
20011a5d  sl_NetAppMDNSRegisterUnregisterService
20013b01  sl_NetAppMDNSUnRegisterService        
20011ca9  sl_NetCfgGet                          
20012d91  sl_NetCfgSet                          
2001452f  sl_Provisioning_HttpServerEventHdl    
2001453d  sl_Provisioning_NetAppEventHdl        
20014549  sl_Provisioning_WlanEventHdl          
200128fd  sl_Recv                               
20010bf9  sl_RecvFrom                           
200100d9  sl_Select                             
20010e31  sl_Send                               
200109b1  sl_SendTo                             
20012e0d  sl_SetSockOpt                         
200130e9  sl_Socket                             
20011625  sl_Start                              
20011541  sl_Stop                               
2000e8b1  sl_WlanConnect                        
2001480d  sl_WlanDisconnect                     
20012f81  sl_WlanPolicySet                      
2000e38d  sl_WlanProfileAdd                     
20013d29  sl_WlanProfileDel                     
2001329d  sl_WlanRxFilterSet                    
20012e89  sl_WlanSet                            
20013d6d  sl_WlanSetMode                        
20012ff9  spi_Close                             
20010385  spi_Open                              
200117e1  spi_Read                              
20012761  spi_Write                             
20014b5b  strchr                                
20014bc1  strcpy                                
2001469d  strcspn                               
20014bd5  strlen                                
20014555  strncmp                               
20014285  strncpy                               
200143ed  strspn                                
20013f75  strtok                                
2000d0a1  tcp_accept                            
2000cf37  tcp_listen                            
2000ceb5  tcp_recv                              
2000cfc3  tcp_select                            
2000ce8f  tcp_send                              
200139dd  uDMAChannelAssign                     
200134a9  uDMAChannelAttributeDisable           
2001350d  uDMAChannelAttributeEnable            
200140a5  uDMAChannelControlSet                 
20014955  uDMAChannelEnable                     
20011369  uDMAChannelTransferSet                
2000b349  ucQueueGetQueueType                   
20011e2d  ulPortSetInterruptMask                
20024100  usr_connect_config                    
20010967  uxListRemove                          
2000b329  uxQueueGetQueueNumber                 
2000b2bd  uxQueueMessagesWaiting                
2000b2f3  uxQueueMessagesWaitingFromISR         
2000b2d3  uxQueueSpacesAvailable                
20008455  uxTaskGetNumberOfTasks                
20008485  uxTaskGetSystemState                  
20008979  uxTaskGetTaskNumber                   
20007fd1  uxTaskPriorityGet                     
20008ed1  uxTaskResetEventItemValue             
200069d7  vApplicationIdleHook                  
200069d9  vApplicationMallocFailedHook          
200069db  vApplicationStackOverflowHook         
200069cd  vAssertCalled                         
20010885  vListInitialise                       
200108b5  vListInitialiseItem                   
20010901  vListInsert                           
200108c5  vListInsertEnd                        
20011e43  vPortClearInterruptMask               
20010fc5  vPortEndScheduler                     
20010fd9  vPortEnterCritical                    
20010ff1  vPortExitCritical                     
20014139  vPortFree                             
20011e9d  vPortSVCHandler                       
20011025  vPortSetupTimerInterrupt              
20010fc7  vPortYield                            
2000b563  vQueueAddToRegistry                   
2000b305  vQueueDelete                          
2000b337  vQueueSetQueueNumber                  
2000b5a5  vQueueUnregisterQueue                 
20007ee7  vTaskDelay                            
20007e4b  vTaskDelayUntil                       
20007dbb  vTaskDelete                           
20008339  vTaskEndScheduler                     
2000896b  vTaskMissedYield                      
20008701  vTaskPlaceOnEventList                 
20008765  vTaskPlaceOnUnorderedEventList        
20008e47  vTaskPriorityDisinherit               
20008d8d  vTaskPriorityInherit                  
20008009  vTaskPrioritySet                      
20008201  vTaskResume                           
20008999  vTaskSetTaskNumber                    
200088cb  vTaskSetTimeOutState                  
200082ef  vTaskStartScheduler                   
2000810d  vTaskSuspend                          
2000834b  vTaskSuspendAll                       
20008681  vTaskSwitchContext                    
20012875  vsnprintf                             
20024270  xHigherPriorityTaskWoken              
20011e51  xPortPendSVHandler                    
20010f99  xPortStartScheduler                   
20011009  xPortSysTickHandler                   
2000b5f3  xQueueAddToSet                        
2000af25  xQueueAltGenericReceive               
2000ae79  xQueueAltGenericSend                  
2000ad4d  xQueueCreateCountingSemaphore         
2000accf  xQueueCreateMutex                     
2000b5df  xQueueCreateSet                       
2000ac59  xQueueGenericCreate                   
2000b0bf  xQueueGenericReceive                  
2000abc9  xQueueGenericReset                    
2000ad6d  xQueueGenericSend                     
2000b023  xQueueGenericSendFromISR              
2000b4ff  xQueueIsQueueEmptyFromISR             
2000b541  xQueueIsQueueFullFromISR              
2000b279  xQueuePeekFromISR                     
2000b201  xQueueReceiveFromISR                  
20023e50  xQueueRegistry                        
2000b627  xQueueRemoveFromSet                   
2000b669  xQueueSelectFromSet                   
2000b683  xQueueSelectFromSetFromISR            
20024274  xSimpleLinkSpawnQueue                 
20024278  xSimpleLinkSpawnTaskHndl              
200088f1  xTaskCheckForTimeOut                  
20007cad  xTaskGenericCreate                    
20008d41  xTaskGetCurrentTaskHandle             
20008543  xTaskGetIdleTaskHandle                
20008d55  xTaskGetSchedulerState                
20008429  xTaskGetTickCount                     
2000843d  xTaskGetTickCountFromISR              
2000855d  xTaskIncrementTick                    
200087d9  xTaskRemoveFromEventList              
2000885d  xTaskRemoveFromUnorderedEventList     
2000835d  xTaskResumeAll                        
20008275  xTaskResumeFromISR                    


GLOBAL SYMBOLS: SORTED BY Symbol Address 

address   name                                  
-------   ----                                  
00005000  __STACK_SIZE                          
00008000  __SYSMEM_SIZE                         
20004000  g_pfnVectors                          
20004a41  mqtt_client_new_msg_id                
20004a49  mqtt_client_is_connected              
20004c05  mqtt_client_send_progress             
20005045  mqtt_connect_msg_send                 
20005195  mqtt_client_pub_msg_send              
20005223  mqtt_client_pub_dispatch              
20005455  mqtt_sub_msg_send                     
2000546b  mqtt_sub_dispatch                     
2000547f  mqtt_unsub_msg_send                   
20005495  mqtt_unsub_dispatch                   
20005553  mqtt_pingreq_send                     
2000558f  mqtt_disconn_send                     
2000607d  mqtt_client_ctx_await_msg             
200060cf  mqtt_client_ctx_run                   
20006389  mqtt_client_await_msg                 
200063f1  mqtt_client_run                       
20006495  mqp_client_alloc                      
200064e9  mqtt_client_buffers_register          
2000656d  mqtt_client_ctx_will_register         
200065f5  mqtt_client_ctx_info_register         
20006675  mqtt_client_net_svc_register          
20006771  mqtt_client_ctx_create                
20006823  mqtt_client_ctx_delete                
20006885  mqtt_client_lib_init                  
20006905  mqtt_client_lib_exit                  
200069cd  vAssertCalled                         
200069d7  vApplicationIdleHook                  
200069d9  vApplicationMallocFailedHook          
200069db  vApplicationStackOverflowHook         
200069e5  SimpleLinkWlanEventHandler            
20006ba9  SimpleLinkNetAppEventHandler          
20006c21  SimpleLinkGeneralEventHandler         
20006c41  SimpleLinkSockEventHandler            
20006cf5  SimpleLinkHttpServerCallback          
200070cf  InitializeAppVariables                
20007109  ConfigureSimpleLinkToDefaultState     
200074a9  Network_IF_InitDriver                 
2000760d  Network_IF_DeInitDriver               
200077ad  Network_IF_ConnectAP                  
2000798b  Network_IF_DisconnectFromAP           
200079c9  Network_IF_IpConfigGet                
20007a3d  Network_IF_GetHostIP                  
20007aa9  Network_IF_ResetMCUStateMachine       
20007ab1  Network_IF_CurrentMCUState            
20007ab7  Network_IF_SetMCUMachineState         
20007ad3  Network_IF_UnsetMCUMachineState       
20007b6d  itoa                                  
20007cad  xTaskGenericCreate                    
20007dbb  vTaskDelete                           
20007e4b  vTaskDelayUntil                       
20007ee7  vTaskDelay                            
20007f3d  eTaskGetState                         
20007fd1  uxTaskPriorityGet                     
20008009  vTaskPrioritySet                      
2000810d  vTaskSuspend                          
20008201  vTaskResume                           
20008275  xTaskResumeFromISR                    
200082ef  vTaskStartScheduler                   
20008339  vTaskEndScheduler                     
2000834b  vTaskSuspendAll                       
2000835d  xTaskResumeAll                        
20008429  xTaskGetTickCount                     
2000843d  xTaskGetTickCountFromISR              
20008455  uxTaskGetNumberOfTasks                
20008461  pcTaskGetTaskName                     
20008485  uxTaskGetSystemState                  
20008543  xTaskGetIdleTaskHandle                
2000855d  xTaskIncrementTick                    
20008681  vTaskSwitchContext                    
20008701  vTaskPlaceOnEventList                 
20008765  vTaskPlaceOnUnorderedEventList        
200087d9  xTaskRemoveFromEventList              
2000885d  xTaskRemoveFromUnorderedEventList     
200088cb  vTaskSetTimeOutState                  
200088f1  xTaskCheckForTimeOut                  
2000896b  vTaskMissedYield                      
20008979  uxTaskGetTaskNumber                   
20008999  vTaskSetTaskNumber                    
20008d41  xTaskGetCurrentTaskHandle             
20008d55  xTaskGetSchedulerState                
20008d8d  vTaskPriorityInherit                  
20008e47  vTaskPriorityDisinherit               
20008ed1  uxTaskResetEventItemValue             
20009ca9  __TI_printfi                          
2000a147  pushButtonInterruptHandler2           
2000a15f  pushButtonInterruptHandler3           
2000a177  ToggleLedState                        
2000a1f9  TimerPeriodicIntHandler               
2000a22d  LedTimerConfigNStart                  
2000a255  LedTimerDeinitStop                    
2000a269  BoardInit                             
2000a439  MqttClient                            
2000aa31  main                                  
2000abc9  xQueueGenericReset                    
2000ac59  xQueueGenericCreate                   
2000accf  xQueueCreateMutex                     
2000ad4d  xQueueCreateCountingSemaphore         
2000ad6d  xQueueGenericSend                     
2000ae79  xQueueAltGenericSend                  
2000af25  xQueueAltGenericReceive               
2000b023  xQueueGenericSendFromISR              
2000b0bf  xQueueGenericReceive                  
2000b201  xQueueReceiveFromISR                  
2000b279  xQueuePeekFromISR                     
2000b2bd  uxQueueMessagesWaiting                
2000b2d3  uxQueueSpacesAvailable                
2000b2f3  uxQueueMessagesWaitingFromISR         
2000b305  vQueueDelete                          
2000b329  uxQueueGetQueueNumber                 
2000b337  vQueueSetQueueNumber                  
2000b349  ucQueueGetQueueType                   
2000b4ff  xQueueIsQueueEmptyFromISR             
2000b541  xQueueIsQueueFullFromISR              
2000b563  vQueueAddToRegistry                   
2000b5a5  vQueueUnregisterQueue                 
2000b5df  xQueueCreateSet                       
2000b5f3  xQueueAddToSet                        
2000b627  xQueueRemoveFromSet                   
2000b669  xQueueSelectFromSet                   
2000b683  xQueueSelectFromSetFromISR            
2000b8d1  VMqttRecvTask                         
2000b98d  sl_ExtLib_MqttClientCtxCreate         
2000ba91  sl_ExtLib_MqttClientCtxDelete         
2000bacb  mutex_lockup                          
2000badb  mutex_unlock                          
2000baed  sl_ExtLib_MqttClientInit              
2000bbb9  sl_ExtLib_MqttClientExit              
2000bc19  sl_ExtLib_MqttClientSet               
2000bc81  sl_ExtLib_MqttClientConnect           
2000be25  sl_ExtLib_MqttClientDisconnect        
2000bea1  sl_ExtLib_MqttClientSub               
2000bf99  sl_ExtLib_MqttClientUnsub             
2000c075  sl_ExtLib_MqttClientSend              
2000c22b  mqp_free                              
2000c26b  mqp_reset                             
2000c277  mqp_init                              
2000c2d1  mqp_buf_wr_utf8                       
2000c343  mqp_buf_tail_wr_remlen                
2000c3b3  mqp_buf_rd_remlen                     
2000c3c3  mqp_pub_append_topic                  
2000c475  mqp_pub_append_data                   
2000c545  mqp_proc_vh_msg_id_rx                 
2000c551  mqp_proc_msg_id_ack_rx                
2000c587  mqp_proc_pub_rx                       
2000c629  mqp_ack_wlist_append                  
2000c65f  mqp_ack_wlist_remove                  
2000c6cf  mqp_ack_wlist_purge                   
2000c701  secure_conn_struct_init               
2000c721  mqp_prep_fh                           
2000c797  mqp_recv                              
2000c917  qos2_pub_cq_reset                     
2000c939  qos2_pub_cq_logup                     
2000c977  qos2_pub_cq_unlog                     
2000c9bb  qos2_pub_cq_check                     
2000ca2b  cl_ctx_reset                          
2000ca5b  cl_ctx_timeout_insert                 
2000cacb  cl_ctx_remove                         
2000cb21  cl_ctx_timeout_update                 
2000cd7d  comm_open                             
2000ce8f  tcp_send                              
2000ceb5  tcp_recv                              
2000cf15  comm_close                            
2000cf2f  rtc_secs                              
2000cf37  tcp_listen                            
2000cfc3  tcp_select                            
2000d0a1  tcp_accept                            
2000d111  send_dest                             
2000d191  recv_from                             
2000d7c1  osi_InterruptRegister                 
2000d7e7  osi_InterruptDeRegister               
2000d7f9  osi_SyncObjCreate                     
2000d829  osi_SyncObjDelete                     
2000d843  osi_SyncObjSignal                     
2000d86b  osi_SyncObjSignalFromISR              
2000d8a3  osi_SyncObjWait                       
2000d8cf  osi_SyncObjClear                      
2000d8f1  osi_LockObjCreate                     
2000d917  osi_TaskCreate                        
2000d957  osi_TaskDelete                        
2000d965  osi_LockObjDelete                     
2000d975  osi_LockObjLock                       
2000d9a1  osi_LockObjUnlock                     
2000d9cb  osi_Spawn                             
2000da39  VStartSimpleLinkSpawnTask             
2000da89  VDeleteSimpleLinkSpawnTask            
2000dab5  osi_MsgQCreate                        
2000daf9  osi_MsgQDelete                        
2000db13  osi_MsgQWrite                         
2000db45  osi_MsgQRead                          
2000db81  mem_Malloc                            
2000db8d  mem_Free                              
2000db99  mem_set                               
2000dbad  mem_copy                              
2000dbc1  osi_EnterCritical                     
2000dbcb  osi_ExitCritical                      
2000dbd5  osi_start                             
2000dbdd  osi_Sleep                             
2000dbed  osi_TaskDisable                       
2000dbf7  osi_TaskEnable                        
2000dc01  osi_ContextSave                       
2000dc03  osi_ContextRestore                    
2000dc1d  minit                                 
2000dcab  malloc                                
2000dd13  free                                  
2000ddd5  realloc                               
2000dee1  memalign                              
2000dfc5  calloc                                
2000e035  GPIO_IF_LedConfigure                  
2000e073  GPIO_IF_LedOn                         
2000e127  GPIO_IF_LedOff                        
2000e1db  GPIO_IF_LedStatus                     
2000e245  GPIO_IF_LedToggle                     
2000e273  GPIO_IF_GetPortNPin                   
2000e2b9  GPIO_IF_ConfigureNIntEnable           
2000e2fb  GPIO_IF_Set                           
2000e335  GPIO_IF_Get                           
2000e38d  sl_WlanProfileAdd                     
2000e621  InitTerm                              
2000e63f  Message                               
2000e661  ClearTerm                             
2000e66b  Error                                 
2000e6a3  GetCmd                                
2000e759  TrimSpace                             
2000e7f1  Report                                
2000e8b1  sl_WlanConnect                        
2000ed0d  __aeabi_uldivmod                      
2000ef01  _SlDrvDataReadOp                      
2000f0e1  _SlDrvReleasePoolObj                  
2000f331  Timer_IF_Init                         
2000f363  Timer_IF_IntSetup                     
2000f3d5  Timer_IF_InterruptClear               
2000f3ed  Timer_IF_Start                        
2000f40d  Timer_IF_Stop                         
2000f41d  Timer_IF_DeInit                       
2000f437  Timer_IF_ReLoad                       
2000f44f  Timer_IF_GetCount                     
2000f471  __aeabi_dsub                          
2000f47b  __aeabi_dadd                          
2000f629  sl_Accept                             
2000f965  _SlDrvDriverCBInit                    
2000faf5  _SlDrvWaitForPoolObj                  
2000fc85  PRCMCC3200MCUInit                     
2000ff6d  sl_Connect                            
200100d9  sl_Select                             
20010235  GPIOs3IntHandler                      
20010255  GPIOs2IntHandler                      
20010275  Button_IF_Init                        
200102d9  Button_IF_EnableInterrupt             
20010329  Button_IF_DisableInterrupt            
20010385  spi_Open                              
200104d5  _SlDrvDataWriteOp                     
20010621  __aeabi_ddiv                          
20010759  sl_NetAppDnsGetHostByName             
20010885  vListInitialise                       
200108b5  vListInitialiseItem                   
200108c5  vListInsertEnd                        
20010901  vListInsert                           
20010967  uxListRemove                          
200109b1  sl_SendTo                             
20010bf9  sl_RecvFrom                           
20010d19  _SlDrvDriverCBDeinit                  
20010e31  sl_Send                               
20010f49  pxPortInitialiseStack                 
20010f99  xPortStartScheduler                   
20010fc5  vPortEndScheduler                     
20010fc7  vPortYield                            
20010fd9  vPortEnterCritical                    
20010ff1  vPortExitCritical                     
20011009  xPortSysTickHandler                   
20011025  vPortSetupTimerInterrupt              
20011059  _Dscale                               
20011169  _SlDrvNetAppEventHandler              
2001126d  __aeabi_dmul                          
20011369  uDMAChannelTransferSet                
20011541  sl_Stop                               
20011625  sl_Start                              
200117e1  spi_Read                              
200118bd  _SlDrvMsgReadSpawnCtx                 
20011991  _sl_HandleAsync_DnsGetHostByService   
20011a5d  sl_NetAppMDNSRegisterUnregisterService
20011be9  _SlDrvCmdOp                           
20011ca9  sl_NetCfgGet                          
20011d69  _Dnorm                                
20011e2d  ulPortSetInterruptMask                
20011e43  vPortClearInterruptMask               
20011e51  xPortPendSVHandler                    
20011e9d  vPortSVCHandler                       
20011ec5  prvPortStartFirstTask                 
20011edd  portCLZ                               
20011ee5  sl_DevGet                             
20011f99  IntDisable                            
20012041  IntEnable                             
200120e9  SPIConfigSetExpClk                    
20012189  _SlDriverHandleError                  
20012229  __aeabi_memcpy                        
20012229  __aeabi_memcpy4                       
20012229  __aeabi_memcpy8                       
20012229  memcpy                                
200122c5  sl_Bind                               
20012361  _SlDrvDeviceEventHandler              
200123fd  PinMuxConfig                          
20012495  PRCMPeripheralClockGet                
20012529  _sl_HandleAsync_DnsGetHostByName      
200125b9  _sl_HandleAsync_PingResponse          
20012761  spi_Write                             
200127ed  PinConfigSet                          
20012875  vsnprintf                             
200128fd  sl_Recv                               
20012985  __aeabi_cdcmpeq                       
20012985  __aeabi_cdcmple                       
20012a0b  __aeabi_cdrcmple                      
20012a91  GPIOIntTypeSet                        
20012b15  _sl_HandleAsync_Connect               
20012b95  _sl_HandleAsync_InitComplete          
20012d15  PRCMRTCGet                            
20012d91  sl_NetCfgSet                          
20012e0d  sl_SetSockOpt                         
20012e89  sl_WlanSet                            
20012f05  __aeabi_memclr                        
20012f05  __aeabi_memclr4                       
20012f05  __aeabi_memclr8                       
20012f07  __aeabi_memset                        
20012f07  __aeabi_memset4                       
20012f07  __aeabi_memset8                       
20012f0d  memset                                
20012f81  sl_WlanPolicySet                      
20012ff9  spi_Close                             
20013071  UARTConfigSetExpClk                   
200130e9  sl_Socket                             
20013159  _SlDrvCmdSend                         
200131c5  _sl_NetAppSendTokenValue              
20013231  __TI_auto_init                        
2001329d  sl_WlanRxFilterSet                    
20013375  TimerIntUnregister                    
200133dd  _Dunscale                             
20013445  _sl_HandleAsync_Accept                
200134a9  uDMAChannelAttributeDisable           
2001350d  uDMAChannelAttributeEnable            
20013571  IntPendClear                          
200135c9  PRCMPeripheralReset                   
20013621  ltoa                                  
20013679  IntPrioritySet                        
200136cd  _sl_HandleAsync_Select                
20013721  PRCMSlowClkCtrGet                     
20013771  _SlDrvRxIrqHandler                    
200137c1  _sl_HandleAsync_Stop                  
20013811  sl_Listen                             
20013861  SPIIntEnable                          
200138ad  _SlDrvProtectAsyncRespSetting         
20013945  atoi                                  
20013991  copy_in                               
200139dd  uDMAChannelAssign                     
20013a29  SPIIntClear                           
20013a71  _SlDrvBasicCmd                        
20013ab9  __aeabi_d2iz                          
20013b01  sl_NetAppMDNSUnRegisterService        
20013b49  ldexp                                 
20013bd5  TimerConfigure                        
20013c19  _SlDrvHandleHttpServerEvents          
20013ca1  C$$EXIT                               
20013ca5  abort                                 
20013cad  exit                                  
20013ce5  sl_Close                              
20013d29  sl_WlanProfileDel                     
20013d6d  sl_WlanSetMode                        
20013db1  sl_Htonl                              
20013df5  PinModeSet                            
20013e35  _SlDrvHandleNetAppEvents              
20013e75  _SlDrvHandleWlanEvents                
20013eb5  _SlDrvSyncObjWaitTimeout              
20013f35  signal                                
20013f75  strtok                                
20013ff1  PRCMPeripheralClkEnable               
2001402d  _c_int00                              
20014069  sl_Htons                              
200140a5  uDMAChannelControlSet                 
200140e1  NwpPowerOff                           
20014119  pvPortMalloc                          
20014139  vPortFree                             
20014151  GPIODirModeSet                        
20014189  PRCMPeripheralStatusGet               
200141bd  SPIFIFOLevelSet                       
200141f1  feraiseexcept                         
20014225  PinTypeGPIO                           
20014255  UARTDisable                           
20014285  strncpy                               
200142b5  _Feraise                              
200142e5  __aeabi_i2d                           
20014313  raise                                 
20014341  DmaSpiSwIntHandler                    
2001436d  PRCMSysResetCauseGet                  
20014399  TimerLoadSet                          
200143c3  TimerPrescaleSet                      
200143ed  strspn                                
20014417  _Dclass                               
20014469  PRCMPeripheralClkDisable              
20014491  SL_FD_ISSET                           
200144e1  _SlDrvProtectionObjLockWaitForever    
20014509  NwpRegisterInterruptHandler           
2001452f  sl_Provisioning_HttpServerEventHdl    
2001453d  sl_Provisioning_NetAppEventHdl        
20014549  sl_Provisioning_WlanEventHdl          
20014555  strncmp                               
2001457d  IntUnregister                         
200145e9  UARTEnable                            
2001460d  _SlDrvGlobalObjUnLock                 
20014631  _SlDrvProtectionObjUnLock             
20014655  _SlDrvSyncObjWaitForever              
20014679  memmove                               
2001469d  strcspn                               
200146c1  GPIOIntStatus                         
200146e3  SL_FD_SET                             
20014705  SPIReset                              
20014727  SPIWordCountSet                       
20014749  _SlDrvObjLockWaitForever              
2001476b  frexp                                 
2001478d  GPIOPinWrite                          
200147ad  IntRegister                           
200147cd  NwpPowerOn                            
200147ed  platform_timer_init                   
200147f5  platform_get_time_in_secs             
2001480d  sl_WlanDisconnect                     
2001482d  TimerDisable                          
2001484b  TimerEnable                           
20014869  TimerIntStatus                        
20014887  UARTCharPut                           
200148a5  _SlDrvObjUnLock                       
200148c3  _SlDrvSyncObjSignal                   
200148ff  TimerValueGet                         
2001491b  UARTCharGetNonBlocking                
20014937  memccpy                               
20014955  uDMAChannelEnable                     
20014971  GPIOIntDisable                        
2001498b  GPIOIntEnable                         
200149a5  PinTypeUART                           
200149bf  SPIDmaDisable                         
200149d9  SPIDmaEnable                          
200149f3  SPIFIFODisable                        
20014a0d  SPIFIFOEnable                         
20014a27  GPIOPinRead                           
20014a3f  SPICSDisable                          
20014a57  SPICSEnable                           
20014a6f  SPIDisable                            
20014a87  SPIEnable                             
20014a9f  TimerIntDisable                       
20014ab7  TimerIntEnable                        
20014acf  UARTCharsAvail                        
20014b01  _args_main                            
20014b19  PRCMHIBRegRead                        
20014b2f  PRCMHIBRegWrite                       
20014b45  _SlDrvMemZero                         
20014b5b  strchr                                
20014b71  CPUcpsie                              
20014b85  GPIOIntClear                          
20014b99  IntVTableBaseSet                      
20014bad  _register_unlock                      
20014bb3  _register_lock                        
20014bbb  _nop                                  
20014bc1  strcpy                                
20014bd5  strlen                                
20014be9  TimerIntClear                         
20014c0d  SL_FD_ZERO                            
20014c1d  _SlDrvDispatchHttpServerEvents        
20014c2d  _SlDrvResetCmdExt                     
20014c3b  __TI_decompress_none                  
20014c49  ResetISR                              
20014c59  NwpMaskInterrupt                      
20014c65  NwpUnMaskInterrupt                    
20014c71  __TI_zero_init                        
20014c7d  IntMasterEnable                       
20014c87  PRCMRTCInUseSet                       
20014c8f  UtilsDelay                            
20014c95  __TI_decompress_rle24                 
20014c9b  _system_pre_init                      
20014dbc  _ctypes_                              
200151bc  pcDigits                              
2001521e  OpcodeTranslateTable                  
20015298  _SlActionLookupTable                  
20015384  _SlNetAppSendTokenValueCmdCtrl        
20015450  __TI_static_base__                    
20015590  __TI_Handler_Table_Base               
2001559c  __TI_Handler_Table_Limit              
200155a8  __TI_CINIT_Base                       
200155b8  __TI_CINIT_Limit                      
2001b000  _sys_memory                           
20023e00  g_ucDinDout                           
20023e50  xQueueRegistry                        
20023ee8  g_ucConnectionSSID                    
20023f88  g_ucConnectionBSSID                   
20023f90  DMAMsgQ                               
20023f98  g_PBQueue                             
20023f9c  g_S2InterruptHdl                      
20023fa0  g_S3InterruptHdl                      
20023fa4  g_cDummy                              
20023fa8  g_rx_task_hndl                        
20023fac  g_rx_tx_sync_obj                      
20023fb0  g_wait_secs                           
20023fb4  mqtt_lib_lockobj                      
20023fc4  g_usConnectIndex                      
20023fc6  g_usTimerInts                         
20023fc8  RxIrqCnt                              
20023fc9  g_bDeviceRestartIsRequired            
20023fca  g_ucLED1Pin                           
20023fcb  g_ucLED2Pin                           
20023fcc  g_ucLED3Pin                           
20024080  _Denorm                               
20024090  _Eps                                  
200240a0  _Hugeval                              
200240b0  _Inf                                  
200240c0  _Nan                                  
200240d0  _Snan                                 
200240e0  _Rteps                                
200240f0  _Xbig                                 
200240f8  _Zero                                 
20024100  usr_connect_config                    
20024174  debug_printf                          
200241b0  pxCurrentTCB                          
200241e4  SecurityParams                        
200241f0  Mqtt_Client                           
20024204  pub_topic_sw2                         
20024208  pub_topic_sw3                         
2002420c  data_sw2                              
20024210  data_sw3                              
20024214  app_hndl                              
20024218  net                                   
20024254  g_uiLED1Port                          
20024258  g_uiLED2Port                          
2002425c  g_uiLED3Port                          
20024264  g_pCB                                 
20024268  pPingCallBackFunc                     
2002426d  g_multi_srvr_conn                     
20024270  xHigherPriorityTaskWoken              
20024274  xSimpleLinkSpawnQueue                 
20024278  xSimpleLinkSpawnTaskHndl              
2002427c  g_ulStatus                            
20024280  g_ulStaIp                             
20024284  g_ulGatewayIP                         
20024294  g_SpiFd                               
20024298  g_pHostIntHdl                         
2002429c  g_ucDMAEnabled                        
200242a0  _lock                                 
200242a4  _unlock                               
200242a8  __TI_cleanup_ptr                      
200242ac  __TI_dtors_ptr                        
200242b0  _Fenv                                 
200242b4  _Tls_setup__Fenv                      
200242bc  _Errno                                
200242c0  main_func_sp                          
2002b000  __stack                               
20030000  __STACK_END                           
ffffffff  __binit__                             
ffffffff  __c_args__                            
ffffffff  binit                                 
UNDEFED   SHT$$INIT_ARRAY$$Base                 
UNDEFED   SHT$$INIT_ARRAY$$Limit                

[558 symbols]
