******************************************************************************
                  TI ARM Linker PC v15.12.3                    
******************************************************************************
>> Linked Sat Feb 04 10:54:06 2017

OUTPUT FILE NAME:   <domotica_mqtt_client_1.2.0.out>
ENTRY POINT SYMBOL: "_c_int00"  address: 20013e49


MEMORY CONFIGURATION

         name            origin    length      used     unused   attr    fill
----------------------  --------  ---------  --------  --------  ----  --------
  SRAM_CODE             20004000   00016fff  00011379  00005c86  RW X
  SRAM_DATA             2001b000   00015000  0000e191  00006e6f  RW X


SEGMENT ALLOCATION MAP

run origin  load origin   length   init length attrs members
----------  ----------- ---------- ----------- ----- -------
20004000    20004000    0001137c   0001137c    r-x
  20004000    20004000    00000400   00000400    r-- .intvecs
  20004400    20004400    0001069a   0001069a    r-x .text
  20014a9c    20014a9c    000007ab   000007ab    r-- .const
  20015248    20015248    00000134   00000134    r-- .cinit
2001b000    2001b000    00009194   00000000    rw-
  2001b000    2001b000    00008000   00000000    rw- .sysmem
  20023000    20023000    00000fcd   00000000    rw- .bss
  20023fd0    20023fd0    000001c4   00000000    rw- .data
2002b000    2002b000    00005000   00000000    rw-
  2002b000    2002b000    00005000   00000000    rw- .stack


SECTION ALLOCATION MAP

 output                                  attributes/
section   page    origin      length       input sections
--------  ----  ----------  ----------   ----------------
.intvecs   0    20004000    00000400     
                  20004000    00000400     startup_ccs.obj (.intvecs)

.init_array 
*          0    20004000    00000000     UNINITIALIZED

.text      0    20004400    0001069a     
                  20004400    000025cc     mqtt.a : mqtt_client.obj (.text)
                  200069cc    000012e0     network_if.obj (.text)
                  20007cac    0000125c     free_rtos.a : tasks.obj (.text)
                  20008f08    000010fc     rtsv7M4_T_le_eabi.lib : _printfi.obj (.text)
                  2000a004    00000c18     main.obj (.text)
                  2000ac1c    00000b24     free_rtos.a : queue.obj (.text)
                  2000b740    00000a68     mqtt.a : sl_mqtt_client.obj (.text)
                  2000c1a8    00000a0c            : mqtt_common.obj (.text)
                  2000cbb4    000006d0            : cc31xx_sl_net.obj (.text)
                  2000d284    00000590     simplelink.a : driver.obj (.text:_SlDrvMsgRead)
                  2000d814    0000045c     free_rtos.a : osi_freertos.obj (.text)
                  2000dc70    000003dc     rtsv7M4_T_le_eabi.lib : memory.obj (.text)
                  2000e04c    00000394     gpio_if.obj (.text)
                  2000e3e0    00000294     simplelink.a : wlan.obj (.text:sl_WlanProfileAdd)
                  2000e674    00000290     uart_if.obj (.text)
                  2000e904    00000260     simplelink.a : wlan.obj (.text:sl_WlanConnect)
                  2000eb64    000001fc                  : driver.obj (.text:_SlDrvRxHdrRead)
                  2000ed60    000001f4     rtsv7M4_T_le_eabi.lib : ull_div_t2.obj (.text)
                  2000ef54    000001e0     simplelink.a : driver.obj (.text:_SlDrvDataReadOp)
                  2000f134    000001d0                  : driver.obj (.text:_SlDrvReleasePoolObj)
                  2000f304    000001c0     timer_if.obj (.text)
                  2000f4c4    000001b6     rtsv7M4_T_le_eabi.lib : fd_add_t2.obj (.text)
                  2000f67a    00000002     driverlib.a : interrupt.obj (.text:IntDefaultHandler)
                  2000f67c    000001a0     simplelink.a : socket.obj (.text:sl_Accept)
                  2000f81c    0000019c                  : driver.obj (.text:_SlDrvMsgWrite)
                  2000f9b8    00000190                  : driver.obj (.text:_SlDrvDriverCBInit)
                  2000fb48    00000190                  : driver.obj (.text:_SlDrvWaitForPoolObj)
                  2000fcd8    00000178     driverlib.a : prcm.obj (.text:PRCMCC3200MCUInit)
                  2000fe50    00000170     simplelink.a : driver.obj (.text:_SlFindAndSetActiveObj)
                  2000ffc0    0000016c                  : socket.obj (.text:sl_Connect)
                  2001012c    0000015c                  : socket.obj (.text:sl_Select)
                  20010288    00000150     button_if.obj (.text)
                  200103d8    00000150     simplelink.a : cc_pal.obj (.text:spi_Open)
                  20010528    0000014c                  : driver.obj (.text:_SlDrvDataWriteOp)
                  20010674    00000136     rtsv7M4_T_le_eabi.lib : fd_div_t2.obj (.text)
                  200107aa    00000002                           : mpu_init.obj (.text)
                  200107ac    0000012c     simplelink.a : netapp.obj (.text:sl_NetAppDnsGetHostByName)
                  200108d8    0000012a     free_rtos.a : list.obj (.text)
                  20010a02    00000002     rtsv7M4_T_le_eabi.lib : startup.obj (.text)
                  20010a04    00000128     simplelink.a : socket.obj (.text:sl_SendTo)
                  20010b2c    00000120                  : driver.obj (.text:_SlDrvMsgReadCmdCtx)
                  20010c4c    00000120                  : socket.obj (.text:sl_RecvFrom)
                  20010d6c    00000118                  : driver.obj (.text:_SlDrvDriverCBDeinit)
                  20010e84    00000118                  : socket.obj (.text:sl_Send)
                  20010f9c    00000110     free_rtos.a : port.obj (.text)
                  200110ac    00000104     simplelink.a : netapp.obj (.text:_SlDrvNetAppEventHandler)
                  200111b0    000000fc     rtsv7M4_T_le_eabi.lib : fd_mul_t2.obj (.text)
                  200112ac    000000f0     driverlib.a : udma.obj (.text:uDMAChannelTransferSet)
                  2001139c    000000e8     simplelink.a : driver.obj (.text:_SlAsyncEventGenericHandler)
                  20011484    000000e4                  : device.obj (.text:sl_Stop)
                  20011568    000000e0                  : device.obj (.text:sl_Start)
                  20011648    000000dc                  : driver.obj (.text:_SlDrvClassifyRxMsg)
                  20011724    000000dc                  : cc_pal.obj (.text:spi_Read)
                  20011800    000000d4                  : driver.obj (.text:_SlDrvMsgReadSpawnCtx)
                  200118d4    000000d0     rtsv7M4_T_le_eabi.lib : s_scalbn.obj (.text)
                  200119a4    000000cc     simplelink.a : netapp.obj (.text:_sl_HandleAsync_DnsGetHostByService)
                  20011a70    000000c8                  : netapp.obj (.text:sl_NetAppMDNSRegisterUnregisterService)
                  20011b38    000000c4                  : driver.obj (.text:_SlRemoveFromList)
                  20011bfc    000000c0                  : driver.obj (.text:_SlDrvCmdOp)
                  20011cbc    000000c0                  : netcfg.obj (.text:sl_NetCfgGet)
                  20011d7c    000000ba     free_rtos.a : portasm.obj (.text)
                  20011e36    00000002     --HOLE-- [fill = 0]
                  20011e38    000000b4     simplelink.a : device.obj (.text:sl_DevGet)
                  20011eec    000000a8     driverlib.a : interrupt.obj (.text:IntDisable)
                  20011f94    000000a8                 : interrupt.obj (.text:IntEnable)
                  2001203c    000000a0                 : spi.obj (.text:SPIConfigSetExpClk)
                  200120dc    000000a0     simplelink.a : driver.obj (.text:_SlDriverHandleError)
                  2001217c    0000009c     rtsv7M4_T_le_eabi.lib : memcpy_t2.obj (.text)
                  20012218    0000009c     simplelink.a : socket.obj (.text:sl_Bind)
                  200122b4    0000009a                  : device.obj (.text:_SlDrvDeviceEventHandler)
                  2001234e    00000002     --HOLE-- [fill = 0]
                  20012350    00000098     pinmux.obj (.text)
                  200123e8    00000094     driverlib.a : prcm.obj (.text:PRCMPeripheralClockGet)
                  2001247c    00000090     simplelink.a : netapp.obj (.text:_sl_HandleAsync_DnsGetHostByName)
                  2001250c    00000090                  : netapp.obj (.text:_sl_HandleAsync_PingResponse)
                  2001259c    0000008c                  : cc_pal.obj (.text:SetupDMAReceive)
                  20012628    0000008c                  : cc_pal.obj (.text:SetupDMASend)
                  200126b4    0000008c                  : cc_pal.obj (.text:spi_Write)
                  20012740    00000088     driverlib.a : pin.obj (.text:PinConfigSet)
                  200127c8    00000088     rtsv7M4_T_le_eabi.lib : vsnprintf.obj (.text)
                  20012850    00000088     simplelink.a : socket.obj (.text:sl_Recv)
                  200128d8    00000086     rtsv7M4_T_le_eabi.lib : fd_cmp_t2.obj (.text:__aeabi_cdcmple)
                  2001295e    00000086                           : fd_cmp_t2.obj (.text:__aeabi_cdrcmple)
                  200129e4    00000082     driverlib.a : gpio.obj (.text:GPIOIntTypeSet)
                  20012a66    00000002     --HOLE-- [fill = 0]
                  20012a68    00000080     simplelink.a : socket.obj (.text:_sl_HandleAsync_Connect)
                  20012ae8    00000080                  : device.obj (.text:_sl_HandleAsync_InitComplete)
                  20012b68    00000080                  : cc_pal.obj (.text:spi_Read_CPU)
                  20012be8    00000080                  : cc_pal.obj (.text:spi_Write_CPU)
                  20012c68    0000007c     driverlib.a : prcm.obj (.text:PRCMRTCGet)
                  20012ce4    0000007c     simplelink.a : netcfg.obj (.text:sl_NetCfgSet)
                  20012d60    0000007c                  : socket.obj (.text:sl_SetSockOpt)
                  20012ddc    0000007c                  : wlan.obj (.text:sl_WlanSet)
                  20012e58    0000007a     rtsv7M4_T_le_eabi.lib : memset_t2.obj (.text)
                  20012ed2    00000002     --HOLE-- [fill = 0]
                  20012ed4    00000078     simplelink.a : wlan.obj (.text:sl_WlanPolicySet)
                  20012f4c    00000078                  : cc_pal.obj (.text:spi_Close)
                  20012fc4    00000076     driverlib.a : uart.obj (.text:UARTConfigSetExpClk)
                  2001303a    00000002     --HOLE-- [fill = 0]
                  2001303c    00000070     rtsv7M4_T_le_eabi.lib : autoinit.obj (.text)
                  200130ac    00000070     simplelink.a : socket.obj (.text:sl_Socket)
                  2001311c    0000006c                  : driver.obj (.text:_SlDrvCmdSend)
                  20013188    0000006c                  : netapp.obj (.text:_sl_NetAppSendTokenValue)
                  200131f4    0000006c                  : wlan.obj (.text:sl_WlanRxFilterSet)
                  20013260    0000006a     rtsv7M4_T_le_eabi.lib : copy_decompress_rle.obj (.text)
                  200132ca    00000002     --HOLE-- [fill = 0]
                  200132cc    00000068     driverlib.a : timer.obj (.text:TimerIntUnregister)
                  20013334    00000064     simplelink.a : socket.obj (.text:_sl_HandleAsync_Accept)
                  20013398    00000064     driverlib.a : udma.obj (.text:uDMAChannelAttributeDisable)
                  200133fc    00000064                 : udma.obj (.text:uDMAChannelAttributeEnable)
                  20013460    0000005c     rtsv7M4_T_le_eabi.lib : s_frexp.obj (.text)
                  200134bc    00000058     driverlib.a : interrupt.obj (.text:IntPendClear)
                  20013514    00000058                 : prcm.obj (.text:PRCMPeripheralReset)
                  2001356c    00000056     rtsv7M4_T_le_eabi.lib : ltoa.obj (.text)
                  200135c2    00000002     --HOLE-- [fill = 0]
                  200135c4    00000054     driverlib.a : interrupt.obj (.text:IntPrioritySet)
                  20013618    00000054     simplelink.a : socket.obj (.text:_sl_HandleAsync_Select)
                  2001366c    00000054     rtsv7M4_T_le_eabi.lib : exit.obj (.text)
                  200136c0    00000050     driverlib.a : prcm.obj (.text:PRCMSlowClkCtrGet)
                  20013710    00000050     simplelink.a : driver.obj (.text:_SlDrvRxIrqHandler)
                  20013760    00000050                  : device.obj (.text:_sl_HandleAsync_Stop)
                  200137b0    00000050                  : socket.obj (.text:sl_Listen)
                  20013800    0000004c     driverlib.a : spi.obj (.text:SPIIntEnable)
                  2001384c    0000004c     simplelink.a : driver.obj (.text:_SlDrvProtectAsyncRespSetting)
                  20013898    0000004c                  : socket.obj (.text:_sl_BuildAddress)
                  200138e4    0000004c     rtsv7M4_T_le_eabi.lib : atoi.obj (.text)
                  20013930    0000004c                           : cpy_tbl.obj (.text)
                  2001397c    0000004c     driverlib.a : udma.obj (.text:uDMAChannelAssign)
                  200139c8    00000048                 : spi.obj (.text:SPIIntClear)
                  20013a10    00000048     simplelink.a : driver.obj (.text:_SlDrvBasicCmd)
                  20013a58    00000048     rtsv7M4_T_le_eabi.lib : fd_toi_t2.obj (.text)
                  20013aa0    00000048     simplelink.a : netapp.obj (.text:sl_NetAppMDNSUnRegisterService)
                  20013ae8    00000044     driverlib.a : spi.obj (.text:SPIDmaMaskGet)
                  20013b2c    00000044                 : timer.obj (.text:TimerConfigure)
                  20013b70    00000044     simplelink.a : driver.obj (.text:_SlDrvHandleHttpServerEvents)
                  20013bb4    00000044                  : cc_pal.obj (.text:cc_SetupTransfer)
                  20013bf8    00000044                  : socket.obj (.text:sl_Close)
                  20013c3c    00000044                  : wlan.obj (.text:sl_WlanProfileDel)
                  20013c80    00000044                  : wlan.obj (.text:sl_WlanSetMode)
                  20013cc4    00000042                  : socket.obj (.text:sl_Htonl)
                  20013d06    00000002     --HOLE-- [fill = 0]
                  20013d08    00000040     driverlib.a : pin.obj (.text:PinModeSet)
                  20013d48    00000040     simplelink.a : driver.obj (.text:_SlDrvHandleNetAppEvents)
                  20013d88    00000040                  : driver.obj (.text:_SlDrvHandleWlanEvents)
                  20013dc8    00000040                  : driver.obj (.text:_SlDrvSyncObjWaitTimeout)
                  20013e08    00000040                  : socket.obj (.text:_sl_TruncatePayloadByProtocol)
                  20013e48    00000040     rtsv7M4_T_le_eabi.lib : boot.obj (.text)
                  20013e88    00000040                           : strtok.obj (.text)
                  20013ec8    0000003c     simplelink.a : netapp.obj (.text:CopyPingResultsToReport)
                  20013f04    0000003c     driverlib.a : prcm.obj (.text:PRCMPeripheralClkEnable)
                  20013f40    0000003c     simplelink.a : socket.obj (.text:sl_Htons)
                  20013f7c    0000003c     driverlib.a : udma.obj (.text:uDMAChannelControlSet)
                  20013fb8    00000038     simplelink.a : cc_pal.obj (.text:NwpPowerOff)
                  20013ff0    00000038     free_rtos.a : heap_3.obj (.text)
                  20014028    00000036     driverlib.a : gpio.obj (.text:GPIODirModeSet)
                  2001405e    00000002     --HOLE-- [fill = 0]
                  20014060    00000034                 : prcm.obj (.text:PRCMPeripheralStatusGet)
                  20014094    00000034                 : spi.obj (.text:SPIFIFOLevelSet)
                  200140c8    00000030                 : pin.obj (.text:PinTypeGPIO)
                  200140f8    00000030                 : uart.obj (.text:UARTDisable)
                  20014128    00000030     rtsv7M4_T_le_eabi.lib : strncpy.obj (.text)
                  20014158    0000002e                           : i_tofd_t2.obj (.text)
                  20014186    00000002     --HOLE-- [fill = 0]
                  20014188    0000002c     simplelink.a : cc_pal.obj (.text:DmaSpiSwIntHandler)
                  200141b4    0000002c     driverlib.a : prcm.obj (.text:PRCMSysResetCauseGet)
                  200141e0    0000002a                 : timer.obj (.text:TimerLoadSet)
                  2001420a    0000002a                 : timer.obj (.text:TimerPrescaleSet)
                  20014234    0000002a     rtsv7M4_T_le_eabi.lib : strspn.obj (.text)
                  2001425e    00000002     --HOLE-- [fill = 0]
                  20014260    00000028     driverlib.a : prcm.obj (.text:IsRTCUsed)
                  20014288    00000028                 : prcm.obj (.text:PRCMPeripheralClkDisable)
                  200142b0    00000028     simplelink.a : socket.obj (.text:SL_FD_ISSET)
                  200142d8    00000028                  : driver.obj (.text:_SlDrvObjGlobalLockWaitForever)
                  20014300    00000028                  : driver.obj (.text:_SlDrvProtectionObjLockWaitForever)
                  20014328    00000026                  : cc_pal.obj (.text:NwpRegisterInterruptHandler)
                  2001434e    00000026     network_common.obj (.text)
                  20014374    00000026     rtsv7M4_T_le_eabi.lib : strncmp.obj (.text)
                  2001439a    00000002     --HOLE-- [fill = 0]
                  2001439c    00000024     driverlib.a : interrupt.obj (.text:IntUnregister)
                  200143c0    00000024                 : prcm.obj (.text:RTCU16MSecRegRead)
                  200143e4    00000024                 : prcm.obj (.text:RTCUseSet)
                  20014408    00000024                 : uart.obj (.text:UARTEnable)
                  2001442c    00000024     simplelink.a : driver.obj (.text:_SlDrvGlobalObjUnLock)
                  20014450    00000024                  : driver.obj (.text:_SlDrvProtectionObjUnLock)
                  20014474    00000024                  : driver.obj (.text:_SlDrvSyncObjWaitForever)
                  20014498    00000024     rtsv7M4_T_le_eabi.lib : memmov.obj (.text)
                  200144bc    00000024                           : strcspn.obj (.text)
                  200144e0    00000022     driverlib.a : gpio.obj (.text:GPIOIntStatus)
                  20014502    00000022     simplelink.a : socket.obj (.text:SL_FD_SET)
                  20014524    00000022     driverlib.a : spi.obj (.text:SPIReset)
                  20014546    00000022                 : spi.obj (.text:SPIWordCountSet)
                  20014568    00000022     simplelink.a : driver.obj (.text:_SlDrvObjLockWaitForever)
                  2001458a    00000020     driverlib.a : gpio.obj (.text:GPIOPinWrite)
                  200145aa    00000002     --HOLE-- [fill = 0]
                  200145ac    00000020                 : interrupt.obj (.text:IntRegister)
                  200145cc    00000020     simplelink.a : cc_pal.obj (.text:NwpPowerOn)
                  200145ec    00000020     mqtt.a : cc3200_platform.obj (.text)
                  2001460c    00000020     simplelink.a : wlan.obj (.text:sl_WlanDisconnect)
                  2001462c    0000001e     driverlib.a : timer.obj (.text:TimerDisable)
                  2001464a    0000001e                 : timer.obj (.text:TimerEnable)
                  20014668    0000001e                 : timer.obj (.text:TimerIntStatus)
                  20014686    0000001e                 : uart.obj (.text:UARTCharPut)
                  200146a4    0000001e     simplelink.a : driver.obj (.text:_SlDrvObjUnLock)
                  200146c2    0000001e                  : driver.obj (.text:_SlDrvSyncObjSignal)
                  200146e0    0000001e                  : cc_pal.obj (.text:cc_UDMAChannelSelect)
                  200146fe    0000001c     driverlib.a : timer.obj (.text:TimerValueGet)
                  2001471a    0000001c                 : uart.obj (.text:UARTCharGetNonBlocking)
                  20014736    0000001c     rtsv7M4_T_le_eabi.lib : memccpy.obj (.text)
                  20014752    00000002     --HOLE-- [fill = 0]
                  20014754    0000001c     driverlib.a : udma.obj (.text:uDMAChannelEnable)
                  20014770    0000001a                 : gpio.obj (.text:GPIOIntDisable)
                  2001478a    0000001a                 : gpio.obj (.text:GPIOIntEnable)
                  200147a4    0000001a                 : pin.obj (.text:PinTypeUART)
                  200147be    0000001a                 : spi.obj (.text:SPIDmaDisable)
                  200147d8    0000001a                 : spi.obj (.text:SPIDmaEnable)
                  200147f2    0000001a                 : spi.obj (.text:SPIFIFODisable)
                  2001480c    0000001a                 : spi.obj (.text:SPIFIFOEnable)
                  20014826    00000018                 : gpio.obj (.text:GPIOPinRead)
                  2001483e    00000018                 : spi.obj (.text:SPICSDisable)
                  20014856    00000018                 : spi.obj (.text:SPICSEnable)
                  2001486e    00000018                 : spi.obj (.text:SPIDisable)
                  20014886    00000018                 : spi.obj (.text:SPIEnable)
                  2001489e    00000018                 : timer.obj (.text:TimerIntDisable)
                  200148b6    00000018                 : timer.obj (.text:TimerIntEnable)
                  200148ce    00000018                 : uart.obj (.text:UARTCharsAvail)
                  200148e6    00000002     --HOLE-- [fill = 0]
                  200148e8    00000018     simplelink.a : device.obj (.text:_sl_GetStartResponseConvert)
                  20014900    00000018     rtsv7M4_T_le_eabi.lib : args_main.obj (.text)
                  20014918    00000016     driverlib.a : prcm.obj (.text:PRCMHIBRegRead)
                  2001492e    00000016                 : prcm.obj (.text:PRCMHIBRegWrite)
                  20014944    00000016     simplelink.a : driver.obj (.text:_SlDrvMemZero)
                  2001495a    00000016     rtsv7M4_T_le_eabi.lib : strchr.obj (.text)
                  20014970    00000014     driverlib.a : cpu.obj (.text:CPUcpsie)
                  20014984    00000014                 : gpio.obj (.text:GPIOIntClear)
                  20014998    00000014                 : interrupt.obj (.text:IntVTableBaseSet)
                  200149ac    00000014     rtsv7M4_T_le_eabi.lib : _lock.obj (.text)
                  200149c0    00000014                           : strcpy.obj (.text)
                  200149d4    00000014                           : strlen.obj (.text)
                  200149e8    00000012     driverlib.a : timer.obj (.text:TimerIntClear)
                  200149fa    00000002     --HOLE-- [fill = 0]
                  200149fc    00000010                 : prcm.obj (.text:RTCU32SecRegRead)
                  20014a0c    00000010     simplelink.a : socket.obj (.text:SL_FD_ZERO)
                  20014a1c    00000010                  : driver.obj (.text:_SlDrvDispatchHttpServerEvents)
                  20014a2c    0000000e                  : driver.obj (.text:_SlDrvResetCmdExt)
                  20014a3a    0000000e     rtsv7M4_T_le_eabi.lib : copy_decompress_none.obj (.text:decompress:none)
                  20014a48    0000000e     startup_ccs.obj (.text)
                  20014a56    00000002     --HOLE-- [fill = 0]
                  20014a58    0000000c     simplelink.a : cc_pal.obj (.text:NwpMaskInterrupt)
                  20014a64    0000000c                  : cc_pal.obj (.text:NwpUnMaskInterrupt)
                  20014a70    0000000a     driverlib.a : interrupt.obj (.text:IntMasterEnable)
                  20014a7a    00000008                 : prcm.obj (.text:PRCMRTCInUseSet)
                  20014a82    00000008     rtsv7M4_T_le_eabi.lib : s_copysign.obj (.text)
                  20014a8a    00000006     driverlib.a : utils.obj (.text:UtilsDelay)
                  20014a90    00000006     rtsv7M4_T_le_eabi.lib : copy_decompress_rle.obj (.text:decompress:rle24)
                  20014a96    00000004                           : pre_init.obj (.text)

.const     0    20014a9c    000007ab     
                  20014a9c    00000114     main.obj (.const:.string)
                  20014bb0    00000101     rtsv7M4_T_le_eabi.lib : ctype.obj (.const:.string:_ctypes_)
                  20014cb1    00000003     mqtt.a : sl_mqtt_client.obj (.const)
                  20014cb4    00000100     driverlib.a : pin.obj (.const:g_ulPinToPadMap)
                  20014db4    000000d4                 : interrupt.obj (.const:g_pulRegs)
                  20014e88    000000a8                 : prcm.obj (.const:PRCM_PeriphRegsList)
                  20014f30    00000080                 : interrupt.obj (.const)
                  20014fb0    0000003c     simplelink.a : driver.obj (.const:OpcodeTranslateTable)
                  20014fec    0000003c                  : wlan.obj (.const)
                  20015028    00000038                  : driver.obj (.const:_SlActionLookupTable)
                  20015060    00000038                  : driver.obj (.const)
                  20015098    00000034                  : socket.obj (.const)
                  200150cc    0000002c     network_if.obj (.const:$P$T1$2)
                  200150f8    00000028     simplelink.a : netapp.obj (.const)
                  20015120    00000022     network_if.obj (.const:.string:$P$T0$1)
                  20015142    00000002     --HOLE-- [fill = 0]
                  20015144    00000020     mqtt.a : cc31xx_sl_net.obj (.const)
                  20015164    0000001c     simplelink.a : device.obj (.const)
                  20015180    00000018     driverlib.a : spi.obj (.const)
                  20015198    00000017     network_if.obj (.const:.string:$P$T5$6)
                  200151af    00000016     network_if.obj (.const:.string:$P$T3$4)
                  200151c5    00000015     network_if.obj (.const:.string:$P$T4$5)
                  200151da    00000015     network_if.obj (.const:.string:$P$T7$8)
                  200151ef    00000014     network_if.obj (.const:$P$T2$3)
                  20015203    00000001     --HOLE-- [fill = 0]
                  20015204    00000010     network_if.obj (.const:$P$T6$7)
                  20015214    00000010     simplelink.a : socket.obj (.const:.string)
                  20015224    0000000b     mqtt.a : mqtt_client.obj (.const:.string)
                  2001522f    0000000b     network_if.obj (.const:.string:pcDigits)
                  2001523a    00000008     simplelink.a : netcfg.obj (.const)
                  20015242    00000005     main.obj (.const:.string:$P$T0$1)

.cinit     0    20015248    00000134     
                  20015248    0000010b     (.cinit..data.load) [load image, compression = rle]
                  20015353    00000005     --HOLE-- [fill = 0]
                  20015358    0000000b     (.cinit..bss.load) [load image, compression = rle]
                  20015363    00000001     --HOLE-- [fill = 0]
                  20015364    00000008     (__TI_handler_table)
                  2001536c    00000010     (__TI_cinit_table)

.sysmem    0    2001b000    00008000     UNINITIALIZED
                  2001b000    00000008     rtsv7M4_T_le_eabi.lib : memory.obj (.sysmem)
                  2001b008    00007ff8     --HOLE--

.bss       0    20023000    00000fcd     UNINITIALIZED
                  20023000    00000800     mqtt.a : sl_mqtt_client.obj (.bss:buf_vec)
                  20023800    000002d0            : mqtt_client.obj (.bss:clients)
                  20023ad0    00000178     simplelink.a : driver.obj (.bss:g_StatMem)
                  20023c48    000000f0     mqtt.a : sl_mqtt_client.obj (.bss:sl_cli_ctx)
                  20023d38    000000c8     free_rtos.a : tasks.obj (.bss:pxReadyTasksLists)
                  20023e00    00000050     simplelink.a : cc_pal.obj (.bss:g_ucDinDout)
                  20023e50    00000050     free_rtos.a : queue.obj (.bss:xQueueRegistry)
                  20023ea0    00000048     mqtt.a : sl_mqtt_client.obj (.bss:mqp_vec)
                  20023ee8    00000024     (.common:g_ucConnectionSSID)
                  20023f0c    00000018     (.common:recv_hvec)
                  20023f24    00000014     (.common:xDelayedTaskList1)
                  20023f38    00000014     (.common:xDelayedTaskList2)
                  20023f4c    00000014     (.common:xPendingReadyList)
                  20023f60    00000014     (.common:xSuspendedTaskList)
                  20023f74    00000014     (.common:xTasksWaitingTermination)
                  20023f88    00000008     (.common:g_ucConnectionBSSID)
                  20023f90    00000004     uart_if.obj (.bss)
                  20023f94    00000004     (.common:DMAMsgQ)
                  20023f98    00000004     (.common:g_PBQueue)
                  20023f9c    00000004     (.common:g_S2InterruptHdl)
                  20023fa0    00000004     (.common:g_S3InterruptHdl)
                  20023fa4    00000004     (.common:g_cDummy)
                  20023fa8    00000004     (.common:g_rx_task_hndl)
                  20023fac    00000004     (.common:g_rx_tx_sync_obj)
                  20023fb0    00000004     (.common:g_wait_secs)
                  20023fb4    00000004     (.common:mqtt_lib_lockobj)
                  20023fb8    00000004     (.common:mt_lock)
                  20023fbc    00000004     (.common:pxDelayedTaskList)
                  20023fc0    00000004     (.common:pxOverflowDelayedTaskList)
                  20023fc4    00000002     (.common:g_usConnectIndex)
                  20023fc6    00000002     (.common:g_usTimerInts)
                  20023fc8    00000001     (.common:RxIrqCnt)
                  20023fc9    00000001     (.common:g_bDeviceRestartIsRequired)
                  20023fca    00000001     (.common:g_ucLED1Pin)
                  20023fcb    00000001     (.common:g_ucLED2Pin)
                  20023fcc    00000001     (.common:g_ucLED3Pin)

.data      0    20023fd0    000001c4     UNINITIALIZED
                  20023fd0    00000064     main.obj (.data:usr_connect_config)
                  20024034    0000004c     mqtt.a : mqtt_client.obj (.data)
                  20024080    00000034     free_rtos.a : tasks.obj (.data)
                  200240b4    00000028     mqtt.a : sl_mqtt_client.obj (.data:net)
                  200240dc    00000014     main.obj (.data:Mqtt_Client)
                  200240f0    00000014     main.obj (.data)
                  20024104    00000014     gpio_if.obj (.data:ulReg)
                  20024118    0000000d     simplelink.a : driver.obj (.data)
                  20024125    00000001     mqtt.a : sl_mqtt_client.obj (.data)
                  20024126    00000002     --HOLE--
                  20024128    0000000c     rtsv7M4_T_le_eabi.lib : exit.obj (.data:$O1$$)
                  20024134    0000000c                           : memory.obj (.data:$O1$$)
                  20024140    0000000c     main.obj (.data:SecurityParams)
                  2002414c    0000000c     free_rtos.a : osi_freertos.obj (.data)
                  20024158    0000000c     gpio_if.obj (.data)
                  20024164    0000000c     network_if.obj (.data)
                  20024170    00000009     simplelink.a : cc_pal.obj (.data)
                  20024179    00000003     --HOLE--
                  2002417c    00000008     rtsv7M4_T_le_eabi.lib : _lock.obj (.data:$O1$$)
                  20024184    00000004     free_rtos.a : port.obj (.data)
                  20024188    00000004     rtsv7M4_T_le_eabi.lib : errno.obj (.data)
                  2002418c    00000004                           : stkdepth_vars.obj (.data)
                  20024190    00000004                           : strtok.obj (.data)

.stack     0    2002b000    00005000     UNINITIALIZED
                  2002b000    00005000     --HOLE--

MODULE SUMMARY

       Module                     code    ro data   rw data
       ------                     ----    -------   -------
    .\
       network_if.obj             4832    212       58     
       main.obj                   3096    281       158    
       startup_ccs.obj            14      1024      0      
       gpio_if.obj                916     0         35     
       uart_if.obj                656     0         4      
       timer_if.obj               448     0         0      
       button_if.obj              336     0         8      
       pinmux.obj                 152     0         0      
       network_common.obj         38      0         0      
    +--+--------------------------+-------+---------+---------+
       Total:                     10488   1517      263    
                                                           
    C:/ti/CC3200SDK_1.2.0/cc3200-sdk/driverlib/ccs/Release/driverlib.a
       prcm.obj                   1192    168       0      
       interrupt.obj              608     340       0      
       spi.obj                    696     24        0      
       udma.obj                   604     0         0      
       pin.obj                    274     256       0      
       timer.obj                  440     0         0      
       gpio.obj                   346     0         0      
       uart.obj                   284     0         0      
       cpu.obj                    20      0         0      
       utils.obj                  6       0         0      
    +--+--------------------------+-------+---------+---------+
       Total:                     4470    788       0      
                                                           
    C:/ti/CC3200SDK_1.2.0/cc3200-sdk/netapps/mqtt/ccs/client/mqtt.a
       mqtt_client.obj            9676    11        820    
       sl_mqtt_client.obj         2664    3         2421   
       mqtt_common.obj            2572    0         0      
       cc31xx_sl_net.obj          1744    32        0      
       cc3200_platform.obj        32      0         0      
    +--+--------------------------+-------+---------+---------+
       Total:                     16688   46        3241   
                                                           
    C:/ti/CC3200SDK_1.2.0/cc3200-sdk/oslib/ccs/free_rtos/free_rtos.a
       tasks.obj                  4700    0         360    
       queue.obj                  2852    0         80     
       osi_freertos.obj           1116    0         12     
       list.obj                   298     0         0      
       port.obj                   272     0         4      
       portasm.obj                186     0         0      
       heap_3.obj                 56      0         0      
    +--+--------------------------+-------+---------+---------+
       Total:                     9480    0         456    
                                                           
    C:/ti/CC3200SDK_1.2.0/cc3200-sdk/simplelink/ccs/OS/simplelink.a
       driver.obj                 7498    172       391    
       socket.obj                 3336    68        0      
       wlan.obj                   1788    60        0      
       cc_pal.obj                 1644    0         97     
       netapp.obj                 1492    40        0      
       device.obj                 1018    28        0      
       netcfg.obj                 316     8         0      
    +--+--------------------------+-------+---------+---------+
       Total:                     17092   376       488    
                                                           
    C:\ti\ccsv6\tools\compiler\arm_15.12.3.LTS\lib\rtsv7M4_T_le_eabi.lib
       _printfi.obj               4348    0         0      
       memory.obj                 988     0         12     
       ull_div_t2.obj             500     0         0      
       fd_add_t2.obj              438     0         0      
       fd_div_t2.obj              310     0         0      
       fd_cmp_t2.obj              268     0         0      
       ctype.obj                  0       257       0      
       fd_mul_t2.obj              252     0         0      
       s_scalbn.obj               208     0         0      
       memcpy_t2.obj              156     0         0      
       vsnprintf.obj              136     0         0      
       memset_t2.obj              122     0         0      
       autoinit.obj               112     0         0      
       copy_decompress_rle.obj    112     0         0      
       exit.obj                   84      0         12     
       s_frexp.obj                92      0         0      
       ltoa.obj                   86      0         0      
       atoi.obj                   76      0         0      
       cpy_tbl.obj                76      0         0      
       fd_toi_t2.obj              72      0         0      
       strtok.obj                 64      0         4      
       boot.obj                   64      0         0      
       strncpy.obj                48      0         0      
       i_tofd_t2.obj              46      0         0      
       strspn.obj                 42      0         0      
       strncmp.obj                38      0         0      
       memmov.obj                 36      0         0      
       strcspn.obj                36      0         0      
       _lock.obj                  20      0         8      
       memccpy.obj                28      0         0      
       args_main.obj              24      0         0      
       strchr.obj                 22      0         0      
       strcpy.obj                 20      0         0      
       strlen.obj                 20      0         0      
       copy_decompress_none.obj   14      0         0      
       s_copysign.obj             8       0         0      
       errno.obj                  0       0         4      
       pre_init.obj               4       0         0      
       stkdepth_vars.obj          0       0         4      
       mpu_init.obj               2       0         0      
       startup.obj                2       0         0      
    +--+--------------------------+-------+---------+---------+
       Total:                     8974    257       44     
                                                           
       Heap:                      0       0         32768  
       Stack:                     0       0         20480  
       Linker Generated:          0       302       0      
    +--+--------------------------+-------+---------+---------+
       Grand Total:               67192   3286      57740  


LINKER GENERATED COPY TABLES

__TI_cinit_table @ 2001536c records: 2, size/record: 8, table size: 16
	.data: load addr=20015248, load size=0000010b bytes, run addr=20023fd0, run size=000001c4 bytes, compression=rle
	.bss: load addr=20015358, load size=0000000b bytes, run addr=20023000, run size=00000fcd bytes, compression=rle


LINKER GENERATED HANDLER TABLE

__TI_handler_table @ 20015364 records: 2, size/record: 4, table size: 8
	index: 0, handler: __TI_decompress_rle24
	index: 1, handler: __TI_decompress_none


GLOBAL SYMBOLS: SORTED ALPHABETICALLY BY Name 

address   name                                  
-------   ----                                  
2000a2bd  BoardInit                             
2001037d  Button_IF_DisableInterrupt            
2001032d  Button_IF_EnableInterrupt             
200102c9  Button_IF_Init                        
2001366d  C$$EXIT                               
20014971  CPUcpsie                              
2000e6b5  ClearTerm                             
20007109  ConfigureSimpleLinkToDefaultState     
20023f94  DMAMsgQ                               
20014189  DmaSpiSwIntHandler                    
2000e6bf  Error                                 
20014029  GPIODirModeSet                        
20014985  GPIOIntClear                          
20014771  GPIOIntDisable                        
2001478b  GPIOIntEnable                         
200144e1  GPIOIntStatus                         
200129e5  GPIOIntTypeSet                        
20014827  GPIOPinRead                           
2001458b  GPIOPinWrite                          
2000e30d  GPIO_IF_ConfigureNIntEnable           
2000e389  GPIO_IF_Get                           
2000e2c7  GPIO_IF_GetPortNPin                   
2000e089  GPIO_IF_LedConfigure                  
2000e17b  GPIO_IF_LedOff                        
2000e0c7  GPIO_IF_LedOn                         
2000e22f  GPIO_IF_LedStatus                     
2000e299  GPIO_IF_LedToggle                     
2000e34f  GPIO_IF_Set                           
200102a9  GPIOs2IntHandler                      
20010289  GPIOs3IntHandler                      
2000e6f7  GetCmd                                
2000e675  InitTerm                              
200070cf  InitializeAppVariables                
20011eed  IntDisable                            
20011f95  IntEnable                             
20014a71  IntMasterEnable                       
200134bd  IntPendClear                          
200135c5  IntPrioritySet                        
200145ad  IntRegister                           
2001439d  IntUnregister                         
20014999  IntVTableBaseSet                      
2000a281  LedTimerConfigNStart                  
2000a2a9  LedTimerDeinitStop                    
2000e693  Message                               
2000a48d  MqttClient                            
200240dc  Mqtt_Client                           
200077ad  Network_IF_ConnectAP                  
20007ab1  Network_IF_CurrentMCUState            
2000760d  Network_IF_DeInitDriver               
2000798b  Network_IF_DisconnectFromAP           
20007a3d  Network_IF_GetHostIP                  
200074a9  Network_IF_InitDriver                 
200079c9  Network_IF_IpConfigGet                
20007aa9  Network_IF_ResetMCUStateMachine       
20007ab7  Network_IF_SetMCUMachineState         
20007ad3  Network_IF_UnsetMCUMachineState       
20014a59  NwpMaskInterrupt                      
20013fb9  NwpPowerOff                           
200145cd  NwpPowerOn                            
20014329  NwpRegisterInterruptHandler           
20014a65  NwpUnMaskInterrupt                    
20014fb0  OpcodeTranslateTable                  
2000fcd9  PRCMCC3200MCUInit                     
20014919  PRCMHIBRegRead                        
2001492f  PRCMHIBRegWrite                       
20014289  PRCMPeripheralClkDisable              
20013f05  PRCMPeripheralClkEnable               
200123e9  PRCMPeripheralClockGet                
20013515  PRCMPeripheralReset                   
20014061  PRCMPeripheralStatusGet               
20012c69  PRCMRTCGet                            
20014a7b  PRCMRTCInUseSet                       
200136c1  PRCMSlowClkCtrGet                     
200141b5  PRCMSysResetCauseGet                  
20012741  PinConfigSet                          
20013d09  PinModeSet                            
20012351  PinMuxConfig                          
200140c9  PinTypeGPIO                           
200147a5  PinTypeUART                           
2000e845  Report                                
20014a49  ResetISR                              
20023fc8  RxIrqCnt                              
UNDEFED   SHT$$INIT_ARRAY$$Base                 
UNDEFED   SHT$$INIT_ARRAY$$Limit                
200142b1  SL_FD_ISSET                           
20014503  SL_FD_SET                             
20014a0d  SL_FD_ZERO                            
2001483f  SPICSDisable                          
20014857  SPICSEnable                           
2001203d  SPIConfigSetExpClk                    
2001486f  SPIDisable                            
200147bf  SPIDmaDisable                         
200147d9  SPIDmaEnable                          
20014887  SPIEnable                             
200147f3  SPIFIFODisable                        
2001480d  SPIFIFOEnable                         
20014095  SPIFIFOLevelSet                       
200139c9  SPIIntClear                           
20013801  SPIIntEnable                          
20014525  SPIReset                              
20014547  SPIWordCountSet                       
20024140  SecurityParams                        
20006c21  SimpleLinkGeneralEventHandler         
20006cf5  SimpleLinkHttpServerCallback          
20006ba9  SimpleLinkNetAppEventHandler          
20006c41  SimpleLinkSockEventHandler            
200069e5  SimpleLinkWlanEventHandler            
20013b2d  TimerConfigure                        
2001462d  TimerDisable                          
2001464b  TimerEnable                           
200149e9  TimerIntClear                         
2001489f  TimerIntDisable                       
200148b7  TimerIntEnable                        
20014669  TimerIntStatus                        
200132cd  TimerIntUnregister                    
200141e1  TimerLoadSet                          
2000a24d  TimerPeriodicIntHandler               
2001420b  TimerPrescaleSet                      
200146ff  TimerValueGet                         
2000f471  Timer_IF_DeInit                       
2000f4a3  Timer_IF_GetCount                     
2000f385  Timer_IF_Init                         
2000f3b7  Timer_IF_IntSetup                     
2000f429  Timer_IF_InterruptClear               
2000f48b  Timer_IF_ReLoad                       
2000f441  Timer_IF_Start                        
2000f461  Timer_IF_Stop                         
2000a1cb  ToggleLedState                        
2000e7ad  TrimSpace                             
2001471b  UARTCharGetNonBlocking                
20014687  UARTCharPut                           
200148cf  UARTCharsAvail                        
20012fc5  UARTConfigSetExpClk                   
200140f9  UARTDisable                           
20014409  UARTEnable                            
20014a8b  UtilsDelay                            
2000dadd  VDeleteSimpleLinkSpawnTask            
2000b925  VMqttRecvTask                         
2000da8d  VStartSimpleLinkSpawnTask             
20015028  _SlActionLookupTable                  
200120dd  _SlDriverHandleError                  
20013a11  _SlDrvBasicCmd                        
20011bfd  _SlDrvCmdOp                           
2001311d  _SlDrvCmdSend                         
2000ef55  _SlDrvDataReadOp                      
20010529  _SlDrvDataWriteOp                     
200122b5  _SlDrvDeviceEventHandler              
20014a1d  _SlDrvDispatchHttpServerEvents        
20010d6d  _SlDrvDriverCBDeinit                  
2000f9b9  _SlDrvDriverCBInit                    
2001442d  _SlDrvGlobalObjUnLock                 
20013b71  _SlDrvHandleHttpServerEvents          
20013d49  _SlDrvHandleNetAppEvents              
20013d89  _SlDrvHandleWlanEvents                
20014945  _SlDrvMemZero                         
20011801  _SlDrvMsgReadSpawnCtx                 
200110ad  _SlDrvNetAppEventHandler              
20014569  _SlDrvObjLockWaitForever              
200146a5  _SlDrvObjUnLock                       
2001384d  _SlDrvProtectAsyncRespSetting         
20014301  _SlDrvProtectionObjLockWaitForever    
20014451  _SlDrvProtectionObjUnLock             
2000f135  _SlDrvReleasePoolObj                  
20014a2d  _SlDrvResetCmdExt                     
20013711  _SlDrvRxIrqHandler                    
200146c3  _SlDrvSyncObjSignal                   
20014475  _SlDrvSyncObjWaitForever              
20013dc9  _SlDrvSyncObjWaitTimeout              
2000fb49  _SlDrvWaitForPoolObj                  
20015114  _SlNetAppSendTokenValueCmdCtrl        
20030000  __STACK_END                           
00005000  __STACK_SIZE                          
00008000  __SYSMEM_SIZE                         
2001536c  __TI_CINIT_Base                       
2001537c  __TI_CINIT_Limit                      
20015364  __TI_Handler_Table_Base               
2001536c  __TI_Handler_Table_Limit              
2001303d  __TI_auto_init                        
20024128  __TI_cleanup_ptr                      
20014a3b  __TI_decompress_none                  
20014a91  __TI_decompress_rle24                 
2002412c  __TI_dtors_ptr                        
20024130  __TI_enable_exit_profile_output       
ffffffff  __TI_pprof_out_hndl                   
20009cff  __TI_printfi                          
ffffffff  __TI_prof_data_size                   
ffffffff  __TI_prof_data_start                  
20015248  __TI_static_base__                    
200128d9  __aeabi_cdcmpeq                       
200128d9  __aeabi_cdcmple                       
2001295f  __aeabi_cdrcmple                      
20013a59  __aeabi_d2iz                          
2000f4cf  __aeabi_dadd                          
20010675  __aeabi_ddiv                          
200111b1  __aeabi_dmul                          
2000f4c5  __aeabi_dsub                          
20014159  __aeabi_i2d                           
20012e59  __aeabi_memclr                        
20012e59  __aeabi_memclr4                       
20012e59  __aeabi_memclr8                       
2001217d  __aeabi_memcpy                        
2001217d  __aeabi_memcpy4                       
2001217d  __aeabi_memcpy8                       
20012e5b  __aeabi_memset                        
20012e5b  __aeabi_memset4                       
20012e5b  __aeabi_memset8                       
2000ed61  __aeabi_uldivmod                      
ffffffff  __binit__                             
ffffffff  __c_args__                            
200107ab  __mpu_init                            
2002b000  __stack                               
20014901  _args_main                            
20013e49  _c_int00                              
20014bb0  _ctypes_                              
2002417c  _lock                                 
200149bb  _nop                                  
200149b3  _register_lock                        
200149ad  _register_unlock                      
20013335  _sl_HandleAsync_Accept                
20012a69  _sl_HandleAsync_Connect               
2001247d  _sl_HandleAsync_DnsGetHostByName      
200119a5  _sl_HandleAsync_DnsGetHostByService   
20012ae9  _sl_HandleAsync_InitComplete          
2001250d  _sl_HandleAsync_PingResponse          
20013619  _sl_HandleAsync_Select                
20013761  _sl_HandleAsync_Stop                  
20013189  _sl_NetAppSendTokenValue              
2001b000  _sys_memory                           
20010a03  _system_post_cinit                    
20014a97  _system_pre_init                      
20024180  _unlock                               
20013671  abort                                 
20024100  app_hndl                              
200138e5  atoi                                  
ffffffff  binit                                 
2000e019  calloc                                
2000cb1f  cl_ctx_remove                         
2000ca7f  cl_ctx_reset                          
2000caaf  cl_ctx_timeout_insert                 
2000cb75  cl_ctx_timeout_update                 
2000cf69  comm_close                            
2000cdd1  comm_open                             
20013931  copy_in                               
20014a83  copysign                              
20014a83  copysignl                             
200240f8  data_sw2                              
200240fc  data_sw3                              
20024044  debug_printf                          
20007f3d  eTaskGetState                         
20024188  errno                                 
20013679  exit                                  
2000dd67  free                                  
20013461  frexp                                 
20013461  frexpl                                
20023f98  g_PBQueue                             
20023f9c  g_S2InterruptHdl                      
20023fa0  g_S3InterruptHdl                      
20024170  g_SpiFd                               
20023fc9  g_bDeviceRestartIsRequired            
20023fa4  g_cDummy                              
20024125  g_multi_srvr_conn                     
2002411c  g_pCB                                 
20024174  g_pHostIntHdl                         
20004000  g_pfnVectors                          
20023fa8  g_rx_task_hndl                        
20023fac  g_rx_tx_sync_obj                      
20023f88  g_ucConnectionBSSID                   
20023ee8  g_ucConnectionSSID                    
20024178  g_ucDMAEnabled                        
20023e00  g_ucDinDout                           
20023fca  g_ucLED1Pin                           
20023fcb  g_ucLED2Pin                           
20023fcc  g_ucLED3Pin                           
20024158  g_uiLED1Port                          
2002415c  g_uiLED2Port                          
20024160  g_uiLED3Port                          
2002416c  g_ulGatewayIP                         
20024168  g_ulStaIp                             
20024164  g_ulStatus                            
20023fc4  g_usConnectIndex                      
20023fc6  g_usTimerInts                         
20023fb0  g_wait_secs                           
20007b6d  itoa                                  
200118d5  ldexp                                 
200118d5  ldexpl                                
2001356d  ltoa                                  
2000aa85  main                                  
2002418c  main_func_sp                          
2000dcff  malloc                                
2000dbe1  mem_Free                              
2000dbd5  mem_Malloc                            
2000dc01  mem_copy                              
2000dbed  mem_set                               
2000df35  memalign                              
20014737  memccpy                               
2001217d  memcpy                                
20014499  memmove                               
20012e61  memset                                
2000dc71  minit                                 
2000c67d  mqp_ack_wlist_append                  
2000c723  mqp_ack_wlist_purge                   
2000c6b3  mqp_ack_wlist_remove                  
2000c407  mqp_buf_rd_remlen                     
2000c397  mqp_buf_tail_wr_remlen                
2000c325  mqp_buf_wr_utf8                       
20006495  mqp_client_alloc                      
2000c27f  mqp_free                              
2000c2cb  mqp_init                              
2000c775  mqp_prep_fh                           
2000c5a5  mqp_proc_msg_id_ack_rx                
2000c5db  mqp_proc_pub_rx                       
2000c599  mqp_proc_vh_msg_id_rx                 
2000c4c9  mqp_pub_append_data                   
2000c417  mqp_pub_append_topic                  
2000c7eb  mqp_recv                              
2000c2bf  mqp_reset                             
20006389  mqtt_client_await_msg                 
200064e9  mqtt_client_buffers_register          
2000607d  mqtt_client_ctx_await_msg             
20006771  mqtt_client_ctx_create                
20006823  mqtt_client_ctx_delete                
200065f5  mqtt_client_ctx_info_register         
200060cf  mqtt_client_ctx_run                   
2000656d  mqtt_client_ctx_will_register         
20004a49  mqtt_client_is_connected              
20006905  mqtt_client_lib_exit                  
20006885  mqtt_client_lib_init                  
20006675  mqtt_client_net_svc_register          
20004a41  mqtt_client_new_msg_id                
20005223  mqtt_client_pub_dispatch              
20005195  mqtt_client_pub_msg_send              
200063f1  mqtt_client_run                       
20004c05  mqtt_client_send_progress             
20005045  mqtt_connect_msg_send                 
2000558f  mqtt_disconn_send                     
20023fb4  mqtt_lib_lockobj                      
20005553  mqtt_pingreq_send                     
2000546b  mqtt_sub_dispatch                     
20005455  mqtt_sub_msg_send                     
20005495  mqtt_unsub_dispatch                   
2000547f  mqtt_unsub_msg_send                   
2000bb1f  mutex_lockup                          
2000bb2f  mutex_unlock                          
200240b4  net                                   
2000dc57  osi_ContextRestore                    
2000dc55  osi_ContextSave                       
2000dc15  osi_EnterCritical                     
2000dc1f  osi_ExitCritical                      
2000d83b  osi_InterruptDeRegister               
2000d815  osi_InterruptRegister                 
2000d945  osi_LockObjCreate                     
2000d9b9  osi_LockObjDelete                     
2000d9c9  osi_LockObjLock                       
2000d9f5  osi_LockObjUnlock                     
2000db09  osi_MsgQCreate                        
2000db4d  osi_MsgQDelete                        
2000db99  osi_MsgQRead                          
2000db67  osi_MsgQWrite                         
2000dc31  osi_Sleep                             
2000da1f  osi_Spawn                             
2000d923  osi_SyncObjClear                      
2000d84d  osi_SyncObjCreate                     
2000d87d  osi_SyncObjDelete                     
2000d897  osi_SyncObjSignal                     
2000d8bf  osi_SyncObjSignalFromISR              
2000d8f7  osi_SyncObjWait                       
2000d96b  osi_TaskCreate                        
2000d9ab  osi_TaskDelete                        
2000dc41  osi_TaskDisable                       
2000dc4b  osi_TaskEnable                        
2000dc29  osi_start                             
20024120  pPingCallBackFunc                     
2001522f  pcDigits                              
20008461  pcTaskGetTaskName                     
200145f5  platform_get_time_in_secs             
200145ed  platform_timer_init                   
20011e31  portCLZ                               
20011e19  prvPortStartFirstTask                 
200240f0  pub_topic_sw2                         
200240f4  pub_topic_sw3                         
2000a19b  pushButtonInterruptHandler2           
2000a1b3  pushButtonInterruptHandler3           
20013ff1  pvPortMalloc                          
20024080  pxCurrentTCB                          
20010f9d  pxPortInitialiseStack                 
2000ca0f  qos2_pub_cq_check                     
2000c98d  qos2_pub_cq_logup                     
2000c96b  qos2_pub_cq_reset                     
2000c9cb  qos2_pub_cq_unlog                     
2000de29  realloc                               
2000d1e5  recv_from                             
2000cf83  rtc_secs                              
200118d5  scalbn                                
200118d5  scalbnl                               
2000c755  secure_conn_struct_init               
2000d165  send_dest                             
2000f67d  sl_Accept                             
20012219  sl_Bind                               
20013bf9  sl_Close                              
2000ffc1  sl_Connect                            
20011e39  sl_DevGet                             
2000bcd5  sl_ExtLib_MqttClientConnect           
2000b9e1  sl_ExtLib_MqttClientCtxCreate         
2000bae5  sl_ExtLib_MqttClientCtxDelete         
2000be79  sl_ExtLib_MqttClientDisconnect        
2000bc0d  sl_ExtLib_MqttClientExit              
2000bb41  sl_ExtLib_MqttClientInit              
2000c0c9  sl_ExtLib_MqttClientSend              
2000bc6d  sl_ExtLib_MqttClientSet               
2000bef5  sl_ExtLib_MqttClientSub               
2000bfed  sl_ExtLib_MqttClientUnsub             
20013cc5  sl_Htonl                              
20013f41  sl_Htons                              
200137b1  sl_Listen                             
200107ad  sl_NetAppDnsGetHostByName             
20011a71  sl_NetAppMDNSRegisterUnregisterService
20013aa1  sl_NetAppMDNSUnRegisterService        
20011cbd  sl_NetCfgGet                          
20012ce5  sl_NetCfgSet                          
2001434f  sl_Provisioning_HttpServerEventHdl    
2001435d  sl_Provisioning_NetAppEventHdl        
20014369  sl_Provisioning_WlanEventHdl          
20012851  sl_Recv                               
20010c4d  sl_RecvFrom                           
2001012d  sl_Select                             
20010e85  sl_Send                               
20010a05  sl_SendTo                             
20012d61  sl_SetSockOpt                         
200130ad  sl_Socket                             
20011569  sl_Start                              
20011485  sl_Stop                               
2000e905  sl_WlanConnect                        
2001460d  sl_WlanDisconnect                     
20012ed5  sl_WlanPolicySet                      
2000e3e1  sl_WlanProfileAdd                     
20013c3d  sl_WlanProfileDel                     
200131f5  sl_WlanRxFilterSet                    
20012ddd  sl_WlanSet                            
20013c81  sl_WlanSetMode                        
20012f4d  spi_Close                             
200103d9  spi_Open                              
20011725  spi_Read                              
200126b5  spi_Write                             
2001495b  strchr                                
200149c1  strcpy                                
200144bd  strcspn                               
200149d5  strlen                                
20014375  strncmp                               
20014129  strncpy                               
20014235  strspn                                
20013e89  strtok                                
2000d0f5  tcp_accept                            
2000cf8b  tcp_listen                            
2000cf09  tcp_recv                              
2000d017  tcp_select                            
2000cee3  tcp_send                              
2001397d  uDMAChannelAssign                     
20013399  uDMAChannelAttributeDisable           
200133fd  uDMAChannelAttributeEnable            
20013f7d  uDMAChannelControlSet                 
20014755  uDMAChannelEnable                     
200112ad  uDMAChannelTransferSet                
2000b39d  ucQueueGetQueueType                   
20011d81  ulPortSetInterruptMask                
20023fd0  usr_connect_config                    
200109bb  uxListRemove                          
2000b37d  uxQueueGetQueueNumber                 
2000b311  uxQueueMessagesWaiting                
2000b347  uxQueueMessagesWaitingFromISR         
2000b327  uxQueueSpacesAvailable                
20008455  uxTaskGetNumberOfTasks                
20008485  uxTaskGetSystemState                  
20008979  uxTaskGetTaskNumber                   
20007fd1  uxTaskPriorityGet                     
20008ed1  uxTaskResetEventItemValue             
200069d7  vApplicationIdleHook                  
200069d9  vApplicationMallocFailedHook          
200069db  vApplicationStackOverflowHook         
200069cd  vAssertCalled                         
200108d9  vListInitialise                       
20010909  vListInitialiseItem                   
20010955  vListInsert                           
20010919  vListInsertEnd                        
20011d97  vPortClearInterruptMask               
20011019  vPortEndScheduler                     
2001102d  vPortEnterCritical                    
20011045  vPortExitCritical                     
20014011  vPortFree                             
20011df1  vPortSVCHandler                       
20011079  vPortSetupTimerInterrupt              
2001101b  vPortYield                            
2000b5b7  vQueueAddToRegistry                   
2000b359  vQueueDelete                          
2000b38b  vQueueSetQueueNumber                  
2000b5f9  vQueueUnregisterQueue                 
20007ee7  vTaskDelay                            
20007e4b  vTaskDelayUntil                       
20007dbb  vTaskDelete                           
20008339  vTaskEndScheduler                     
2000896b  vTaskMissedYield                      
20008701  vTaskPlaceOnEventList                 
20008765  vTaskPlaceOnUnorderedEventList        
20008e47  vTaskPriorityDisinherit               
20008d8d  vTaskPriorityInherit                  
20008009  vTaskPrioritySet                      
20008201  vTaskResume                           
20008999  vTaskSetTaskNumber                    
200088cb  vTaskSetTimeOutState                  
200082ef  vTaskStartScheduler                   
2000810d  vTaskSuspend                          
2000834b  vTaskSuspendAll                       
20008681  vTaskSwitchContext                    
200127c9  vsnprintf                             
2002414c  xHigherPriorityTaskWoken              
20011da5  xPortPendSVHandler                    
20010fed  xPortStartScheduler                   
2001105d  xPortSysTickHandler                   
2000b647  xQueueAddToSet                        
2000af79  xQueueAltGenericReceive               
2000aecd  xQueueAltGenericSend                  
2000ada1  xQueueCreateCountingSemaphore         
2000ad23  xQueueCreateMutex                     
2000b633  xQueueCreateSet                       
2000acad  xQueueGenericCreate                   
2000b113  xQueueGenericReceive                  
2000ac1d  xQueueGenericReset                    
2000adc1  xQueueGenericSend                     
2000b077  xQueueGenericSendFromISR              
2000b553  xQueueIsQueueEmptyFromISR             
2000b595  xQueueIsQueueFullFromISR              
2000b2cd  xQueuePeekFromISR                     
2000b255  xQueueReceiveFromISR                  
20023e50  xQueueRegistry                        
2000b67b  xQueueRemoveFromSet                   
2000b6bd  xQueueSelectFromSet                   
2000b6d7  xQueueSelectFromSetFromISR            
20024150  xSimpleLinkSpawnQueue                 
20024154  xSimpleLinkSpawnTaskHndl              
200088f1  xTaskCheckForTimeOut                  
20007cad  xTaskGenericCreate                    
20008d41  xTaskGetCurrentTaskHandle             
20008543  xTaskGetIdleTaskHandle                
20008d55  xTaskGetSchedulerState                
20008429  xTaskGetTickCount                     
2000843d  xTaskGetTickCountFromISR              
2000855d  xTaskIncrementTick                    
200087d9  xTaskRemoveFromEventList              
2000885d  xTaskRemoveFromUnorderedEventList     
2000835d  xTaskResumeAll                        
20008275  xTaskResumeFromISR                    


GLOBAL SYMBOLS: SORTED BY Symbol Address 

address   name                                  
-------   ----                                  
00005000  __STACK_SIZE                          
00008000  __SYSMEM_SIZE                         
20004000  g_pfnVectors                          
20004a41  mqtt_client_new_msg_id                
20004a49  mqtt_client_is_connected              
20004c05  mqtt_client_send_progress             
20005045  mqtt_connect_msg_send                 
20005195  mqtt_client_pub_msg_send              
20005223  mqtt_client_pub_dispatch              
20005455  mqtt_sub_msg_send                     
2000546b  mqtt_sub_dispatch                     
2000547f  mqtt_unsub_msg_send                   
20005495  mqtt_unsub_dispatch                   
20005553  mqtt_pingreq_send                     
2000558f  mqtt_disconn_send                     
2000607d  mqtt_client_ctx_await_msg             
200060cf  mqtt_client_ctx_run                   
20006389  mqtt_client_await_msg                 
200063f1  mqtt_client_run                       
20006495  mqp_client_alloc                      
200064e9  mqtt_client_buffers_register          
2000656d  mqtt_client_ctx_will_register         
200065f5  mqtt_client_ctx_info_register         
20006675  mqtt_client_net_svc_register          
20006771  mqtt_client_ctx_create                
20006823  mqtt_client_ctx_delete                
20006885  mqtt_client_lib_init                  
20006905  mqtt_client_lib_exit                  
200069cd  vAssertCalled                         
200069d7  vApplicationIdleHook                  
200069d9  vApplicationMallocFailedHook          
200069db  vApplicationStackOverflowHook         
200069e5  SimpleLinkWlanEventHandler            
20006ba9  SimpleLinkNetAppEventHandler          
20006c21  SimpleLinkGeneralEventHandler         
20006c41  SimpleLinkSockEventHandler            
20006cf5  SimpleLinkHttpServerCallback          
200070cf  InitializeAppVariables                
20007109  ConfigureSimpleLinkToDefaultState     
200074a9  Network_IF_InitDriver                 
2000760d  Network_IF_DeInitDriver               
200077ad  Network_IF_ConnectAP                  
2000798b  Network_IF_DisconnectFromAP           
200079c9  Network_IF_IpConfigGet                
20007a3d  Network_IF_GetHostIP                  
20007aa9  Network_IF_ResetMCUStateMachine       
20007ab1  Network_IF_CurrentMCUState            
20007ab7  Network_IF_SetMCUMachineState         
20007ad3  Network_IF_UnsetMCUMachineState       
20007b6d  itoa                                  
20007cad  xTaskGenericCreate                    
20007dbb  vTaskDelete                           
20007e4b  vTaskDelayUntil                       
20007ee7  vTaskDelay                            
20007f3d  eTaskGetState                         
20007fd1  uxTaskPriorityGet                     
20008009  vTaskPrioritySet                      
2000810d  vTaskSuspend                          
20008201  vTaskResume                           
20008275  xTaskResumeFromISR                    
200082ef  vTaskStartScheduler                   
20008339  vTaskEndScheduler                     
2000834b  vTaskSuspendAll                       
2000835d  xTaskResumeAll                        
20008429  xTaskGetTickCount                     
2000843d  xTaskGetTickCountFromISR              
20008455  uxTaskGetNumberOfTasks                
20008461  pcTaskGetTaskName                     
20008485  uxTaskGetSystemState                  
20008543  xTaskGetIdleTaskHandle                
2000855d  xTaskIncrementTick                    
20008681  vTaskSwitchContext                    
20008701  vTaskPlaceOnEventList                 
20008765  vTaskPlaceOnUnorderedEventList        
200087d9  xTaskRemoveFromEventList              
2000885d  xTaskRemoveFromUnorderedEventList     
200088cb  vTaskSetTimeOutState                  
200088f1  xTaskCheckForTimeOut                  
2000896b  vTaskMissedYield                      
20008979  uxTaskGetTaskNumber                   
20008999  vTaskSetTaskNumber                    
20008d41  xTaskGetCurrentTaskHandle             
20008d55  xTaskGetSchedulerState                
20008d8d  vTaskPriorityInherit                  
20008e47  vTaskPriorityDisinherit               
20008ed1  uxTaskResetEventItemValue             
20009cff  __TI_printfi                          
2000a19b  pushButtonInterruptHandler2           
2000a1b3  pushButtonInterruptHandler3           
2000a1cb  ToggleLedState                        
2000a24d  TimerPeriodicIntHandler               
2000a281  LedTimerConfigNStart                  
2000a2a9  LedTimerDeinitStop                    
2000a2bd  BoardInit                             
2000a48d  MqttClient                            
2000aa85  main                                  
2000ac1d  xQueueGenericReset                    
2000acad  xQueueGenericCreate                   
2000ad23  xQueueCreateMutex                     
2000ada1  xQueueCreateCountingSemaphore         
2000adc1  xQueueGenericSend                     
2000aecd  xQueueAltGenericSend                  
2000af79  xQueueAltGenericReceive               
2000b077  xQueueGenericSendFromISR              
2000b113  xQueueGenericReceive                  
2000b255  xQueueReceiveFromISR                  
2000b2cd  xQueuePeekFromISR                     
2000b311  uxQueueMessagesWaiting                
2000b327  uxQueueSpacesAvailable                
2000b347  uxQueueMessagesWaitingFromISR         
2000b359  vQueueDelete                          
2000b37d  uxQueueGetQueueNumber                 
2000b38b  vQueueSetQueueNumber                  
2000b39d  ucQueueGetQueueType                   
2000b553  xQueueIsQueueEmptyFromISR             
2000b595  xQueueIsQueueFullFromISR              
2000b5b7  vQueueAddToRegistry                   
2000b5f9  vQueueUnregisterQueue                 
2000b633  xQueueCreateSet                       
2000b647  xQueueAddToSet                        
2000b67b  xQueueRemoveFromSet                   
2000b6bd  xQueueSelectFromSet                   
2000b6d7  xQueueSelectFromSetFromISR            
2000b925  VMqttRecvTask                         
2000b9e1  sl_ExtLib_MqttClientCtxCreate         
2000bae5  sl_ExtLib_MqttClientCtxDelete         
2000bb1f  mutex_lockup                          
2000bb2f  mutex_unlock                          
2000bb41  sl_ExtLib_MqttClientInit              
2000bc0d  sl_ExtLib_MqttClientExit              
2000bc6d  sl_ExtLib_MqttClientSet               
2000bcd5  sl_ExtLib_MqttClientConnect           
2000be79  sl_ExtLib_MqttClientDisconnect        
2000bef5  sl_ExtLib_MqttClientSub               
2000bfed  sl_ExtLib_MqttClientUnsub             
2000c0c9  sl_ExtLib_MqttClientSend              
2000c27f  mqp_free                              
2000c2bf  mqp_reset                             
2000c2cb  mqp_init                              
2000c325  mqp_buf_wr_utf8                       
2000c397  mqp_buf_tail_wr_remlen                
2000c407  mqp_buf_rd_remlen                     
2000c417  mqp_pub_append_topic                  
2000c4c9  mqp_pub_append_data                   
2000c599  mqp_proc_vh_msg_id_rx                 
2000c5a5  mqp_proc_msg_id_ack_rx                
2000c5db  mqp_proc_pub_rx                       
2000c67d  mqp_ack_wlist_append                  
2000c6b3  mqp_ack_wlist_remove                  
2000c723  mqp_ack_wlist_purge                   
2000c755  secure_conn_struct_init               
2000c775  mqp_prep_fh                           
2000c7eb  mqp_recv                              
2000c96b  qos2_pub_cq_reset                     
2000c98d  qos2_pub_cq_logup                     
2000c9cb  qos2_pub_cq_unlog                     
2000ca0f  qos2_pub_cq_check                     
2000ca7f  cl_ctx_reset                          
2000caaf  cl_ctx_timeout_insert                 
2000cb1f  cl_ctx_remove                         
2000cb75  cl_ctx_timeout_update                 
2000cdd1  comm_open                             
2000cee3  tcp_send                              
2000cf09  tcp_recv                              
2000cf69  comm_close                            
2000cf83  rtc_secs                              
2000cf8b  tcp_listen                            
2000d017  tcp_select                            
2000d0f5  tcp_accept                            
2000d165  send_dest                             
2000d1e5  recv_from                             
2000d815  osi_InterruptRegister                 
2000d83b  osi_InterruptDeRegister               
2000d84d  osi_SyncObjCreate                     
2000d87d  osi_SyncObjDelete                     
2000d897  osi_SyncObjSignal                     
2000d8bf  osi_SyncObjSignalFromISR              
2000d8f7  osi_SyncObjWait                       
2000d923  osi_SyncObjClear                      
2000d945  osi_LockObjCreate                     
2000d96b  osi_TaskCreate                        
2000d9ab  osi_TaskDelete                        
2000d9b9  osi_LockObjDelete                     
2000d9c9  osi_LockObjLock                       
2000d9f5  osi_LockObjUnlock                     
2000da1f  osi_Spawn                             
2000da8d  VStartSimpleLinkSpawnTask             
2000dadd  VDeleteSimpleLinkSpawnTask            
2000db09  osi_MsgQCreate                        
2000db4d  osi_MsgQDelete                        
2000db67  osi_MsgQWrite                         
2000db99  osi_MsgQRead                          
2000dbd5  mem_Malloc                            
2000dbe1  mem_Free                              
2000dbed  mem_set                               
2000dc01  mem_copy                              
2000dc15  osi_EnterCritical                     
2000dc1f  osi_ExitCritical                      
2000dc29  osi_start                             
2000dc31  osi_Sleep                             
2000dc41  osi_TaskDisable                       
2000dc4b  osi_TaskEnable                        
2000dc55  osi_ContextSave                       
2000dc57  osi_ContextRestore                    
2000dc71  minit                                 
2000dcff  malloc                                
2000dd67  free                                  
2000de29  realloc                               
2000df35  memalign                              
2000e019  calloc                                
2000e089  GPIO_IF_LedConfigure                  
2000e0c7  GPIO_IF_LedOn                         
2000e17b  GPIO_IF_LedOff                        
2000e22f  GPIO_IF_LedStatus                     
2000e299  GPIO_IF_LedToggle                     
2000e2c7  GPIO_IF_GetPortNPin                   
2000e30d  GPIO_IF_ConfigureNIntEnable           
2000e34f  GPIO_IF_Set                           
2000e389  GPIO_IF_Get                           
2000e3e1  sl_WlanProfileAdd                     
2000e675  InitTerm                              
2000e693  Message                               
2000e6b5  ClearTerm                             
2000e6bf  Error                                 
2000e6f7  GetCmd                                
2000e7ad  TrimSpace                             
2000e845  Report                                
2000e905  sl_WlanConnect                        
2000ed61  __aeabi_uldivmod                      
2000ef55  _SlDrvDataReadOp                      
2000f135  _SlDrvReleasePoolObj                  
2000f385  Timer_IF_Init                         
2000f3b7  Timer_IF_IntSetup                     
2000f429  Timer_IF_InterruptClear               
2000f441  Timer_IF_Start                        
2000f461  Timer_IF_Stop                         
2000f471  Timer_IF_DeInit                       
2000f48b  Timer_IF_ReLoad                       
2000f4a3  Timer_IF_GetCount                     
2000f4c5  __aeabi_dsub                          
2000f4cf  __aeabi_dadd                          
2000f67d  sl_Accept                             
2000f9b9  _SlDrvDriverCBInit                    
2000fb49  _SlDrvWaitForPoolObj                  
2000fcd9  PRCMCC3200MCUInit                     
2000ffc1  sl_Connect                            
2001012d  sl_Select                             
20010289  GPIOs3IntHandler                      
200102a9  GPIOs2IntHandler                      
200102c9  Button_IF_Init                        
2001032d  Button_IF_EnableInterrupt             
2001037d  Button_IF_DisableInterrupt            
200103d9  spi_Open                              
20010529  _SlDrvDataWriteOp                     
20010675  __aeabi_ddiv                          
200107ab  __mpu_init                            
200107ad  sl_NetAppDnsGetHostByName             
200108d9  vListInitialise                       
20010909  vListInitialiseItem                   
20010919  vListInsertEnd                        
20010955  vListInsert                           
200109bb  uxListRemove                          
20010a03  _system_post_cinit                    
20010a05  sl_SendTo                             
20010c4d  sl_RecvFrom                           
20010d6d  _SlDrvDriverCBDeinit                  
20010e85  sl_Send                               
20010f9d  pxPortInitialiseStack                 
20010fed  xPortStartScheduler                   
20011019  vPortEndScheduler                     
2001101b  vPortYield                            
2001102d  vPortEnterCritical                    
20011045  vPortExitCritical                     
2001105d  xPortSysTickHandler                   
20011079  vPortSetupTimerInterrupt              
200110ad  _SlDrvNetAppEventHandler              
200111b1  __aeabi_dmul                          
200112ad  uDMAChannelTransferSet                
20011485  sl_Stop                               
20011569  sl_Start                              
20011725  spi_Read                              
20011801  _SlDrvMsgReadSpawnCtx                 
200118d5  ldexp                                 
200118d5  ldexpl                                
200118d5  scalbn                                
200118d5  scalbnl                               
200119a5  _sl_HandleAsync_DnsGetHostByService   
20011a71  sl_NetAppMDNSRegisterUnregisterService
20011bfd  _SlDrvCmdOp                           
20011cbd  sl_NetCfgGet                          
20011d81  ulPortSetInterruptMask                
20011d97  vPortClearInterruptMask               
20011da5  xPortPendSVHandler                    
20011df1  vPortSVCHandler                       
20011e19  prvPortStartFirstTask                 
20011e31  portCLZ                               
20011e39  sl_DevGet                             
20011eed  IntDisable                            
20011f95  IntEnable                             
2001203d  SPIConfigSetExpClk                    
200120dd  _SlDriverHandleError                  
2001217d  __aeabi_memcpy                        
2001217d  __aeabi_memcpy4                       
2001217d  __aeabi_memcpy8                       
2001217d  memcpy                                
20012219  sl_Bind                               
200122b5  _SlDrvDeviceEventHandler              
20012351  PinMuxConfig                          
200123e9  PRCMPeripheralClockGet                
2001247d  _sl_HandleAsync_DnsGetHostByName      
2001250d  _sl_HandleAsync_PingResponse          
200126b5  spi_Write                             
20012741  PinConfigSet                          
200127c9  vsnprintf                             
20012851  sl_Recv                               
200128d9  __aeabi_cdcmpeq                       
200128d9  __aeabi_cdcmple                       
2001295f  __aeabi_cdrcmple                      
200129e5  GPIOIntTypeSet                        
20012a69  _sl_HandleAsync_Connect               
20012ae9  _sl_HandleAsync_InitComplete          
20012c69  PRCMRTCGet                            
20012ce5  sl_NetCfgSet                          
20012d61  sl_SetSockOpt                         
20012ddd  sl_WlanSet                            
20012e59  __aeabi_memclr                        
20012e59  __aeabi_memclr4                       
20012e59  __aeabi_memclr8                       
20012e5b  __aeabi_memset                        
20012e5b  __aeabi_memset4                       
20012e5b  __aeabi_memset8                       
20012e61  memset                                
20012ed5  sl_WlanPolicySet                      
20012f4d  spi_Close                             
20012fc5  UARTConfigSetExpClk                   
2001303d  __TI_auto_init                        
200130ad  sl_Socket                             
2001311d  _SlDrvCmdSend                         
20013189  _sl_NetAppSendTokenValue              
200131f5  sl_WlanRxFilterSet                    
200132cd  TimerIntUnregister                    
20013335  _sl_HandleAsync_Accept                
20013399  uDMAChannelAttributeDisable           
200133fd  uDMAChannelAttributeEnable            
20013461  frexp                                 
20013461  frexpl                                
200134bd  IntPendClear                          
20013515  PRCMPeripheralReset                   
2001356d  ltoa                                  
200135c5  IntPrioritySet                        
20013619  _sl_HandleAsync_Select                
2001366d  C$$EXIT                               
20013671  abort                                 
20013679  exit                                  
200136c1  PRCMSlowClkCtrGet                     
20013711  _SlDrvRxIrqHandler                    
20013761  _sl_HandleAsync_Stop                  
200137b1  sl_Listen                             
20013801  SPIIntEnable                          
2001384d  _SlDrvProtectAsyncRespSetting         
200138e5  atoi                                  
20013931  copy_in                               
2001397d  uDMAChannelAssign                     
200139c9  SPIIntClear                           
20013a11  _SlDrvBasicCmd                        
20013a59  __aeabi_d2iz                          
20013aa1  sl_NetAppMDNSUnRegisterService        
20013b2d  TimerConfigure                        
20013b71  _SlDrvHandleHttpServerEvents          
20013bf9  sl_Close                              
20013c3d  sl_WlanProfileDel                     
20013c81  sl_WlanSetMode                        
20013cc5  sl_Htonl                              
20013d09  PinModeSet                            
20013d49  _SlDrvHandleNetAppEvents              
20013d89  _SlDrvHandleWlanEvents                
20013dc9  _SlDrvSyncObjWaitTimeout              
20013e49  _c_int00                              
20013e89  strtok                                
20013f05  PRCMPeripheralClkEnable               
20013f41  sl_Htons                              
20013f7d  uDMAChannelControlSet                 
20013fb9  NwpPowerOff                           
20013ff1  pvPortMalloc                          
20014011  vPortFree                             
20014029  GPIODirModeSet                        
20014061  PRCMPeripheralStatusGet               
20014095  SPIFIFOLevelSet                       
200140c9  PinTypeGPIO                           
200140f9  UARTDisable                           
20014129  strncpy                               
20014159  __aeabi_i2d                           
20014189  DmaSpiSwIntHandler                    
200141b5  PRCMSysResetCauseGet                  
200141e1  TimerLoadSet                          
2001420b  TimerPrescaleSet                      
20014235  strspn                                
20014289  PRCMPeripheralClkDisable              
200142b1  SL_FD_ISSET                           
20014301  _SlDrvProtectionObjLockWaitForever    
20014329  NwpRegisterInterruptHandler           
2001434f  sl_Provisioning_HttpServerEventHdl    
2001435d  sl_Provisioning_NetAppEventHdl        
20014369  sl_Provisioning_WlanEventHdl          
20014375  strncmp                               
2001439d  IntUnregister                         
20014409  UARTEnable                            
2001442d  _SlDrvGlobalObjUnLock                 
20014451  _SlDrvProtectionObjUnLock             
20014475  _SlDrvSyncObjWaitForever              
20014499  memmove                               
200144bd  strcspn                               
200144e1  GPIOIntStatus                         
20014503  SL_FD_SET                             
20014525  SPIReset                              
20014547  SPIWordCountSet                       
20014569  _SlDrvObjLockWaitForever              
2001458b  GPIOPinWrite                          
200145ad  IntRegister                           
200145cd  NwpPowerOn                            
200145ed  platform_timer_init                   
200145f5  platform_get_time_in_secs             
2001460d  sl_WlanDisconnect                     
2001462d  TimerDisable                          
2001464b  TimerEnable                           
20014669  TimerIntStatus                        
20014687  UARTCharPut                           
200146a5  _SlDrvObjUnLock                       
200146c3  _SlDrvSyncObjSignal                   
200146ff  TimerValueGet                         
2001471b  UARTCharGetNonBlocking                
20014737  memccpy                               
20014755  uDMAChannelEnable                     
20014771  GPIOIntDisable                        
2001478b  GPIOIntEnable                         
200147a5  PinTypeUART                           
200147bf  SPIDmaDisable                         
200147d9  SPIDmaEnable                          
200147f3  SPIFIFODisable                        
2001480d  SPIFIFOEnable                         
20014827  GPIOPinRead                           
2001483f  SPICSDisable                          
20014857  SPICSEnable                           
2001486f  SPIDisable                            
20014887  SPIEnable                             
2001489f  TimerIntDisable                       
200148b7  TimerIntEnable                        
200148cf  UARTCharsAvail                        
20014901  _args_main                            
20014919  PRCMHIBRegRead                        
2001492f  PRCMHIBRegWrite                       
20014945  _SlDrvMemZero                         
2001495b  strchr                                
20014971  CPUcpsie                              
20014985  GPIOIntClear                          
20014999  IntVTableBaseSet                      
200149ad  _register_unlock                      
200149b3  _register_lock                        
200149bb  _nop                                  
200149c1  strcpy                                
200149d5  strlen                                
200149e9  TimerIntClear                         
20014a0d  SL_FD_ZERO                            
20014a1d  _SlDrvDispatchHttpServerEvents        
20014a2d  _SlDrvResetCmdExt                     
20014a3b  __TI_decompress_none                  
20014a49  ResetISR                              
20014a59  NwpMaskInterrupt                      
20014a65  NwpUnMaskInterrupt                    
20014a71  IntMasterEnable                       
20014a7b  PRCMRTCInUseSet                       
20014a83  copysign                              
20014a83  copysignl                             
20014a8b  UtilsDelay                            
20014a91  __TI_decompress_rle24                 
20014a97  _system_pre_init                      
20014bb0  _ctypes_                              
20014fb0  OpcodeTranslateTable                  
20015028  _SlActionLookupTable                  
20015114  _SlNetAppSendTokenValueCmdCtrl        
2001522f  pcDigits                              
20015248  __TI_static_base__                    
20015364  __TI_Handler_Table_Base               
2001536c  __TI_CINIT_Base                       
2001536c  __TI_Handler_Table_Limit              
2001537c  __TI_CINIT_Limit                      
2001b000  _sys_memory                           
20023e00  g_ucDinDout                           
20023e50  xQueueRegistry                        
20023ee8  g_ucConnectionSSID                    
20023f88  g_ucConnectionBSSID                   
20023f94  DMAMsgQ                               
20023f98  g_PBQueue                             
20023f9c  g_S2InterruptHdl                      
20023fa0  g_S3InterruptHdl                      
20023fa4  g_cDummy                              
20023fa8  g_rx_task_hndl                        
20023fac  g_rx_tx_sync_obj                      
20023fb0  g_wait_secs                           
20023fb4  mqtt_lib_lockobj                      
20023fc4  g_usConnectIndex                      
20023fc6  g_usTimerInts                         
20023fc8  RxIrqCnt                              
20023fc9  g_bDeviceRestartIsRequired            
20023fca  g_ucLED1Pin                           
20023fcb  g_ucLED2Pin                           
20023fcc  g_ucLED3Pin                           
20023fd0  usr_connect_config                    
20024044  debug_printf                          
20024080  pxCurrentTCB                          
200240b4  net                                   
200240dc  Mqtt_Client                           
200240f0  pub_topic_sw2                         
200240f4  pub_topic_sw3                         
200240f8  data_sw2                              
200240fc  data_sw3                              
20024100  app_hndl                              
2002411c  g_pCB                                 
20024120  pPingCallBackFunc                     
20024125  g_multi_srvr_conn                     
20024128  __TI_cleanup_ptr                      
2002412c  __TI_dtors_ptr                        
20024130  __TI_enable_exit_profile_output       
20024140  SecurityParams                        
2002414c  xHigherPriorityTaskWoken              
20024150  xSimpleLinkSpawnQueue                 
20024154  xSimpleLinkSpawnTaskHndl              
20024158  g_uiLED1Port                          
2002415c  g_uiLED2Port                          
20024160  g_uiLED3Port                          
20024164  g_ulStatus                            
20024168  g_ulStaIp                             
2002416c  g_ulGatewayIP                         
20024170  g_SpiFd                               
20024174  g_pHostIntHdl                         
20024178  g_ucDMAEnabled                        
2002417c  _lock                                 
20024180  _unlock                               
20024188  errno                                 
2002418c  main_func_sp                          
2002b000  __stack                               
20030000  __STACK_END                           
ffffffff  __TI_pprof_out_hndl                   
ffffffff  __TI_prof_data_size                   
ffffffff  __TI_prof_data_start                  
ffffffff  __binit__                             
ffffffff  __c_args__                            
ffffffff  binit                                 
UNDEFED   SHT$$INIT_ARRAY$$Base                 
UNDEFED   SHT$$INIT_ARRAY$$Limit                

[550 symbols]
